Archive member included to satisfy reference by file (symbol)

/opt/wonderful/thirdparty/blocksds/core/libs/libnds/lib/libnds9.a(mpu_setup.s.o)
                              /opt/wonderful/thirdparty/blocksds/core/sys/crts/ds_arm9_crt0.o (__libnds_mpu_setup)
/opt/wonderful/thirdparty/blocksds/core/libs/libnds/lib/libnds9.a(cp15.s.o)
                              /opt/wonderful/thirdparty/blocksds/core/libs/libnds/lib/libnds9.a(mpu_setup.s.o) (CP15_CleanAndFlushDCache)
/opt/wonderful/thirdparty/blocksds/core/libs/libnds/lib/libnds9.a(securearea.c.o)
                              /opt/wonderful/thirdparty/blocksds/core/sys/crts/ds_arm9_crt0.o (__secure_area__)
/opt/wonderful/thirdparty/blocksds/core/libs/libnds/lib/libnds9.a(keys.c.o)
                              build/source/main.c.o (scanKeys)
/opt/wonderful/thirdparty/blocksds/core/libs/libnds/lib/libnds9.a(initSystem.c.o)
                              /opt/wonderful/thirdparty/blocksds/core/sys/crts/ds_arm9_crt0.o (initSystem)
/opt/wonderful/thirdparty/blocksds/core/libs/libnds/lib/libnds9.a(crt0_argv.c.o)
                              /opt/wonderful/thirdparty/blocksds/core/sys/crts/ds_arm9_crt0.o (build_argv)
/opt/wonderful/thirdparty/blocksds/core/libs/libnds/lib/libnds9.a(fifosystem.c.o)
                              /opt/wonderful/thirdparty/blocksds/core/libs/libnds/lib/libnds9.a(initSystem.c.o) (fifoSetValue32Handler)
/opt/wonderful/thirdparty/blocksds/core/libs/libnds/lib/libnds9.a(interrupts.c.o)
                              build/source/main.c.o (irqSet)
/opt/wonderful/thirdparty/blocksds/core/libs/libnds/lib/libnds9.a(exit.c.o)
                              /opt/wonderful/thirdparty/blocksds/core/sys/crts/ds_arm9_crt0.o (__libnds_exit)
/opt/wonderful/thirdparty/blocksds/core/libs/libnds/lib/libnds9.a(sbrk.c.o)
                              /opt/wonderful/thirdparty/blocksds/core/sys/crts/ds_arm9_crt0.o (fake_heap_start)
/opt/wonderful/thirdparty/blocksds/core/libs/libnds/lib/libnds9.a(threads.c.o)
                              /opt/wonderful/thirdparty/blocksds/core/libs/libnds/lib/libnds9.a(fifosystem.c.o) (cothread_yield)
/opt/wonderful/thirdparty/blocksds/core/libs/libnds/lib/libnds9.a(IntrWait.s.o)
                              /opt/wonderful/thirdparty/blocksds/core/libs/libnds/lib/libnds9.a(fifosystem.c.o) (swiIntrWait)
/opt/wonderful/thirdparty/blocksds/core/libs/libnds/lib/libnds9.a(cpu_clock.s.o)
                              /opt/wonderful/thirdparty/blocksds/core/libs/libnds/lib/libnds9.a(initSystem.c.o) (setCpuClock)
/opt/wonderful/thirdparty/blocksds/core/libs/libnds/lib/libnds9.a(interruptDispatcher.s.o)
                              /opt/wonderful/thirdparty/blocksds/core/libs/libnds/lib/libnds9.a(interrupts.c.o) (IntrMain)
/opt/wonderful/thirdparty/blocksds/core/libs/libnds/lib/libnds9.a(dma.s.o)
                              /opt/wonderful/thirdparty/blocksds/core/libs/libnds/lib/libnds9.a(initSystem.c.o) (dmaSetParams)
/opt/wonderful/thirdparty/blocksds/core/libs/libnds/lib/libnds9.a(memcpy.s.o)
                              /opt/wonderful/thirdparty/blocksds/core/libs/libnds/lib/libnds9.a(fifosystem.c.o) (memcpy)
/opt/wonderful/thirdparty/blocksds/core/libs/libnds/lib/libnds9.a(coroutine.s.o)
                              /opt/wonderful/thirdparty/blocksds/core/libs/libnds/lib/libnds9.a(threads.c.o) (__ndsabi_coro_resume)
/opt/wonderful/thirdparty/blocksds/core/libs/libnds/lib/libnds9.a(memset.s.o)
                              /opt/wonderful/thirdparty/blocksds/core/libs/libnds/lib/libnds9.a(threads.c.o) (memset)
/opt/wonderful/thirdparty/blocksds/core/libs/libnds/lib/libnds9.a(aeabi_read_tp.s.o)
                              /opt/wonderful/thirdparty/blocksds/core/libs/libnds/lib/libnds9.a(sbrk.c.o) (__aeabi_read_tp)
/opt/wonderful/thirdparty/blocksds/core/libs/libnds/lib/libnds9.a(video.c.o)
                              /opt/wonderful/thirdparty/blocksds/core/libs/libnds/lib/libnds9.a(initSystem.c.o) (vramDefault)
/opt/wonderful/thirdparty/blocksds/core/libs/libnds/lib/libnds9.a(system.c.o)
                              /opt/wonderful/thirdparty/blocksds/core/libs/libnds/lib/libnds9.a(initSystem.c.o) (systemValueHandler)
/opt/wonderful/thirdparty/blocksds/core/libs/libnds/lib/libnds9.a(coroutine.c.o)
                              /opt/wonderful/thirdparty/blocksds/core/libs/libnds/lib/libnds9.a(threads.c.o) (__ndsabi_coro_make_noctx)
/opt/wonderful/thirdparty/blocksds/external/nitro-engine/lib/libNE.a(NEGeneral.c.o)
                              build/source/main.c.o (NE_Init3D)
/opt/wonderful/thirdparty/blocksds/external/nitro-engine/lib/libNE.a(NEDisplayList.c.o)
                              /opt/wonderful/thirdparty/blocksds/external/nitro-engine/lib/libNE.a(NEGeneral.c.o) (NE_DisplayListSetDefaultFunction)
/opt/wonderful/thirdparty/blocksds/external/nitro-engine/lib/libNE.a(NEModel.c.o)
[...]
Memory Configuration

Name             Origin             Length             Attributes
ewram            0x02000000         0x00380000
dtcm             0x02ff0000         0x00004000
vectors          0x01000000         0x00000100
itcm             0x01000100         0x00007f00
*default*        0x00000000         0xffffffff

Linker script and memory map

                0x02380000                        __ewram_end = (ORIGIN (ewram) + LENGTH (ewram))
                0x02380000                        __eheap_end = (ORIGIN (ewram) + LENGTH (ewram))
                0x02ff4000                        __dtcm_top = (ORIGIN (dtcm) + LENGTH (dtcm))
                0x02ff3ff8                        __irq_flags = (__dtcm_top - 0x8)
                0x02ff3ffc                        __irq_vector = (__dtcm_top - 0x4)
                0x02ff3f00                        __sp_svc = (__dtcm_top - 0x100)
                0x02ff3e00                        __sp_irq = (__sp_svc - 0x100)
                0x02ff3d00                        __sp_usr = (__sp_irq - 0x100)

.secure         0x02000000      0x800
 *(.secure)
 .secure        0x02000000      0x800 /opt/wonderful/thirdparty/blocksds/core/libs/libnds/lib/libnds9.a(securearea.c.o)
                0x02000000                __secure_area__

.crt0           0x02000800      0x308
                0x02000800                        __text_start = .
 *(.crt0)
 .crt0          0x02000800      0x308 /opt/wonderful/thirdparty/blocksds/core/sys/crts/ds_arm9_crt0.o
                0x02000800                _start
                0x02000b08                        . = ALIGN (0x4)
                0x00004000                        PROVIDE (__dldi_size = 0x4000)
                0x0000000e                        __dldi_log2_size = (LOG2CEIL ((__dldi_size + 0x1)) - 0x1)

.dldi           0x02000b08        0x0
                0x02000b08                        __dldi_start = .
 *(.dldi)
                0x02000b08                        . = ALIGN (0x4)
                0x02000b08                        __dldi_data_end = .
                0x02000b08                        __dldi_end = (__dldi_data_end > __dldi_start)?(__dldi_start + __dldi_size):__dldi_start
                0x02000b08                        . = __dldi_end
                0x02000b08                        . = ALIGN (0x4)

.plt
 *(.plt)

.init           0x02000b08        0x8
 *(SORT_NONE(.init))
 .init          0x02000b08        0x8 /opt/wonderful/toolchain/gcc-arm-none-eabi/lib/gcc/arm-none-eabi/13.2.0/thumb/arm946e-s/crtn.o

.text           0x02000b10     0x6af8
 *(EXCLUDE_FILE(*.twl* *.vectors* *.itcm*) .text)
 .text          0x02000b10       0x14 /opt/wonderful/toolchain/gcc-arm-none-eabi/lib/gcc/arm-none-eabi/13.2.0/thumb/arm946e-s/libgcc.a(_thumb1_case_uqi.o)
                0x02000b10                __gnu_thumb1_case_uqi
 .text          0x02000b24      0x214 /opt/wonderful/toolchain/gcc-arm-none-eabi/lib/gcc/arm-none-eabi/13.2.0/thumb/arm946e-s/libgcc.a(_udivsi3.o)
                0x02000b24                __udivsi3
                0x02000b24                __aeabi_uidiv
                0x02000d18                __aeabi_uidivmod
 .text          0x02000d38      0x248 /opt/wonderful/toolchain/gcc-arm-none-eabi/lib/gcc/arm-none-eabi/13.2.0/thumb/arm946e-s/libgcc.a(_divsi3.o)
                0x02000d38                __aeabi_idiv
                0x02000d38                __divsi3
                0x02000f60                __aeabi_idivmod
 .text          0x02000f80        0x4 /opt/wonderful/toolchain/gcc-arm-none-eabi/lib/gcc/arm-none-eabi/13.2.0/thumb/arm946e-s/libgcc.a(_dvmd_tls.o)
                0x02000f80                __aeabi_ldiv0
                0x02000f80                __aeabi_idiv0
 .text          0x02000f84       0x18 /opt/wonderful/toolchain/gcc-arm-none-eabi/lib/gcc/arm-none-eabi/13.2.0/thumb/arm946e-s/libgcc.a(_lshrdi3.o)
                0x02000f84                __aeabi_llsr
                0x02000f84                __lshrdi3
 .text          0x02000f9c       0x18 /opt/wonderful/toolchain/gcc-arm-none-eabi/lib/gcc/arm-none-eabi/13.2.0/thumb/arm946e-s/libgcc.a(_ashldi3.o)
                0x02000f9c                __ashldi3
                0x02000f9c                __aeabi_llsl
 .text          0x02000fb4      0x3c0 /opt/wonderful/toolchain/gcc-arm-none-eabi/lib/gcc/arm-none-eabi/13.2.0/thumb/arm946e-s/libgcc.a(_arm_addsubdf3.o)
                0x02000fb4                __aeabi_drsub
                0x02000fbc                __subdf3
                0x02000fbc                __aeabi_dsub
                0x02000fc0                __adddf3
                0x02000fc0                __aeabi_dadd
                0x0200126c                __aeabi_ui2d
                0x0200126c                __floatunsidf
                0x02001290                __floatsidf
                0x02001290                __aeabi_i2d
                0x020012b8                __extendsfdf2
                0x020012b8                __aeabi_f2d
                0x02001300                __aeabi_ul2d
                0x02001300                __floatundidf
                0x02001314                __aeabi_l2d
                0x02001314                __floatdidf
 .text          0x02001374       0xa0 /opt/wonderful/toolchain/gcc-arm-none-eabi/lib/gcc/arm-none-eabi/13.2.0/thumb/arm946e-s/libgcc.a(_arm_truncdfsf2.o)
                0x02001374                __aeabi_d2f
                0x02001374                __truncdfsf2
 .text          0x02001414        0x8 /opt/wonderful/toolchain/gcc-arm-none-eabi/lib/gcc/arm-none-eabi/13.2.0/thumb/arm946e-s/libgcc.a(_clzsi2.o)
                0x02001414                __clzsi2
 .text          0x0200141c       0x14 /opt/wonderful/toolchain/gcc-arm-none-eabi/lib/gcc/arm-none-eabi/13.2.0/thumb/arm946e-s/libgcc.a(_clzdi2.o)
                0x0200141c                __clzdi2
 .text          0x02001430       0x60 /opt/wonderful/toolchain/gcc-arm-none-eabi/lib/gcc/arm-none-eabi/13.2.0/thumb/arm946e-s/libgcc.a(_muldi3.o)
                0x02001430                __aeabi_lmul
                0x02001430                __muldi3
 *(EXCLUDE_FILE(*.twl* *.vectors* *.itcm*) .stub)
 *(EXCLUDE_FILE(*.twl* *.vectors* *.itcm*) .text.*)
 .text.Draw3DScene
                0x02001490        0x4 build/source/main.c.o
                0x02001490                Draw3DScene
 .text.startup.main
                0x02001494       0x40 build/source/main.c.o
                0x02001494                main
 .text.__libnds_mpu_setup
                0x020014d4      0x168 /opt/wonderful/thirdparty/blocksds/core/libs/libnds/lib/libnds9.a(mpu_setup.s.o)
                0x020014d4                __libnds_mpu_setup
 .text.memUncached
                0x0200163c       0x20 /opt/wonderful/thirdparty/blocksds/core/libs/libnds/lib/libnds9.a(mpu_setup.s.o)
                0x0200163c                memUncached
 .text.scanKeys
                0x0200165c       0xb0 /opt/wonderful/thirdparty/blocksds/core/libs/libnds/lib/libnds9.a(keys.c.o)
                0x0200165c                scanKeys
 .text.keysHeld
                0x0200170c        0xc /opt/wonderful/thirdparty/blocksds/core/libs/libnds/lib/libnds9.a(keys.c.o)
                0x0200170c                keysHeld
 .text.keysDown
                0x02001718       0x14 /opt/wonderful/thirdparty/blocksds/core/libs/libnds/lib/libnds9.a(keys.c.o)
                0x02001718                keysDown
 .text.keysUp   0x0200172c       0x18 /opt/wonderful/thirdparty/blocksds/core/libs/libnds/lib/libnds9.a(keys.c.o)
                0x0200172c                keysUp
 .text.initSystem
                0x02001744      0x1a8 /opt/wonderful/thirdparty/blocksds/core/libs/libnds/lib/libnds9.a(initSystem.c.o)
                0x02001744                initSystem
 .text.build_argv
                0x020018ec       0x58 /opt/wonderful/thirdparty/blocksds/core/libs/libnds/lib/libnds9.a(crt0_argv.c.o)
                0x020018ec                build_argv
 .text.fifo_buffer_enqueue_block
                0x02001944       0x44 /opt/wonderful/thirdparty/blocksds/core/libs/libnds/lib/libnds9.a(fifosystem.c.o)
 .text.fifo_buffer_wait_block
                0x02001988       0x80 /opt/wonderful/thirdparty/blocksds/core/libs/libnds/lib/libnds9.a(fifosystem.c.o)
 .text.fifoInternalSend.part.0
                0x02001a08       0xcc /opt/wonderful/thirdparty/blocksds/core/libs/libnds/lib/libnds9.a(fifosystem.c.o)
 .text.fifoInternalSendInterrupt
                0x02001ad4       0xb0 /opt/wonderful/thirdparty/blocksds/core/libs/libnds/lib/libnds9.a(fifosystem.c.o)
 .text.fifoSetValue32Handler
                0x02001b84       0xd4 /opt/wonderful/thirdparty/blocksds/core/libs/libnds/lib/libnds9.a(fifosystem.c.o)
                0x02001b84                fifoSetValue32Handler
 .text.fifoSendValue32
                0x02001c58       0x50 /opt/wonderful/thirdparty/blocksds/core/libs/libnds/lib/libnds9.a(fifosystem.c.o)
                0x02001c58                fifoSendValue32
 .text.fifoGetDatamsg
                0x02001ca8       0xe8 /opt/wonderful/thirdparty/blocksds/core/libs/libnds/lib/libnds9.a(fifosystem.c.o)
                0x02001ca8                fifoGetDatamsg
 .text.fifoInternalRecvInterrupt
                0x02001d90      0x310 /opt/wonderful/thirdparty/blocksds/core/libs/libnds/lib/libnds9.a(fifosystem.c.o)
 .text.fifoSetDatamsgHandler
                0x020020a0       0x9c /opt/wonderful/thirdparty/blocksds/core/libs/libnds/lib/libnds9.a(fifosystem.c.o)
                0x020020a0                fifoSetDatamsgHandler
 .text.fifoInit
                0x0200213c      0x114 /opt/wonderful/thirdparty/blocksds/core/libs/libnds/lib/libnds9.a(fifosystem.c.o)
                0x0200213c                fifoInit
 .text.irqDummy
                0x02002250        0x4 /opt/wonderful/thirdparty/blocksds/core/libs/libnds/lib/libnds9.a(interrupts.c.o)
                0x02002250                irqDummy
 .text.irqSet   0x02002254       0x78 /opt/wonderful/thirdparty/blocksds/core/libs/libnds/lib/libnds9.a(interrupts.c.o)
                0x02002254                irqSet
 .text.irqInit  0x020022cc       0x50 /opt/wonderful/thirdparty/blocksds/core/libs/libnds/lib/libnds9.a(interrupts.c.o)
                0x020022cc                irqInit
 .text.irqEnable
                0x0200231c       0x64 /opt/wonderful/thirdparty/blocksds/core/libs/libnds/lib/libnds9.a(interrupts.c.o)
                0x0200231c                irqEnable
 .text.systemErrorExit
                0x02002380        0x4 /opt/wonderful/thirdparty/blocksds/core/libs/libnds/lib/libnds9.a(exit.c.o)
                0x02002380                systemErrorExit
 .text.__libnds_exit
                0x02002384        0x8 /opt/wonderful/thirdparty/blocksds/core/libs/libnds/lib/libnds9.a(exit.c.o)
                0x02002384                __libnds_exit
 .text._exit    0x0200238c       0x78 /opt/wonderful/thirdparty/blocksds/core/libs/libnds/lib/libnds9.a(exit.c.o)
                0x0200238c                _exit
 .text.sbrk     0x02002404       0x5c /opt/wonderful/thirdparty/blocksds/core/libs/libnds/lib/libnds9.a(sbrk.c.o)
                0x02002404                sbrk
 .text.cothread_delete_internal
                0x02002460       0x3c /opt/wonderful/thirdparty/blocksds/core/libs/libnds/lib/libnds9.a(threads.c.o)
 .text.cothread_main
                0x0200249c       0x10 /opt/wonderful/thirdparty/blocksds/core/libs/libnds/lib/libnds9.a(threads.c.o)
                0x0200249c                cothread_main
 .text.cothread_start
                0x020024ac       0xe8 /opt/wonderful/thirdparty/blocksds/core/libs/libnds/lib/libnds9.a(threads.c.o)
                0x020024ac                cothread_start
 .text.swiWaitForVBlank
                0x02002594        0x8 /opt/wonderful/thirdparty/blocksds/core/libs/libnds/lib/libnds9.a(IntrWait.s.o)
                0x02002594                swiWaitForVBlank
 .text.swiIntrWait
                0x0200259c       0x70 /opt/wonderful/thirdparty/blocksds/core/libs/libnds/lib/libnds9.a(IntrWait.s.o)
                0x0200259c                swiIntrWait
 .text.dmaSetParams
                0x0200260c       0x1c /opt/wonderful/thirdparty/blocksds/core/libs/libnds/lib/libnds9.a(dma.s.o)
                0x0200260c                dmaSetParams
 .text.dmaStopSafe
                0x02002628       0x44 /opt/wonderful/thirdparty/blocksds/core/libs/libnds/lib/libnds9.a(dma.s.o)
                0x02002628                dmaStopSafe
 .text.__aeabi_memcpy
                0x0200266c       0xdc /opt/wonderful/thirdparty/blocksds/core/libs/libnds/lib/libnds9.a(memcpy.s.o)
                0x0200266c                __aeabi_memcpy
                0x020026a4                __aeabi_memcpy4
                0x020026a4                __aeabi_memcpy8
                0x02002710                __ndsabi_memcpy2
                0x02002734                __ndsabi_memcpy1
 .text.memcpy   0x02002748       0x10 /opt/wonderful/thirdparty/blocksds/core/libs/libnds/lib/libnds9.a(memcpy.s.o)
                0x02002748                memcpy
 .text.__ndsabi_coro_resume
                0x02002758       0x18 /opt/wonderful/thirdparty/blocksds/core/libs/libnds/lib/libnds9.a(coroutine.s.o)
                0x02002758                __ndsabi_coro_resume
 .text.__ndsabi_coro_pop_noctx
                0x02002770       0x34 /opt/wonderful/thirdparty/blocksds/core/libs/libnds/lib/libnds9.a(coroutine.s.o)
                0x02002770                __ndsabi_coro_pop_noctx
 .text.__aeabi_memset
                0x020027a4       0x9c /opt/wonderful/thirdparty/blocksds/core/libs/libnds/lib/libnds9.a(memset.s.o)
                0x020027a4                __aeabi_memset
                0x020027c8                __aeabi_memset8
                0x020027c8                __aeabi_memset4
                0x020027d4                __ndsabi_wordset4
                0x020027d8                __ndsabi_lwordset4
 .text.__ndsabi_memset1
                0x02002840       0x10 /opt/wonderful/thirdparty/blocksds/core/libs/libnds/lib/libnds9.a(memset.s.o)
                0x02002840                __ndsabi_memset1
 .text.memset   0x02002850       0x1c /opt/wonderful/thirdparty/blocksds/core/libs/libnds/lib/libnds9.a(memset.s.o)
                0x02002850                memset
 .text.__aeabi_read_tp
                0x0200286c        0xc /opt/wonderful/thirdparty/blocksds/core/libs/libnds/lib/libnds9.a(aeabi_read_tp.s.o)
                0x0200286c                __aeabi_read_tp
 .text.vramDefault
                0x02002878       0xc8 /opt/wonderful/thirdparty/blocksds/core/libs/libnds/lib/libnds9.a(video.c.o)
                0x02002878                vramDefault
 .text.systemValueHandler
                0x02002940       0x44 /opt/wonderful/thirdparty/blocksds/core/libs/libnds/lib/libnds9.a(system.c.o)
                0x02002940                systemValueHandler
 .text.systemMsgHandler
                0x02002984       0x78 /opt/wonderful/thirdparty/blocksds/core/libs/libnds/lib/libnds9.a(system.c.o)
                0x02002984                systemMsgHandler
 .text.powerOn  0x020029fc       0x2c /opt/wonderful/thirdparty/blocksds/core/libs/libnds/lib/libnds9.a(system.c.o)
                0x020029fc                powerOn
 .text.powerOff
                0x02002a28       0x28 /opt/wonderful/thirdparty/blocksds/core/libs/libnds/lib/libnds9.a(system.c.o)
                0x02002a28                powerOff
 .text.__ndsabi_coro_make_noctx
                0x02002a50       0x24 /opt/wonderful/thirdparty/blocksds/core/libs/libnds/lib/libnds9.a(coroutine.c.o)
                0x02002a50                __ndsabi_coro_make_noctx
 .text.glFrustumf32
                0x02002a74      0x160 /opt/wonderful/thirdparty/blocksds/external/nitro-engine/lib/libNE.a(NEGeneral.c.o)
 .text.ne_systems_reset_all
                0x02002bd4       0x84 /opt/wonderful/thirdparty/blocksds/external/nitro-engine/lib/libNE.a(NEGeneral.c.o)
 .text.NE_End.part.0
                0x02002c58      0x130 /opt/wonderful/thirdparty/blocksds/external/nitro-engine/lib/libNE.a(NEGeneral.c.o)
 .text.NE_CurrentExecutionMode
                0x02002d88        0xc /opt/wonderful/thirdparty/blocksds/external/nitro-engine/lib/libNE.a(NEGeneral.c.o)
                0x02002d88                NE_CurrentExecutionMode
 .text.NE_Viewport
                0x02002d94      0x114 /opt/wonderful/thirdparty/blocksds/external/nitro-engine/lib/libNE.a(NEGeneral.c.o)
                0x02002d94                NE_Viewport
 .text.ne_init_registers
                0x02002ea8      0x1a8 /opt/wonderful/thirdparty/blocksds/external/nitro-engine/lib/libNE.a(NEGeneral.c.o)
 .text.NE_Init3D
                0x02003050       0x5c /opt/wonderful/thirdparty/blocksds/external/nitro-engine/lib/libNE.a(NEGeneral.c.o)
                0x02003050                NE_Init3D
 .text.NE_InitConsole
                0x020030ac       0xd0 /opt/wonderful/thirdparty/blocksds/external/nitro-engine/lib/libNE.a(NEGeneral.c.o)
                0x020030ac                NE_InitConsole
 .text.NE_Process
                0x0200317c      0x148 /opt/wonderful/thirdparty/blocksds/external/nitro-engine/lib/libNE.a(NEGeneral.c.o)
                0x0200317c                NE_Process
 .text.NE_VBLFunc
                0x020032c4       0xa0 /opt/wonderful/thirdparty/blocksds/external/nitro-engine/lib/libNE.a(NEGeneral.c.o)
                0x020032c4                NE_VBLFunc
 .text.NE_HBLFunc
                0x02003364       0xb0 /opt/wonderful/thirdparty/blocksds/external/nitro-engine/lib/libNE.a(NEGeneral.c.o)
                0x02003364                NE_HBLFunc
 .text.NE_WaitForVBL
                0x02003414       0x84 /opt/wonderful/thirdparty/blocksds/external/nitro-engine/lib/libNE.a(NEGeneral.c.o)
                0x02003414                NE_WaitForVBL
 .text.NE_DisplayListDrawCPU
                0x02003498       0x18 /opt/wonderful/thirdparty/blocksds/external/nitro-engine/lib/libNE.a(NEDisplayList.c.o)
                0x02003498                NE_DisplayListDrawCPU
 .text.NE_DisplayListDrawDMA_GFX_FIFO
                0x020034b0       0x60 /opt/wonderful/thirdparty/blocksds/external/nitro-engine/lib/libNE.a(NEDisplayList.c.o)
                0x020034b0                NE_DisplayListDrawDMA_GFX_FIFO
 .text.NE_DisplayListSetDefaultFunction
                0x02003510       0x1c /opt/wonderful/thirdparty/blocksds/external/nitro-engine/lib/libNE.a(NEDisplayList.c.o)
                0x02003510                NE_DisplayListSetDefaultFunction
 .text.NE_ModelDelete.part.0
                0x0200352c       0x7c /opt/wonderful/thirdparty/blocksds/external/nitro-engine/lib/libNE.a(NEModel.c.o)
 .text.NE_ModelAnimateAll
                0x020035a8       0xa0 /opt/wonderful/thirdparty/blocksds/external/nitro-engine/lib/libNE.a(NEModel.c.o)
                0x020035a8                NE_ModelAnimateAll
 .text.NE_ModelSystemReset
                0x02003648       0xbc /opt/wonderful/thirdparty/blocksds/external/nitro-engine/lib/libNE.a(NEModel.c.o)
                0x02003648                NE_ModelSystemReset
 .text.NE_ModelSystemEnd
                0x02003704       0x50 /opt/wonderful/thirdparty/blocksds/external/nitro-engine/lib/libNE.a(NEModel.c.o)
                0x02003704                NE_ModelSystemEnd
 .text.NE_ResetRadioButtonGroup
                0x02003754       0x3c /opt/wonderful/thirdparty/blocksds/external/nitro-engine/lib/libNE.a(NEGUI.c.o)
 .text.NE_GUIDeleteAll.part.0
                0x02003790       0x38 /opt/wonderful/thirdparty/blocksds/external/nitro-engine/lib/libNE.a(NEGUI.c.o)
 .text.NE_GUIUpdate
                0x020037c8      0x59c /opt/wonderful/thirdparty/blocksds/external/nitro-engine/lib/libNE.a(NEGUI.c.o)
                0x020037c8                NE_GUIUpdate
 .text.NE_GUISystemReset
                0x02003d64       0x54 /opt/wonderful/thirdparty/blocksds/external/nitro-engine/lib/libNE.a(NEGUI.c.o)
                0x02003d64                NE_GUISystemReset
 .text.NE_GUISystemEnd
                0x02003db8       0x24 /opt/wonderful/thirdparty/blocksds/external/nitro-engine/lib/libNE.a(NEGUI.c.o)
                0x02003db8                NE_GUISystemEnd
 .text.NE_AnimationDelete.part.0
                0x02003ddc       0x44 /opt/wonderful/thirdparty/blocksds/external/nitro-engine/lib/libNE.a(NEAnimation.c.o)
 .text.NE_AnimationSystemReset
                0x02003e20       0x90 /opt/wonderful/thirdparty/blocksds/external/nitro-engine/lib/libNE.a(NEAnimation.c.o)
                0x02003e20                NE_AnimationSystemReset
 .text.NE_AnimationSystemEnd
                0x02003eb0       0x44 /opt/wonderful/thirdparty/blocksds/external/nitro-engine/lib/libNE.a(NEAnimation.c.o)
                0x02003eb0                NE_AnimationSystemEnd
 .text.NE_LightOff
                0x02003ef4       0x14 /opt/wonderful/thirdparty/blocksds/external/nitro-engine/lib/libNE.a(NEPolygon.c.o)
                0x02003ef4                NE_LightOff
 .text.NE_ShininessTableGenerate
                0x02003f08       0xa4 /opt/wonderful/thirdparty/blocksds/external/nitro-engine/lib/libNE.a(NEPolygon.c.o)
                0x02003f08                NE_ShininessTableGenerate
 .text.NE_PolyFormat
                0x02003fac       0x1c /opt/wonderful/thirdparty/blocksds/external/nitro-engine/lib/libNE.a(NEPolygon.c.o)
                0x02003fac                NE_PolyFormat
 .text.NE_OutliningSetColor
                0x02003fc8       0x14 /opt/wonderful/thirdparty/blocksds/external/nitro-engine/lib/libNE.a(NEPolygon.c.o)
                0x02003fc8                NE_OutliningSetColor
 .text.NE_FogEnableBackground
                0x02003fdc       0x28 /opt/wonderful/thirdparty/blocksds/external/nitro-engine/lib/libNE.a(NEPolygon.c.o)
                0x02003fdc                NE_FogEnableBackground
 .text.NE_ClearColorSet
                0x02004004       0x38 /opt/wonderful/thirdparty/blocksds/external/nitro-engine/lib/libNE.a(NEPolygon.c.o)
                0x02004004                NE_ClearColorSet
 .text.NE_ClearBMPEnable
                0x0200403c       0x50 /opt/wonderful/thirdparty/blocksds/external/nitro-engine/lib/libNE.a(NEPolygon.c.o)
                0x0200403c                NE_ClearBMPEnable
 .text.NE_TextureSystemEnd.part.0
                0x0200408c       0x5c /opt/wonderful/thirdparty/blocksds/external/nitro-engine/lib/libNE.a(NETexture.c.o)
 .text.NE_TextureSystemReset
                0x020040e8      0x1c4 /opt/wonderful/thirdparty/blocksds/external/nitro-engine/lib/libNE.a(NETexture.c.o)
                0x020040e8                NE_TextureSystemReset
 .text.NE_TextureSystemEnd
                0x020042ac       0x14 /opt/wonderful/thirdparty/blocksds/external/nitro-engine/lib/libNE.a(NETexture.c.o)
                0x020042ac                NE_TextureSystemEnd
 .text.NE_MaterialSetDefaultPropierties
                0x020042c0       0x40 /opt/wonderful/thirdparty/blocksds/external/nitro-engine/lib/libNE.a(NETexture.c.o)
                0x020042c0                NE_MaterialSetDefaultPropierties
 .text.NE_SpriteDeleteAll.part.0
                0x02004300       0x5c /opt/wonderful/thirdparty/blocksds/external/nitro-engine/lib/libNE.a(NE2D.c.o)
 .text.NE_SpriteSystemReset
                0x0200435c       0x54 /opt/wonderful/thirdparty/blocksds/external/nitro-engine/lib/libNE.a(NE2D.c.o)
                0x0200435c                NE_SpriteSystemReset
 .text.NE_SpriteSystemEnd
                0x020043b0       0x24 /opt/wonderful/thirdparty/blocksds/external/nitro-engine/lib/libNE.a(NE2D.c.o)
                0x020043b0                NE_SpriteSystemEnd
 .text.NE_TextPriorityReset
                0x020043d4        0xc /opt/wonderful/thirdparty/blocksds/external/nitro-engine/lib/libNE.a(NEText.c.o)
                0x020043d4                NE_TextPriorityReset
 .text.NE_TextResetSystem
                0x020043e0       0x1c /opt/wonderful/thirdparty/blocksds/external/nitro-engine/lib/libNE.a(NEText.c.o)
                0x020043e0                NE_TextResetSystem
 .text.NE_CameraSystemEnd.part.0
                0x020043fc       0x68 /opt/wonderful/thirdparty/blocksds/external/nitro-engine/lib/libNE.a(NECamera.c.o)
 .text.NE_CameraSystemReset
                0x02004464       0x48 /opt/wonderful/thirdparty/blocksds/external/nitro-engine/lib/libNE.a(NECamera.c.o)
                0x02004464                NE_CameraSystemReset
 .text.NE_CameraSystemEnd
                0x020044ac       0x14 /opt/wonderful/thirdparty/blocksds/external/nitro-engine/lib/libNE.a(NECamera.c.o)
                0x020044ac                NE_CameraSystemEnd
 .text.NE_PhysicsUpdate.part.0
                0x020044c0      0x484 /opt/wonderful/thirdparty/blocksds/external/nitro-engine/lib/libNE.a(NEPhysics.c.o)
 .text.NE_PhysicsDeleteAll.part.0
                0x02004944       0x5c /opt/wonderful/thirdparty/blocksds/external/nitro-engine/lib/libNE.a(NEPhysics.c.o)
 .text.NE_PhysicsSystemReset
                0x020049a0       0x54 /opt/wonderful/thirdparty/blocksds/external/nitro-engine/lib/libNE.a(NEPhysics.c.o)
                0x020049a0                NE_PhysicsSystemReset
 .text.NE_PhysicsSystemEnd
                0x020049f4       0x24 /opt/wonderful/thirdparty/blocksds/external/nitro-engine/lib/libNE.a(NEPhysics.c.o)
                0x020049f4                NE_PhysicsSystemEnd
 .text.NE_PhysicsUpdateAll
                0x02004a18       0x40 /opt/wonderful/thirdparty/blocksds/external/nitro-engine/lib/libNE.a(NEPhysics.c.o)
                0x02004a18                NE_PhysicsUpdateAll
 .text.NE_Free.part.0
                0x02004a58       0x84 /opt/wonderful/thirdparty/blocksds/external/nitro-engine/lib/libNE.a(NEAlloc.c.o)
 .text.NE_AllocInit
                0x02004adc       0x44 /opt/wonderful/thirdparty/blocksds/external/nitro-engine/lib/libNE.a(NEAlloc.c.o)
                0x02004adc                NE_AllocInit
 .text.NE_AllocEnd
                0x02004b20       0x28 /opt/wonderful/thirdparty/blocksds/external/nitro-engine/lib/libNE.a(NEAlloc.c.o)
                0x02004b20                NE_AllocEnd
 .text.NE_AllocAddress
                0x02004b48       0xf4 /opt/wonderful/thirdparty/blocksds/external/nitro-engine/lib/libNE.a(NEAlloc.c.o)
                0x02004b48                NE_AllocAddress
 .text.NE_Lock  0x02004c3c       0x30 /opt/wonderful/thirdparty/blocksds/external/nitro-engine/lib/libNE.a(NEAlloc.c.o)
                0x02004c3c                NE_Lock
 .text.NE_PaletteSystemEnd.part.0
                0x02004c6c       0x54 /opt/wonderful/thirdparty/blocksds/external/nitro-engine/lib/libNE.a(NEPalette.c.o)
 .text.NE_PaletteSystemReset
                0x02004cc0       0x88 /opt/wonderful/thirdparty/blocksds/external/nitro-engine/lib/libNE.a(NEPalette.c.o)
                0x02004cc0                NE_PaletteSystemReset
 .text.NE_PaletteSystemEnd
                0x02004d48       0x14 /opt/wonderful/thirdparty/blocksds/external/nitro-engine/lib/libNE.a(NEPalette.c.o)
                0x02004d48                NE_PaletteSystemEnd
 .text.calloc   0x02004d5c       0xb4 /opt/wonderful/toolchain/gcc-arm-none-eabi/lib/gcc/arm-none-eabi/13.2.0/../../../../arm-none-eabi/lib/thumb/arm946e-s/libc.a(malloc-calloc.c.o)
                0x02004d5c                calloc
 .text.malloc_trim
                0x02004e10       0x9c /opt/wonderful/toolchain/gcc-arm-none-eabi/lib/gcc/arm-none-eabi/13.2.0/../../../../arm-none-eabi/lib/thumb/arm946e-s/libc.a(malloc-free.c.o)
                0x02004e10                malloc_trim
 .text.free     0x02004eac      0x164 /opt/wonderful/toolchain/gcc-arm-none-eabi/lib/gcc/arm-none-eabi/13.2.0/../../../../arm-none-eabi/lib/thumb/arm946e-s/libc.a(malloc-free.c.o)
                0x02004eac                __malloc_free
                0x02004eac                free
 .text.malloc   0x02005010      0x430 /opt/wonderful/toolchain/gcc-arm-none-eabi/lib/gcc/arm-none-eabi/13.2.0/../../../../arm-none-eabi/lib/thumb/arm946e-s/libc.a(malloc-malloc.c.o)
                0x02005010                malloc
 .text.__libc_init_array
                0x02005440       0x54 /opt/wonderful/toolchain/gcc-arm-none-eabi/lib/gcc/arm-none-eabi/13.2.0/../../../../arm-none-eabi/lib/thumb/arm946e-s/libc.a(libc_misc_init.c.o)
                0x02005440                __libc_init_array
 .text.__retarget_lock_acquire_recursive
                0x02005494        0x2 /opt/wonderful/toolchain/gcc-arm-none-eabi/lib/gcc/arm-none-eabi/13.2.0/../../../../arm-none-eabi/lib/thumb/arm946e-s/libc.a(libc_misc_lock.c.o)
                0x02005494                __retarget_lock_acquire_recursive
 .text.__retarget_lock_release_recursive
                0x02005496        0x2 /opt/wonderful/toolchain/gcc-arm-none-eabi/lib/gcc/arm-none-eabi/13.2.0/../../../../arm-none-eabi/lib/thumb/arm946e-s/libc.a(libc_misc_lock.c.o)
                0x02005496                __retarget_lock_release_recursive
 .text.rand     0x02005498        0x8 /opt/wonderful/toolchain/gcc-arm-none-eabi/lib/gcc/arm-none-eabi/13.2.0/../../../../arm-none-eabi/lib/thumb/arm946e-s/libc.a(libc_stdlib_rand.c.o)
                0x02005498                rand
 .text.random   0x020054a0       0x34 /opt/wonderful/toolchain/gcc-arm-none-eabi/lib/gcc/arm-none-eabi/13.2.0/../../../../arm-none-eabi/lib/thumb/arm946e-s/libc.a(libc_stdlib_random.c.o)
                0x020054a0                random
 .text.exit     0x020054d4       0x20 /opt/wonderful/toolchain/gcc-arm-none-eabi/lib/gcc/arm-none-eabi/13.2.0/../../../../arm-none-eabi/lib/thumb/arm946e-s/libc.a(libc_stdlib_pico-exit.c.o)
                0x020054d4                exit
 .text.__picolibc_non_atomic_exchange_ungetc
                0x020054f4        0x8 /opt/wonderful/toolchain/gcc-arm-none-eabi/lib/gcc/arm-none-eabi/13.2.0/../../../../arm-none-eabi/lib/thumb/arm946e-s/libc.a(libc_tinystdio_exchange.c.o)
                0x020054f4                __atomic_exchange_ungetc
                0x020054f4                __picolibc_non_atomic_exchange_ungetc
 .text.__libc_fini_array
                0x020054fc       0x30 /opt/wonderful/toolchain/gcc-arm-none-eabi/lib/gcc/arm-none-eabi/13.2.0/../../../../arm-none-eabi/lib/thumb/arm946e-s/libc.a(libc_misc_fini.c.o)
                0x020054fc                __libc_fini_array
 .text.fflush   0x0200552c       0x12 /opt/wonderful/toolchain/gcc-arm-none-eabi/lib/gcc/arm-none-eabi/13.2.0/../../../../arm-none-eabi/lib/thumb/arm946e-s/libc.a(libc_tinystdio_fflush.c.o)
                0x0200552c                fflush
 .text.fgetc    0x0200553e       0x40 /opt/wonderful/toolchain/gcc-arm-none-eabi/lib/gcc/arm-none-eabi/13.2.0/../../../../arm-none-eabi/lib/thumb/arm946e-s/libc.a(libc_tinystdio_fgetc.c.o)
                0x0200553e                getc
                0x0200553e                fgetc
 *fill*         0x0200557e        0x2 ff
 .text.touchRead
                0x02005580       0x3c /opt/wonderful/thirdparty/blocksds/core/libs/libnds/lib/libnds9.a(touch.c.o)
                0x02005580                touchRead
 .text.newRow   0x020055bc       0xdc /opt/wonderful/thirdparty/blocksds/core/libs/libnds/lib/libnds9.a(console.c.o)
 .text.consolePrintChar
                0x02005698       0xe0 /opt/wonderful/thirdparty/blocksds/core/libs/libnds/lib/libnds9.a(console.c.o)
                0x02005698                consolePrintChar
 .text.con_write
                0x02005778      0x344 /opt/wonderful/thirdparty/blocksds/core/libs/libnds/lib/libnds9.a(console.c.o)
 .text.consoleLoadFont
                0x02005abc      0x374 /opt/wonderful/thirdparty/blocksds/core/libs/libnds/lib/libnds9.a(console.c.o)
                0x02005abc                consoleLoadFont
 .text.consoleInit
                0x02005e30      0x194 /opt/wonderful/thirdparty/blocksds/core/libs/libnds/lib/libnds9.a(console.c.o)
                0x02005e30                consoleInit
 .text.sinLutLookup
                0x02005fc4       0x4c /opt/wonderful/thirdparty/blocksds/core/libs/libnds/lib/libnds9.a(trig.c.o)
                0x02005fc4                sinLutLookup
 .text.sinLerp  0x02006010       0x38 /opt/wonderful/thirdparty/blocksds/core/libs/libnds/lib/libnds9.a(trig.c.o)
                0x02006010                sinLerp
 .text.cosLerp  0x02006048       0x48 /opt/wonderful/thirdparty/blocksds/core/libs/libnds/lib/libnds9.a(trig.c.o)
                0x02006048                cosLerp
 .text.tanLerp  0x02006090       0xa8 /opt/wonderful/thirdparty/blocksds/core/libs/libnds/lib/libnds9.a(trig.c.o)
                0x02006090                tanLerp
 .text.putc_buffered
                0x02006138       0x98 /opt/wonderful/thirdparty/blocksds/core/libs/libnds/lib/libnds9.a(iob.c.o)
 .text.stdout_putc_buffered
                0x020061d0       0x20 /opt/wonderful/thirdparty/blocksds/core/libs/libnds/lib/libnds9.a(iob.c.o)
 .text.stderr_putc_buffered
                0x020061f0       0x20 /opt/wonderful/thirdparty/blocksds/core/libs/libnds/lib/libnds9.a(iob.c.o)
 .text.checkIfText
                0x02006210       0x5c /opt/wonderful/thirdparty/blocksds/core/libs/libnds/lib/libnds9.a(background.c.o)
                0x02006210                checkIfText
 .text.bgUpdate
                0x0200626c       0xf4 /opt/wonderful/thirdparty/blocksds/core/libs/libnds/lib/libnds9.a(background.c.o)
                0x0200626c                bgUpdate
 .text.bgInit_call
                0x02006360       0xac /opt/wonderful/thirdparty/blocksds/core/libs/libnds/lib/libnds9.a(background.c.o)
                0x02006360                bgInit_call
 .text.bgInitSub_call
                0x0200640c       0xb4 /opt/wonderful/thirdparty/blocksds/core/libs/libnds/lib/libnds9.a(background.c.o)
                0x0200640c                bgInitSub_call
 .text.strchr   0x020064c0       0x1e /opt/wonderful/toolchain/gcc-arm-none-eabi/lib/gcc/arm-none-eabi/13.2.0/../../../../arm-none-eabi/lib/thumb/arm946e-s/libc.a(libc_string_strchr.c.o)
                0x020064c0                strchr
 .text.setvbuf  0x020064de       0x18 /opt/wonderful/toolchain/gcc-arm-none-eabi/lib/gcc/arm-none-eabi/13.2.0/../../../../arm-none-eabi/lib/thumb/arm946e-s/libc.a(libc_tinystdio_setvbuf.c.o)
                0x020064de                setvbuf
 *fill*         0x020064f6        0x2 ff
 .text.sscanf   0x020064f8       0x3c /opt/wonderful/toolchain/gcc-arm-none-eabi/lib/gcc/arm-none-eabi/13.2.0/../../../../arm-none-eabi/lib/thumb/arm946e-s/libc.a(libc_tinystdio_sscanf.c.o)
                0x020064f8                sscanf
 .text.scanf_getc
                0x02006534       0x14 /opt/wonderful/toolchain/gcc-arm-none-eabi/lib/gcc/arm-none-eabi/13.2.0/../../../../arm-none-eabi/lib/thumb/arm946e-s/libc.a(libc_tinystdio_vfscanf.c.o)
 .text.putval   0x02006548       0x2a /opt/wonderful/toolchain/gcc-arm-none-eabi/lib/gcc/arm-none-eabi/13.2.0/../../../../arm-none-eabi/lib/thumb/arm946e-s/libc.a(libc_tinystdio_vfscanf.c.o)
 .text.scanf_ungetc.isra.0
                0x02006572       0x14 /opt/wonderful/toolchain/gcc-arm-none-eabi/lib/gcc/arm-none-eabi/13.2.0/../../../../arm-none-eabi/lib/thumb/arm946e-s/libc.a(libc_tinystdio_vfscanf.c.o)
 .text.skip_spaces
                0x02006586       0x2a /opt/wonderful/toolchain/gcc-arm-none-eabi/lib/gcc/arm-none-eabi/13.2.0/../../../../arm-none-eabi/lib/thumb/arm946e-s/libc.a(libc_tinystdio_vfscanf.c.o)
 .text.vfscanf  0x020065b0      0x980 /opt/wonderful/toolchain/gcc-arm-none-eabi/lib/gcc/arm-none-eabi/13.2.0/../../../../arm-none-eabi/lib/thumb/arm946e-s/libc.a(libc_tinystdio_vfscanf.c.o)
                0x020065b0                __d_vfscanf
                0x020065b0                vfscanf
 .text.mulShift64
                0x02006f30       0x64 /opt/wonderful/toolchain/gcc-arm-none-eabi/lib/gcc/arm-none-eabi/13.2.0/../../../../arm-none-eabi/lib/thumb/arm946e-s/libc.a(libc_tinystdio_atod_ryu.c.o)
 .text.__atod_engine
                0x02006f94      0x160 /opt/wonderful/toolchain/gcc-arm-none-eabi/lib/gcc/arm-none-eabi/13.2.0/../../../../arm-none-eabi/lib/thumb/arm946e-s/libc.a(libc_tinystdio_atod_ryu.c.o)
                0x02006f94                __atod_engine
 .text.__atof_engine
                0x020070f4      0x11e /opt/wonderful/toolchain/gcc-arm-none-eabi/lib/gcc/arm-none-eabi/13.2.0/../../../../arm-none-eabi/lib/thumb/arm946e-s/libc.a(libc_tinystdio_atof_ryu.c.o)
                0x020070f4                __atof_engine
 .text.mulShift32
                0x02007212       0x4a /opt/wonderful/toolchain/gcc-arm-none-eabi/lib/gcc/arm-none-eabi/13.2.0/../../../../arm-none-eabi/lib/thumb/arm946e-s/libc.a(libc_tinystdio_ryu_divpow2.c.o)
 .text.__mulPow5InvDivPow2
                0x0200725c       0x28 /opt/wonderful/toolchain/gcc-arm-none-eabi/lib/gcc/arm-none-eabi/13.2.0/../../../../arm-none-eabi/lib/thumb/arm946e-s/libc.a(libc_tinystdio_ryu_divpow2.c.o)
                0x0200725c                __mulPow5InvDivPow2
 .text.__mulPow5divPow2
                0x02007284       0x20 /opt/wonderful/toolchain/gcc-arm-none-eabi/lib/gcc/arm-none-eabi/13.2.0/../../../../arm-none-eabi/lib/thumb/arm946e-s/libc.a(libc_tinystdio_ryu_divpow2.c.o)
                0x02007284                __mulPow5divPow2
 .text.__log2pow5
                0x020072a4        0xc /opt/wonderful/toolchain/gcc-arm-none-eabi/lib/gcc/arm-none-eabi/13.2.0/../../../../arm-none-eabi/lib/thumb/arm946e-s/libc.a(libc_tinystdio_ryu_log2pow5.c.o)
                0x020072a4                __log2pow5
 .text.__ceil_log2pow5
                0x020072b0       0x10 /opt/wonderful/toolchain/gcc-arm-none-eabi/lib/gcc/arm-none-eabi/13.2.0/../../../../arm-none-eabi/lib/thumb/arm946e-s/libc.a(libc_tinystdio_ryu_log2pow5.c.o)
                0x020072b0                __ceil_log2pow5
 .text.__pow5bits
                0x020072c0       0x10 /opt/wonderful/toolchain/gcc-arm-none-eabi/lib/gcc/arm-none-eabi/13.2.0/../../../../arm-none-eabi/lib/thumb/arm946e-s/libc.a(libc_tinystdio_ryu_pow5bits.c.o)
                0x020072c0                __pow5bits
 .text.__pow5Factor
                0x020072d0       0x2c /opt/wonderful/toolchain/gcc-arm-none-eabi/lib/gcc/arm-none-eabi/13.2.0/../../../../arm-none-eabi/lib/thumb/arm946e-s/libc.a(libc_tinystdio_ryu_table.c.o)
                0x020072d0                __pow5Factor
 .text.__double_computePow5
                0x020072fc       0xfc /opt/wonderful/toolchain/gcc-arm-none-eabi/lib/gcc/arm-none-eabi/13.2.0/../../../../arm-none-eabi/lib/thumb/arm946e-s/libc.a(libc_tinystdio_ryu_table.c.o)
                0x020072fc                __double_computePow5
 .text.__double_computeInvPow5
                0x020073f8      0x100 /opt/wonderful/toolchain/gcc-arm-none-eabi/lib/gcc/arm-none-eabi/13.2.0/../../../../arm-none-eabi/lib/thumb/arm946e-s/libc.a(libc_tinystdio_ryu_table.c.o)
                0x020073f8                __double_computeInvPow5
 .text.__umul128
                0x020074f8       0x70 /opt/wonderful/toolchain/gcc-arm-none-eabi/lib/gcc/arm-none-eabi/13.2.0/../../../../arm-none-eabi/lib/thumb/arm946e-s/libc.a(libc_tinystdio_ryu_umul128.c.o)
                0x020074f8                __umul128
 .text.__shiftright128
                0x02007568       0x28 /opt/wonderful/toolchain/gcc-arm-none-eabi/lib/gcc/arm-none-eabi/13.2.0/../../../../arm-none-eabi/lib/thumb/arm946e-s/libc.a(libc_tinystdio_ryu_umul128.c.o)
                0x02007568                __shiftright128
 .text.__file_str_get
                0x02007590       0x16 /opt/wonderful/toolchain/gcc-arm-none-eabi/lib/gcc/arm-none-eabi/13.2.0/../../../../arm-none-eabi/lib/thumb/arm946e-s/libc.a(libc_tinystdio_filestrget.c.o)
                0x02007590                __file_str_get
 .text.ungetc   0x020075a6       0x36 /opt/wonderful/toolchain/gcc-arm-none-eabi/lib/gcc/arm-none-eabi/13.2.0/../../../../arm-none-eabi/lib/thumb/arm946e-s/libc.a(libc_tinystdio_ungetc.c.o)
                0x020075a6                ungetc
 .text.__picolibc_non_atomic_compare_exchange_ungetc
                0x020075dc       0x12 /opt/wonderful/toolchain/gcc-arm-none-eabi/lib/gcc/arm-none-eabi/13.2.0/../../../../arm-none-eabi/lib/thumb/arm946e-s/libc.a(libc_tinystdio_compare_exchange.c.o)
                0x020075dc                __picolibc_non_atomic_compare_exchange_ungetc
                0x020075dc                __atomic_compare_exchange_ungetc
 *fill*         0x020075ee        0x2 ff
 .text.__picolibc_non_atomic_compare_exchange_ungetc.__stub
                0x020075f0       0x18 linker stubs
 *(EXCLUDE_FILE(*.twl*) .gnu.warning)
 *(EXCLUDE_FILE(*.twl*) .gnu.linkonce.t*)
 *(.glue_7)
 .glue_7        0x02007608        0x0 linker stubs
 *(.glue_7t)
 .glue_7t       0x02007608        0x0 linker stubs
                0x02007608                        . = ALIGN (0x4)
 *fill*         0x02007608        0x0 ff

.vfp11_veneer   0x02007608        0x0
 .vfp11_veneer  0x02007608        0x0 linker stubs

.v4_bx          0x02007608        0x0
 .v4_bx         0x02007608        0x0 linker stubs

.iplt           0x02007608        0x0
 .iplt          0x02007608        0x0 /opt/wonderful/thirdparty/blocksds/core/sys/crts/ds_arm9_crt0.o

.fini           0x02007608        0x8
 *(.fini)
 .fini          0x02007608        0x8 /opt/wonderful/toolchain/gcc-arm-none-eabi/lib/gcc/arm-none-eabi/13.2.0/thumb/arm946e-s/crtn.o
                0x02007610                        __text_end = .

.rodata         0x02007610      0xa68
 *(EXCLUDE_FILE(*.twl*) .rodata)
 .rodata        0x02007610        0xb /opt/wonderful/toolchain/gcc-arm-none-eabi/lib/gcc/arm-none-eabi/13.2.0/../../../../arm-none-eabi/lib/thumb/arm946e-s/libc.a(libc_tinystdio_vfscanf.c.o)
 *fill*         0x0200761b        0x5 ff
 .rodata        0x02007620      0x338 /opt/wonderful/toolchain/gcc-arm-none-eabi/lib/gcc/arm-none-eabi/13.2.0/../../../../arm-none-eabi/lib/thumb/arm946e-s/libc.a(libc_tinystdio_ryu_table.c.o)
 *all.rodata*(*)
 *(EXCLUDE_FILE(*.twl*) .roda)
 *(EXCLUDE_FILE(*.twl*) .rodata.*)
 .rodata.con_write.str1.4
                0x02007958       0x30 /opt/wonderful/thirdparty/blocksds/core/libs/libnds/lib/libnds9.a(console.c.o)
 .rodata.con_write
                0x02007988       0xd4 /opt/wonderful/thirdparty/blocksds/core/libs/libnds/lib/libnds9.a(console.c.o)
 .rodata.TAN_LUT
                0x02007a5c      0x204 /opt/wonderful/thirdparty/blocksds/core/libs/libnds/lib/libnds9.a(trig.c.o)
                0x02007a5c                TAN_LUT
 .rodata.SIN_LUT
                0x02007c60      0x102 /opt/wonderful/thirdparty/blocksds/core/libs/libnds/lib/libnds9.a(trig.c.o)
                0x02007c60                SIN_LUT
 *fill*         0x02007d62        0x2 ff
 .rodata.stderr
                0x02007d64        0x4 /opt/wonderful/thirdparty/blocksds/core/libs/libnds/lib/libnds9.a(iob.c.o)
                0x02007d64                stderr
 .rodata.stdout
                0x02007d68        0x4 /opt/wonderful/thirdparty/blocksds/core/libs/libnds/lib/libnds9.a(iob.c.o)
                0x02007d68                stdout
 .rodata.default_font_bin
                0x02007d6c      0x2f8 /opt/wonderful/thirdparty/blocksds/core/libs/libnds/lib/libnds9.a(default_font.bin.o)
                0x02007d6c                default_font_bin
 .rodata.str1.1
                0x02008064       0x13 /opt/wonderful/toolchain/gcc-arm-none-eabi/lib/gcc/arm-none-eabi/13.2.0/../../../../arm-none-eabi/lib/thumb/arm946e-s/libc.a(libc_tinystdio_vfscanf.c.o)
 *(EXCLUDE_FILE(*.twl*) .gnu.linkonce.r*)
                0x02008078                        . = ALIGN (0x4)
 *fill*         0x02008077        0x1 ff

.ARM.extab
 *(.ARM.extab* .gnu.linkonce.armextab.*)
                0x02008078                        __exidx_start = .

ARM.exidx
 *(.ARM.exidx* .gnu.linkonce.armexidx.*)
                0x02008078                        __exidx_end = .
                0x02008078                        . = ALIGN (0x4)
                0x02008078                        PROVIDE (__preinit_array_start = .)

.preinit_array
 *(.preinit_array)
                0x02008078                        PROVIDE (__preinit_array_end = .)
                0x02008078                        PROVIDE (__init_array_start = .)

.init_array
 *(SORT_BY_NAME(.init_array.*))
 *(.init_array)
                0x02008078                        PROVIDE (__init_array_end = .)
                0x02008078                        PROVIDE (__fini_array_start = .)

.fini_array
 *(.fini_array)
 *(SORT_BY_NAME(.fini_array.*))
                0x02008078                        PROVIDE (__fini_array_end = .)

.ctors          0x02008078        0x0
 *crtbegin.o(.ctors)
 *(EXCLUDE_FILE(*crtend.o) .ctors)
 *(SORT_BY_NAME(.ctors.*))
 *(.ctors)
                0x02008078                        . = ALIGN (0x4)

.dtors          0x02008078        0x0
 *crtbegin.o(.dtors)
 *(EXCLUDE_FILE(*crtend.o) .dtors)
 *(SORT_BY_NAME(.dtors.*))
 *(.dtors)
                0x02008078                        . = ALIGN (0x4)

.eh_frame       0x02008078        0x4
 *(.eh_frame)
 .eh_frame      0x02008078        0x4 /opt/wonderful/toolchain/gcc-arm-none-eabi/lib/gcc/arm-none-eabi/13.2.0/thumb/arm946e-s/crtend.o
                0x0200807c                        . = ALIGN (0x4)

.rel.dyn        0x0200807c        0x0
 .rel.iplt      0x0200807c        0x0 /opt/wonderful/thirdparty/blocksds/core/sys/crts/ds_arm9_crt0.o

.gcc_except_table
                0x0200807c        0x0
 *(.gcc_except_table)
                0x0200807c                        . = ALIGN (0x4)

.jcr
 *(.jcr)

.got            0x0200807c       0x10
 *(.got.plt)
 .got.plt       0x0200807c        0xc /opt/wonderful/thirdparty/blocksds/core/sys/crts/ds_arm9_crt0.o
                0x0200807c                _GLOBAL_OFFSET_TABLE_
 *(.got)
 .got           0x02008088        0x4 /opt/wonderful/thirdparty/blocksds/core/sys/crts/ds_arm9_crt0.o
 *(.rel.got)
 .rel.got       0x0200808c        0x0 /opt/wonderful/thirdparty/blocksds/core/sys/crts/ds_arm9_crt0.o

.ewram          0x0200808c        0x0
                0x0200808c                        __ewram_start = ABSOLUTE (.)
 *(.ewram)
 *ewram.*(.text)
                0x0200808c                        . = ALIGN (0x4)

.data           0x0200808c      0x544
                0x0200808c                        __data_start = ABSOLUTE (.)
 *(EXCLUDE_FILE(*.twl*) .data)
 .data          0x0200808c       0x28 /opt/wonderful/thirdparty/blocksds/core/libs/libnds/lib/libnds9.a(mpu_setup.s.o)
 .data          0x020080b4      0x410 /opt/wonderful/toolchain/gcc-arm-none-eabi/lib/gcc/arm-none-eabi/13.2.0/../../../../arm-none-eabi/lib/thumb/arm946e-s/libc.a(malloc-malloc.c.o)
                0x020080b4                __malloc_sbrk_base
                0x020080b8                __malloc_trim_threshold
                0x020080bc                __malloc_av_
 *(EXCLUDE_FILE(*.twl*) .data.*)
 .data.count    0x020084c4        0x1 /opt/wonderful/thirdparty/blocksds/core/libs/libnds/lib/libnds9.a(keys.c.o)
 .data.repeat   0x020084c5        0x1 /opt/wonderful/thirdparty/blocksds/core/libs/libnds/lib/libnds9.a(keys.c.o)
 .data.delay    0x020084c6        0x1 /opt/wonderful/thirdparty/blocksds/core/libs/libnds/lib/libnds9.a(keys.c.o)
 *fill*         0x020084c7        0x1 ff
 .data.fifo_freewords
                0x020084c8        0x4 /opt/wonderful/thirdparty/blocksds/core/libs/libnds/lib/libnds9.a(fifosystem.c.o)
 .data.fifo_receive_queue
                0x020084cc        0x4 /opt/wonderful/thirdparty/blocksds/core/libs/libnds/lib/libnds9.a(fifosystem.c.o)
 .data.fifo_send_queue
                0x020084d0        0x4 /opt/wonderful/thirdparty/blocksds/core/libs/libnds/lib/libnds9.a(fifosystem.c.o)
 .data.fifo_buffer_free
                0x020084d4        0x4 /opt/wonderful/thirdparty/blocksds/core/libs/libnds/lib/libnds9.a(fifosystem.c.o)
 .data.ne_sine_shift
                0x020084d8        0x4 /opt/wonderful/thirdparty/blocksds/external/nitro-engine/lib/libNE.a(NEGeneral.c.o)
 .data.ne_sine_mult
                0x020084dc        0x4 /opt/wonderful/thirdparty/blocksds/external/nitro-engine/lib/libNE.a(NEGeneral.c.o)
 .data.ne_noise_value
                0x020084e0        0x4 /opt/wonderful/thirdparty/blocksds/external/nitro-engine/lib/libNE.a(NEGeneral.c.o)
 .data.ne_main_screen
                0x020084e4        0x4 /opt/wonderful/thirdparty/blocksds/external/nitro-engine/lib/libNE.a(NEGeneral.c.o)
 .data.ne_display_list_draw
                0x020084e8        0x4 /opt/wonderful/thirdparty/blocksds/external/nitro-engine/lib/libNE.a(NEDisplayList.c.o)
 .data.firstConsoleInit.0
                0x020084ec        0x1 /opt/wonderful/thirdparty/blocksds/core/libs/libnds/lib/libnds9.a(console.c.o)
 *fill*         0x020084ed        0x3 ff
 .data.currentConsole
                0x020084f0        0x4 /opt/wonderful/thirdparty/blocksds/core/libs/libnds/lib/libnds9.a(console.c.o)
                0x020084f0                currentConsole
 .data.defaultConsole
                0x020084f4       0x5c /opt/wonderful/thirdparty/blocksds/core/libs/libnds/lib/libnds9.a(console.c.o)
                0x020084f4                defaultConsole
 .data.__stderr
                0x02008550       0x10 /opt/wonderful/thirdparty/blocksds/core/libs/libnds/lib/libnds9.a(iob.c.o)
 .data.__stdout
                0x02008560       0x10 /opt/wonderful/thirdparty/blocksds/core/libs/libnds/lib/libnds9.a(iob.c.o)
 .data.bgTransform
                0x02008570       0x20 /opt/wonderful/thirdparty/blocksds/core/libs/libnds/lib/libnds9.a(background.c.o)
                0x02008570                bgTransform
 .data.bgScrollTable
                0x02008590       0x20 /opt/wonderful/thirdparty/blocksds/core/libs/libnds/lib/libnds9.a(background.c.o)
                0x02008590                bgScrollTable
 .data.bgControl
                0x020085b0       0x20 /opt/wonderful/thirdparty/blocksds/core/libs/libnds/lib/libnds9.a(background.c.o)
                0x020085b0                bgControl
 *(EXCLUDE_FILE(*.twl*) .gnu.linkonce.d*)
                0x020085d0                        . = ALIGN (0x4)

.igot.plt       0x020085d0        0x0
 .igot.plt      0x020085d0        0x0 /opt/wonderful/thirdparty/blocksds/core/sys/crts/ds_arm9_crt0.o

.tdata          0x020085d0        0x8
                0x020085d0                        __tdata_start = ABSOLUTE (.)
 *(.tdata .tdata.* .gnu.linkonce.td.*)
 .tdata         0x020085d0        0x8 /opt/wonderful/toolchain/gcc-arm-none-eabi/lib/gcc/arm-none-eabi/13.2.0/../../../../arm-none-eabi/lib/thumb/arm946e-s/libc.a(libc_stdlib_random.c.o)
                0x020085d0                _rand_next
                0x020085d8                        . = ALIGN (0x4)
                0x020085d8                        __tdata_end = ABSOLUTE (.)
                0x020085d8                        __data_end = .
                0x00000008                        __tdata_size = (__tdata_end - __tdata_start)

.tbss           0x020085d8        0x4
                0x020085d8                        __tbss_start = ABSOLUTE (.)
 *(.tbss .tbss.* .gnu.linkonce.tb.*)
 .tbss          0x020085d8        0x4 /opt/wonderful/toolchain/gcc-arm-none-eabi/lib/gcc/arm-none-eabi/13.2.0/../../../../arm-none-eabi/lib/thumb/arm946e-s/libc.a(libc_errno_errno.c.o)
                0x020085d8                errno
 *(.tcommon)
                0x020085dc                        . = ALIGN (0x4)
                0x020085dc                        __tbss_end = ABSOLUTE (.)
                0x00000004                        __tbss_size = (__tbss_end - __tbss_start)
                0x020085d8                        __bss_vma = .

.dtcm           0x02ff0000        0x0 load address 0x020085d8
                0x020085d8                        __dtcm_lma = LOADADDR (.dtcm)
                0x02ff0000                        __dtcm_start = ABSOLUTE (.)
 *(.dtcm)
 *(.dtcm.*)
                0x02ff0000                        . = ALIGN (0x4)
                0x02ff0000                        __dtcm_end = ABSOLUTE (.)

.itcm           0x01000100      0x2f8 load address 0x020085d8
                0x020085d8                        __itcm_lma = LOADADDR (.itcm)
                0x01000100                        __itcm_start = ABSOLUTE (.)
 *(.itcm)
 *(.itcm.*)
 .itcm.data     0x01000100      0x100 /opt/wonderful/thirdparty/blocksds/core/libs/libnds/lib/libnds9.a(interrupts.c.o)
                0x01000100                irqTable
 .itcm.text     0x01000200       0x3c /opt/wonderful/thirdparty/blocksds/core/libs/libnds/lib/libnds9.a(threads.c.o)
                0x01000200                cothread_scheduler_refresh_irq_flags
 .itcm.setCpuClock
                0x0100023c       0x50 /opt/wonderful/thirdparty/blocksds/core/libs/libnds/lib/libnds9.a(cpu_clock.s.o)
                0x0100023c                setCpuClock
 .itcm.IntrMain
                0x0100028c       0xe0 /opt/wonderful/thirdparty/blocksds/core/libs/libnds/lib/libnds9.a(interruptDispatcher.s.o)
                0x0100028c                IntrMain
 .itcm.text     0x0100036c       0x8c /opt/wonderful/thirdparty/blocksds/core/libs/libnds/lib/libnds9.a(cache.c.o)
                0x0100036c                CP15_CleanAndFlushDCacheRange
                0x010003a0                CP15_FlushDCacheRange
                0x010003cc                CP15_FlushICacheRange
 *.itcm*(.text .stub .text.*)
                0x010003f8                        . = ALIGN (0x4)
                0x010003f8                        __itcm_end = ABSOLUTE (.)

.vectors        0x01000000        0x0 load address 0x020088d0
                0x020088d0                        __vectors_lma = LOADADDR (.vectors)
                0x01000000                        __vectors_start = ABSOLUTE (.)
 *(.vectors .vectors.*)
                0x01000000                        . = ALIGN (0x4)
                0x01000000                        __vectors_end = ABSOLUTE (.)

.sbss           0x02ff0000        0x4
                0x02ff0000                        __sbss_start = ABSOLUTE (.)
                0x02ff0000                        __sbss_start__ = ABSOLUTE (.)
 *(.sbss)
 .sbss          0x02ff0000        0x4 /opt/wonderful/thirdparty/blocksds/core/libs/libnds/lib/libnds9.a(threads.c.o)
                0x02ff0000                cothread_irq_flags
                0x02ff0004                        . = ALIGN (0x4)
                0x02ff0004                        __sbss_end = ABSOLUTE (.)

.bss            0x020085d8      0xde4
                0x020085d8                        __bss_start = ABSOLUTE (.)
                0x020085d8                        __bss_start__ = ABSOLUTE (.)
 *(EXCLUDE_FILE(*.twl*) .dynbss)
 *(EXCLUDE_FILE(*.twl*) .gnu.linkonce.b*)
 *(EXCLUDE_FILE(*.twl*) .bss*)
 .bss.keysrepeat
                0x020085d8        0x2 /opt/wonderful/thirdparty/blocksds/core/libs/libnds/lib/libnds9.a(keys.c.o)
 .bss.keysold   0x020085da        0x2 /opt/wonderful/thirdparty/blocksds/core/libs/libnds/lib/libnds9.a(keys.c.o)
 .bss.keys      0x020085dc        0x2 /opt/wonderful/thirdparty/blocksds/core/libs/libnds/lib/libnds9.a(keys.c.o)
 *fill*         0x020085de        0x2 
 .bss.punixTime
                0x020085e0        0x4 /opt/wonderful/thirdparty/blocksds/core/libs/libnds/lib/libnds9.a(initSystem.c.o)
                0x020085e0                punixTime
 .bss.__dsimode
                0x020085e4        0x1 /opt/wonderful/thirdparty/blocksds/core/libs/libnds/lib/libnds9.a(initSystem.c.o)
                0x020085e4                __dsimode
 *fill*         0x020085e5        0x3 
 .bss.processing
                0x020085e8        0x4 /opt/wonderful/thirdparty/blocksds/core/libs/libnds/lib/libnds9.a(fifosystem.c.o)
 .bss.fifo_datamsg_data
                0x020085ec       0x40 /opt/wonderful/thirdparty/blocksds/core/libs/libnds/lib/libnds9.a(fifosystem.c.o)
 .bss.fifo_value32_data
                0x0200862c       0x40 /opt/wonderful/thirdparty/blocksds/core/libs/libnds/lib/libnds9.a(fifosystem.c.o)
 .bss.fifo_address_data
                0x0200866c       0x40 /opt/wonderful/thirdparty/blocksds/core/libs/libnds/lib/libnds9.a(fifosystem.c.o)
 .bss.fifo_datamsg_func
                0x020086ac       0x40 /opt/wonderful/thirdparty/blocksds/core/libs/libnds/lib/libnds9.a(fifosystem.c.o)
 .bss.fifo_value32_func
                0x020086ec       0x40 /opt/wonderful/thirdparty/blocksds/core/libs/libnds/lib/libnds9.a(fifosystem.c.o)
 .bss.fifo_address_func
                0x0200872c       0x40 /opt/wonderful/thirdparty/blocksds/core/libs/libnds/lib/libnds9.a(fifosystem.c.o)
 .bss.fifo_value32_queue
                0x0200876c       0x40 /opt/wonderful/thirdparty/blocksds/core/libs/libnds/lib/libnds9.a(fifosystem.c.o)
 .bss.fifo_data_queue
                0x020087ac       0x40 /opt/wonderful/thirdparty/blocksds/core/libs/libnds/lib/libnds9.a(fifosystem.c.o)
 .bss.fifo_address_queue
                0x020087ec       0x40 /opt/wonderful/thirdparty/blocksds/core/libs/libnds/lib/libnds9.a(fifosystem.c.o)
 .bss.fifo_buffer
                0x0200882c      0x800 /opt/wonderful/thirdparty/blocksds/core/libs/libnds/lib/libnds9.a(fifosystem.c.o)
 .bss.heap_start.0
                0x0200902c        0x4 /opt/wonderful/thirdparty/blocksds/core/libs/libnds/lib/libnds9.a(sbrk.c.o)
 .bss.fake_heap_start
                0x02009030        0x4 /opt/wonderful/thirdparty/blocksds/core/libs/libnds/lib/libnds9.a(sbrk.c.o)
                0x02009030                fake_heap_start
 .bss.fake_heap_end
                0x02009034        0x4 /opt/wonderful/thirdparty/blocksds/core/libs/libnds/lib/libnds9.a(sbrk.c.o)
                0x02009034                fake_heap_end
 .bss.main_args
                0x02009038        0x8 /opt/wonderful/thirdparty/blocksds/core/libs/libnds/lib/libnds9.a(threads.c.o)
 .bss.__tls     0x02009040        0x4 /opt/wonderful/thirdparty/blocksds/core/libs/libnds/lib/libnds9.a(threads.c.o)
                0x02009040                __tls
 .bss.cothread_list
                0x02009044       0x1c /opt/wonderful/thirdparty/blocksds/core/libs/libnds/lib/libnds9.a(threads.c.o)
 .bss.cothread_active_thread
                0x02009060        0x4 /opt/wonderful/thirdparty/blocksds/core/libs/libnds/lib/libnds9.a(threads.c.o)
 .bss.free_fn   0x02009064        0x4 /opt/wonderful/thirdparty/blocksds/core/libs/libnds/lib/libnds9.a(threads.c.o)
 .bss.SDcallback
                0x02009068        0x4 /opt/wonderful/thirdparty/blocksds/core/libs/libnds/lib/libnds9.a(system.c.o)
 .bss.NE_CPUPercent
                0x0200906c        0x4 /opt/wonderful/thirdparty/blocksds/external/nitro-engine/lib/libNE.a(NEGeneral.c.o)
 .bss.ne_cpucount
                0x02009070        0x4 /opt/wonderful/thirdparty/blocksds/external/nitro-engine/lib/libNE.a(NEGeneral.c.o)
 .bss.ne_noisepause
                0x02009074        0x4 /opt/wonderful/thirdparty/blocksds/external/nitro-engine/lib/libNE.a(NEGeneral.c.o)
 .bss.NE_effectpause
                0x02009078        0x1 /opt/wonderful/thirdparty/blocksds/external/nitro-engine/lib/libNE.a(NEGeneral.c.o)
 *fill*         0x02009079        0x3 
 .bss.NE_lastvbladd
                0x0200907c        0x4 /opt/wonderful/thirdparty/blocksds/external/nitro-engine/lib/libNE.a(NEGeneral.c.o)
 .bss.NE_Effect
                0x02009080        0x4 /opt/wonderful/thirdparty/blocksds/external/nitro-engine/lib/libNE.a(NEGeneral.c.o)
 .bss.ne_dma_cr
                0x02009084        0x4 /opt/wonderful/thirdparty/blocksds/external/nitro-engine/lib/libNE.a(NEGeneral.c.o)
 .bss.ne_dma_dst
                0x02009088        0x4 /opt/wonderful/thirdparty/blocksds/external/nitro-engine/lib/libNE.a(NEGeneral.c.o)
 .bss.ne_dma_src
                0x0200908c        0x4 /opt/wonderful/thirdparty/blocksds/external/nitro-engine/lib/libNE.a(NEGeneral.c.o)
 .bss.ne_dma_enabled
                0x02009090        0x4 /opt/wonderful/thirdparty/blocksds/external/nitro-engine/lib/libNE.a(NEGeneral.c.o)
 .bss.fov       0x02009094        0x4 /opt/wonderful/thirdparty/blocksds/external/nitro-engine/lib/libNE.a(NEGeneral.c.o)
 .bss.ne_zfar   0x02009098        0x4 /opt/wonderful/thirdparty/blocksds/external/nitro-engine/lib/libNE.a(NEGeneral.c.o)
 .bss.ne_znear  0x0200909c        0x4 /opt/wonderful/thirdparty/blocksds/external/nitro-engine/lib/libNE.a(NEGeneral.c.o)
 .bss.NE_Sprites
                0x020090a0        0x4 /opt/wonderful/thirdparty/blocksds/external/nitro-engine/lib/libNE.a(NEGeneral.c.o)
 .bss.ne_input  0x020090a4       0x18 /opt/wonderful/thirdparty/blocksds/external/nitro-engine/lib/libNE.a(NEGeneral.c.o)
                0x020090a4                ne_input
 .bss.ne_execution_mode
                0x020090bc        0x1 /opt/wonderful/thirdparty/blocksds/external/nitro-engine/lib/libNE.a(NEGeneral.c.o)
 *fill*         0x020090bd        0x3 
 .bss.NE_viewport
                0x020090c0        0x4 /opt/wonderful/thirdparty/blocksds/external/nitro-engine/lib/libNE.a(NEGeneral.c.o)
 .bss.NE_screenratio
                0x020090c4        0x4 /opt/wonderful/thirdparty/blocksds/external/nitro-engine/lib/libNE.a(NEGeneral.c.o)
 .bss.NE_UsingConsole
                0x020090c8        0x1 /opt/wonderful/thirdparty/blocksds/external/nitro-engine/lib/libNE.a(NEGeneral.c.o)
 .bss.ne_model_system_inited
                0x020090c9        0x1 /opt/wonderful/thirdparty/blocksds/external/nitro-engine/lib/libNE.a(NEModel.c.o)
 *fill*         0x020090ca        0x2 
 .bss.NE_MAX_MODELS
                0x020090cc        0x4 /opt/wonderful/thirdparty/blocksds/external/nitro-engine/lib/libNE.a(NEModel.c.o)
 .bss.NE_ModelPointers
                0x020090d0        0x4 /opt/wonderful/thirdparty/blocksds/external/nitro-engine/lib/libNE.a(NEModel.c.o)
 .bss.NE_Mesh   0x020090d4        0x4 /opt/wonderful/thirdparty/blocksds/external/nitro-engine/lib/libNE.a(NEModel.c.o)
 .bss.ne_gui_system_inited
                0x020090d8        0x1 /opt/wonderful/thirdparty/blocksds/external/nitro-engine/lib/libNE.a(NEGUI.c.o)
 *fill*         0x020090d9        0x3 
 .bss.NE_GUI_OBJECTS
                0x020090dc        0x4 /opt/wonderful/thirdparty/blocksds/external/nitro-engine/lib/libNE.a(NEGUI.c.o)
 .bss.NE_guipointers
                0x020090e0        0x4 /opt/wonderful/thirdparty/blocksds/external/nitro-engine/lib/libNE.a(NEGUI.c.o)
 .bss.ne_animation_system_inited
                0x020090e4        0x1 /opt/wonderful/thirdparty/blocksds/external/nitro-engine/lib/libNE.a(NEAnimation.c.o)
 *fill*         0x020090e5        0x3 
 .bss.NE_MAX_ANIMATIONS
                0x020090e8        0x4 /opt/wonderful/thirdparty/blocksds/external/nitro-engine/lib/libNE.a(NEAnimation.c.o)
 .bss.NE_AnimationPointers
                0x020090ec        0x4 /opt/wonderful/thirdparty/blocksds/external/nitro-engine/lib/libNE.a(NEAnimation.c.o)
 .bss.ne_clearcolor
                0x020090f0        0x4 /opt/wonderful/thirdparty/blocksds/external/nitro-engine/lib/libNE.a(NEPolygon.c.o)
 .bss.ne_default_specular_emission
                0x020090f4        0x4 /opt/wonderful/thirdparty/blocksds/external/nitro-engine/lib/libNE.a(NETexture.c.o)
 .bss.ne_default_diffuse_ambient
                0x020090f8        0x4 /opt/wonderful/thirdparty/blocksds/external/nitro-engine/lib/libNE.a(NETexture.c.o)
 .bss.NE_MAX_TEXTURES
                0x020090fc        0x4 /opt/wonderful/thirdparty/blocksds/external/nitro-engine/lib/libNE.a(NETexture.c.o)
 .bss.ne_texture_system_inited
                0x02009100        0x1 /opt/wonderful/thirdparty/blocksds/external/nitro-engine/lib/libNE.a(NETexture.c.o)
 *fill*         0x02009101        0x3 
 .bss.NE_TexAllocList
                0x02009104        0x4 /opt/wonderful/thirdparty/blocksds/external/nitro-engine/lib/libNE.a(NETexture.c.o)
 .bss.NE_UserMaterials
                0x02009108        0x4 /opt/wonderful/thirdparty/blocksds/external/nitro-engine/lib/libNE.a(NETexture.c.o)
 .bss.NE_Texture
                0x0200910c        0x4 /opt/wonderful/thirdparty/blocksds/external/nitro-engine/lib/libNE.a(NETexture.c.o)
 .bss.ne_sprite_system_inited
                0x02009110        0x1 /opt/wonderful/thirdparty/blocksds/external/nitro-engine/lib/libNE.a(NE2D.c.o)
 *fill*         0x02009111        0x3 
 .bss.NE_MAX_SPRITES
                0x02009114        0x4 /opt/wonderful/thirdparty/blocksds/external/nitro-engine/lib/libNE.a(NE2D.c.o)
 .bss.NE_spritepointers
                0x02009118        0x4 /opt/wonderful/thirdparty/blocksds/external/nitro-engine/lib/libNE.a(NE2D.c.o)
 .bss.NE_TEXT_PRIORITY
                0x0200911c        0x4 /opt/wonderful/thirdparty/blocksds/external/nitro-engine/lib/libNE.a(NEText.c.o)
 .bss.NE_TextInfo
                0x02009120       0x60 /opt/wonderful/thirdparty/blocksds/external/nitro-engine/lib/libNE.a(NEText.c.o)
 .bss.ne_camera_system_inited
                0x02009180        0x1 /opt/wonderful/thirdparty/blocksds/external/nitro-engine/lib/libNE.a(NECamera.c.o)
 *fill*         0x02009181        0x3 
 .bss.NE_MAX_CAMERAS
                0x02009184        0x4 /opt/wonderful/thirdparty/blocksds/external/nitro-engine/lib/libNE.a(NECamera.c.o)
 .bss.NE_UserCamera
                0x02009188        0x4 /opt/wonderful/thirdparty/blocksds/external/nitro-engine/lib/libNE.a(NECamera.c.o)
 .bss.NE_MAX_PHYSICS
                0x0200918c        0x4 /opt/wonderful/thirdparty/blocksds/external/nitro-engine/lib/libNE.a(NEPhysics.c.o)
 .bss.ne_physics_system_inited
                0x02009190        0x1 /opt/wonderful/thirdparty/blocksds/external/nitro-engine/lib/libNE.a(NEPhysics.c.o)
 *fill*         0x02009191        0x3 
 .bss.NE_PhysicsPointers
                0x02009194        0x4 /opt/wonderful/thirdparty/blocksds/external/nitro-engine/lib/libNE.a(NEPhysics.c.o)
 .bss.NE_MAX_PALETTES
                0x02009198        0x4 /opt/wonderful/thirdparty/blocksds/external/nitro-engine/lib/libNE.a(NEPalette.c.o)
 .bss.ne_palette_system_inited
                0x0200919c        0x1 /opt/wonderful/thirdparty/blocksds/external/nitro-engine/lib/libNE.a(NEPalette.c.o)
 *fill*         0x0200919d        0x3 
 .bss.NE_PalAllocList
                0x020091a0        0x4 /opt/wonderful/thirdparty/blocksds/external/nitro-engine/lib/libNE.a(NEPalette.c.o)
 .bss.NE_UserPalette
                0x020091a4        0x4 /opt/wonderful/thirdparty/blocksds/external/nitro-engine/lib/libNE.a(NEPalette.c.o)
 .bss.NE_PalInfo
                0x020091a8        0x4 /opt/wonderful/thirdparty/blocksds/external/nitro-engine/lib/libNE.a(NEPalette.c.o)
 .bss           0x020091ac       0x34 /opt/wonderful/toolchain/gcc-arm-none-eabi/lib/gcc/arm-none-eabi/13.2.0/../../../../arm-none-eabi/lib/thumb/arm946e-s/libc.a(malloc-malloc.c.o)
                0x020091ac                __malloc_top_pad
                0x020091b0                __malloc_current_mallinfo
                0x020091d8                __malloc_max_sbrked_mem
                0x020091dc                __malloc_max_total_mem
 .bss           0x020091e0        0x1 /opt/wonderful/toolchain/gcc-arm-none-eabi/lib/gcc/arm-none-eabi/13.2.0/../../../../arm-none-eabi/lib/thumb/arm946e-s/libc.a(libc_misc_lock.c.o)
                0x020091e0                __lock___libc_recursive_mutex
 *fill*         0x020091e1        0x3 
 .bss.libnds_stderr_write
                0x020091e4        0x4 /opt/wonderful/thirdparty/blocksds/core/libs/libnds/lib/libnds9.a(console.c.o)
                0x020091e4                libnds_stderr_write
 .bss.libnds_stdout_write
                0x020091e8        0x4 /opt/wonderful/thirdparty/blocksds/core/libs/libnds/lib/libnds9.a(console.c.o)
                0x020091e8                libnds_stdout_write
 .bss.currentCopy
                0x020091ec       0x5c /opt/wonderful/thirdparty/blocksds/core/libs/libnds/lib/libnds9.a(console.c.o)
                0x020091ec                currentCopy
 .bss.stderr_buf_len
                0x02009248        0x2 /opt/wonderful/thirdparty/blocksds/core/libs/libnds/lib/libnds9.a(iob.c.o)
 .bss.stdout_buf_len
                0x0200924a        0x2 /opt/wonderful/thirdparty/blocksds/core/libs/libnds/lib/libnds9.a(iob.c.o)
 .bss.stderr_buf
                0x0200924c       0x11 /opt/wonderful/thirdparty/blocksds/core/libs/libnds/lib/libnds9.a(iob.c.o)
 *fill*         0x0200925d        0x3 
 .bss.stdout_buf
                0x02009260       0x11 /opt/wonderful/thirdparty/blocksds/core/libs/libnds/lib/libnds9.a(iob.c.o)
 *fill*         0x02009271        0x3 
 .bss.bgIsTextLut
                0x02009274        0x8 /opt/wonderful/thirdparty/blocksds/core/libs/libnds/lib/libnds9.a(background.c.o)
                0x02009274                bgIsTextLut
 .bss.bgState   0x0200927c      0x140 /opt/wonderful/thirdparty/blocksds/core/libs/libnds/lib/libnds9.a(background.c.o)
                0x0200927c                bgState
 *(EXCLUDE_FILE(*.twl*) COMMON)
                0x020093bc                        . = ALIGN (0x4)
                0x020093bc                        __bss_end__ = ABSOLUTE (.)

.tls            0x020093bc        0xc
                0x020093bc                        __tls_start = ABSOLUTE (.)
                0x020093c8                        . = ((. + __tdata_size) + __tbss_size)
 *fill*         0x020093bc        0xc 
                0x020093c8                        __tls_end = ABSOLUTE (.)
                0x020093c8                        __end__ = ABSOLUTE (.)
                0x0000000c                        __tls_size = (__tls_end - __tls_start)

.twl            0x020093c8        0x0 load address 0x02400000
                0x02400000                        __arm9i_lma__ = LOADADDR (.twl)
                0x020093c8                        __arm9i_start__ = ABSOLUTE (.)
 *(.twl)
 *(.twl.text .twl.text.*)
 *(.twl.rodata .twl.rodata.*)
 *(.twl.data .twl.data.*)
 *.twl*(.text .stub .text.* .gnu.linkonce.t.*)
 *.twl*(.rodata)
 *.twl*(.roda)
 *.twl*(.rodata.*)
 *.twl*(.data)
 *.twl*(.data.*)
 *.twl*(.gnu.linkonce.d*)
                0x020093c8                        __arm9i_end__ = ABSOLUTE (.)

.twl_bss        0x020093c8        0x0
                0x020093c8                        __twl_bss_start__ = ABSOLUTE (.)
 *(.twl_bss .twl_bss.*)
 *(.twl.bss .twl.bss.*)
 *.twl*(.dynbss)
 *.twl*(.gnu.linkonce.b*)
 *.twl*(.bss*)
 *.twl*(COMMON)
                0x020093c8                        . = ALIGN (0x4)
                0x020093c8                        __twl_bss_end__ = ABSOLUTE (.)
                0x020093c8                        __twl_end__ = ABSOLUTE (.)

.stab
 *(.stab)

.stabstr
 *(.stabstr)

.stab.excl
 *(.stab.excl)

.stab.exclstr
 *(.stab.exclstr)

.stab.index
 *(.stab.index)

.stab.indexstr
 *(.stab.indexstr)

.comment        0x00000000       0x22
 *(.comment)
 .comment       0x00000000       0x22 build/source/main.c.o
                                 0x23 (size before relaxing)
 .comment       0x00000022       0x23 /opt/wonderful/thirdparty/blocksds/core/libs/libnds/lib/libnds9.a(securearea.c.o)
 .comment       0x00000022       0x23 /opt/wonderful/thirdparty/blocksds/core/libs/libnds/lib/libnds9.a(keys.c.o)
 .comment       0x00000022       0x23 /opt/wonderful/thirdparty/blocksds/core/libs/libnds/lib/libnds9.a(initSystem.c.o)
 .comment       0x00000022       0x23 /opt/wonderful/thirdparty/blocksds/core/libs/libnds/lib/libnds9.a(crt0_argv.c.o)
 .comment       0x00000022       0x23 /opt/wonderful/thirdparty/blocksds/core/libs/libnds/lib/libnds9.a(fifosystem.c.o)
 .comment       0x00000022       0x23 /opt/wonderful/thirdparty/blocksds/core/libs/libnds/lib/libnds9.a(interrupts.c.o)
 .comment       0x00000022       0x23 /opt/wonderful/thirdparty/blocksds/core/libs/libnds/lib/libnds9.a(exit.c.o)
 .comment       0x00000022       0x23 /opt/wonderful/thirdparty/blocksds/core/libs/libnds/lib/libnds9.a(sbrk.c.o)
 .comment       0x00000022       0x23 /opt/wonderful/thirdparty/blocksds/core/libs/libnds/lib/libnds9.a(threads.c.o)
 .comment       0x00000022       0x23 /opt/wonderful/thirdparty/blocksds/core/libs/libnds/lib/libnds9.a(video.c.o)
 .comment       0x00000022       0x23 /opt/wonderful/thirdparty/blocksds/core/libs/libnds/lib/libnds9.a(system.c.o)
 .comment       0x00000022       0x23 /opt/wonderful/thirdparty/blocksds/core/libs/libnds/lib/libnds9.a(coroutine.c.o)
 .comment       0x00000022       0x23 /opt/wonderful/thirdparty/blocksds/external/nitro-engine/lib/libNE.a(NEGeneral.c.o)
 .comment       0x00000022       0x23 /opt/wonderful/thirdparty/blocksds/external/nitro-engine/lib/libNE.a(NEDisplayList.c.o)
 .comment       0x00000022       0x23 /opt/wonderful/thirdparty/blocksds/external/nitro-engine/lib/libNE.a(NEModel.c.o)
 .comment       0x00000022       0x23 /opt/wonderful/thirdparty/blocksds/external/nitro-engine/lib/libNE.a(NEGUI.c.o)
 .comment       0x00000022       0x23 /opt/wonderful/thirdparty/blocksds/external/nitro-engine/lib/libNE.a(NEAnimation.c.o)
 .comment       0x00000022       0x23 /opt/wonderful/thirdparty/blocksds/external/nitro-engine/lib/libNE.a(NEPolygon.c.o)
 .comment       0x00000022       0x23 /opt/wonderful/thirdparty/blocksds/external/nitro-engine/lib/libNE.a(NETexture.c.o)
 .comment       0x00000022       0x23 /opt/wonderful/thirdparty/blocksds/external/nitro-engine/lib/libNE.a(NE2D.c.o)
 .comment       0x00000022       0x23 /opt/wonderful/thirdparty/blocksds/external/nitro-engine/lib/libNE.a(NEText.c.o)
 .comment       0x00000022       0x23 /opt/wonderful/thirdparty/blocksds/external/nitro-engine/lib/libNE.a(NECamera.c.o)
 .comment       0x00000022       0x23 /opt/wonderful/thirdparty/blocksds/external/nitro-engine/lib/libNE.a(NEPhysics.c.o)
 .comment       0x00000022       0x23 /opt/wonderful/thirdparty/blocksds/external/nitro-engine/lib/libNE.a(NEAlloc.c.o)
 .comment       0x00000022       0x23 /opt/wonderful/thirdparty/blocksds/external/nitro-engine/lib/libNE.a(NEPalette.c.o)
 .comment       0x00000022       0x23 /opt/wonderful/toolchain/gcc-arm-none-eabi/lib/gcc/arm-none-eabi/13.2.0/../../../../arm-none-eabi/lib/thumb/arm946e-s/libc.a(malloc-calloc.c.o)
 .comment       0x00000022       0x23 /opt/wonderful/toolchain/gcc-arm-none-eabi/lib/gcc/arm-none-eabi/13.2.0/../../../../arm-none-eabi/lib/thumb/arm946e-s/libc.a(malloc-free.c.o)
 .comment       0x00000022       0x23 /opt/wonderful/toolchain/gcc-arm-none-eabi/lib/gcc/arm-none-eabi/13.2.0/../../../../arm-none-eabi/lib/thumb/arm946e-s/libc.a(malloc-malloc.c.o)
 .comment       0x00000022       0x23 /opt/wonderful/toolchain/gcc-arm-none-eabi/lib/gcc/arm-none-eabi/13.2.0/../../../../arm-none-eabi/lib/thumb/arm946e-s/libc.a(libc_errno_errno.c.o)
 .comment       0x00000022       0x23 /opt/wonderful/toolchain/gcc-arm-none-eabi/lib/gcc/arm-none-eabi/13.2.0/../../../../arm-none-eabi/lib/thumb/arm946e-s/libc.a(libc_misc_init.c.o)
 .comment       0x00000022       0x23 /opt/wonderful/toolchain/gcc-arm-none-eabi/lib/gcc/arm-none-eabi/13.2.0/../../../../arm-none-eabi/lib/thumb/arm946e-s/libc.a(libc_misc_lock.c.o)
 .comment       0x00000022       0x23 /opt/wonderful/toolchain/gcc-arm-none-eabi/lib/gcc/arm-none-eabi/13.2.0/../../../../arm-none-eabi/lib/thumb/arm946e-s/libc.a(libc_stdlib_rand.c.o)
 .comment       0x00000022       0x23 /opt/wonderful/toolchain/gcc-arm-none-eabi/lib/gcc/arm-none-eabi/13.2.0/../../../../arm-none-eabi/lib/thumb/arm946e-s/libc.a(libc_stdlib_random.c.o)
 .comment       0x00000022       0x23 /opt/wonderful/toolchain/gcc-arm-none-eabi/lib/gcc/arm-none-eabi/13.2.0/../../../../arm-none-eabi/lib/thumb/arm946e-s/libc.a(libc_stdlib_pico-exit.c.o)
 .comment       0x00000022       0x23 /opt/wonderful/toolchain/gcc-arm-none-eabi/lib/gcc/arm-none-eabi/13.2.0/../../../../arm-none-eabi/lib/thumb/arm946e-s/libc.a(libc_tinystdio_exchange.c.o)
 .comment       0x00000022       0x23 /opt/wonderful/toolchain/gcc-arm-none-eabi/lib/gcc/arm-none-eabi/13.2.0/../../../../arm-none-eabi/lib/thumb/arm946e-s/libc.a(libc_misc_fini.c.o)
 .comment       0x00000022       0x23 /opt/wonderful/toolchain/gcc-arm-none-eabi/lib/gcc/arm-none-eabi/13.2.0/../../../../arm-none-eabi/lib/thumb/arm946e-s/libc.a(libc_tinystdio_fflush.c.o)
 .comment       0x00000022       0x23 /opt/wonderful/toolchain/gcc-arm-none-eabi/lib/gcc/arm-none-eabi/13.2.0/../../../../arm-none-eabi/lib/thumb/arm946e-s/libc.a(libc_tinystdio_fgetc.c.o)
 .comment       0x00000022       0x23 /opt/wonderful/thirdparty/blocksds/core/libs/libnds/lib/libnds9.a(touch.c.o)
 .comment       0x00000022       0x23 /opt/wonderful/thirdparty/blocksds/core/libs/libnds/lib/libnds9.a(cache.c.o)
 .comment       0x00000022       0x23 /opt/wonderful/thirdparty/blocksds/core/libs/libnds/lib/libnds9.a(console.c.o)
 .comment       0x00000022       0x23 /opt/wonderful/thirdparty/blocksds/core/libs/libnds/lib/libnds9.a(trig.c.o)
 .comment       0x00000022       0x23 /opt/wonderful/thirdparty/blocksds/core/libs/libnds/lib/libnds9.a(iob.c.o)
 .comment       0x00000022       0x23 /opt/wonderful/thirdparty/blocksds/core/libs/libnds/lib/libnds9.a(default_font.bin.o)
 .comment       0x00000022       0x23 /opt/wonderful/thirdparty/blocksds/core/libs/libnds/lib/libnds9.a(background.c.o)
 .comment       0x00000022       0x23 /opt/wonderful/toolchain/gcc-arm-none-eabi/lib/gcc/arm-none-eabi/13.2.0/../../../../arm-none-eabi/lib/thumb/arm946e-s/libc.a(libc_string_strchr.c.o)
 .comment       0x00000022       0x23 /opt/wonderful/toolchain/gcc-arm-none-eabi/lib/gcc/arm-none-eabi/13.2.0/../../../../arm-none-eabi/lib/thumb/arm946e-s/libc.a(libc_tinystdio_setvbuf.c.o)
 .comment       0x00000022       0x23 /opt/wonderful/toolchain/gcc-arm-none-eabi/lib/gcc/arm-none-eabi/13.2.0/../../../../arm-none-eabi/lib/thumb/arm946e-s/libc.a(libc_tinystdio_sscanf.c.o)
 .comment       0x00000022       0x23 /opt/wonderful/toolchain/gcc-arm-none-eabi/lib/gcc/arm-none-eabi/13.2.0/../../../../arm-none-eabi/lib/thumb/arm946e-s/libc.a(libc_tinystdio_vfscanf.c.o)
 .comment       0x00000022       0x23 /opt/wonderful/toolchain/gcc-arm-none-eabi/lib/gcc/arm-none-eabi/13.2.0/../../../../arm-none-eabi/lib/thumb/arm946e-s/libc.a(libc_tinystdio_atod_ryu.c.o)
 .comment       0x00000022       0x23 /opt/wonderful/toolchain/gcc-arm-none-eabi/lib/gcc/arm-none-eabi/13.2.0/../../../../arm-none-eabi/lib/thumb/arm946e-s/libc.a(libc_tinystdio_atof_ryu.c.o)
 .comment       0x00000022       0x23 /opt/wonderful/toolchain/gcc-arm-none-eabi/lib/gcc/arm-none-eabi/13.2.0/../../../../arm-none-eabi/lib/thumb/arm946e-s/libc.a(libc_tinystdio_ryu_divpow2.c.o)
 .comment       0x00000022       0x23 /opt/wonderful/toolchain/gcc-arm-none-eabi/lib/gcc/arm-none-eabi/13.2.0/../../../../arm-none-eabi/lib/thumb/arm946e-s/libc.a(libc_tinystdio_ryu_log2pow5.c.o)
 .comment       0x00000022       0x23 /opt/wonderful/toolchain/gcc-arm-none-eabi/lib/gcc/arm-none-eabi/13.2.0/../../../../arm-none-eabi/lib/thumb/arm946e-s/libc.a(libc_tinystdio_ryu_pow5bits.c.o)
 .comment       0x00000022       0x23 /opt/wonderful/toolchain/gcc-arm-none-eabi/lib/gcc/arm-none-eabi/13.2.0/../../../../arm-none-eabi/lib/thumb/arm946e-s/libc.a(libc_tinystdio_ryu_table.c.o)
 .comment       0x00000022       0x23 /opt/wonderful/toolchain/gcc-arm-none-eabi/lib/gcc/arm-none-eabi/13.2.0/../../../../arm-none-eabi/lib/thumb/arm946e-s/libc.a(libc_tinystdio_ryu_umul128.c.o)
 .comment       0x00000022       0x23 /opt/wonderful/toolchain/gcc-arm-none-eabi/lib/gcc/arm-none-eabi/13.2.0/../../../../arm-none-eabi/lib/thumb/arm946e-s/libc.a(libc_tinystdio_filestrget.c.o)
 .comment       0x00000022       0x23 /opt/wonderful/toolchain/gcc-arm-none-eabi/lib/gcc/arm-none-eabi/13.2.0/../../../../arm-none-eabi/lib/thumb/arm946e-s/libc.a(libc_tinystdio_ungetc.c.o)
 .comment       0x00000022       0x23 /opt/wonderful/toolchain/gcc-arm-none-eabi/lib/gcc/arm-none-eabi/13.2.0/../../../../arm-none-eabi/lib/thumb/arm946e-s/libc.a(libc_tinystdio_compare_exchange.c.o)
 .comment       0x00000022       0x23 /opt/wonderful/toolchain/gcc-arm-none-eabi/lib/gcc/arm-none-eabi/13.2.0/thumb/arm946e-s/libgcc.a(_muldi3.o)
 .comment       0x00000022       0x23 /opt/wonderful/toolchain/gcc-arm-none-eabi/lib/gcc/arm-none-eabi/13.2.0/thumb/arm946e-s/crtend.o

.ARM.attributes
                0x00000000       0x31
 .ARM.attributes
                0x00000000       0x21 /opt/wonderful/thirdparty/blocksds/core/sys/crts/ds_arm9_crt0.o
 .ARM.attributes
                0x00000021       0x2b build/source/main.c.o
 .ARM.attributes
                0x0000004c       0x21 /opt/wonderful/thirdparty/blocksds/core/libs/libnds/lib/libnds9.a(mpu_setup.s.o)
 .ARM.attributes
                0x0000006d       0x2b /opt/wonderful/thirdparty/blocksds/core/libs/libnds/lib/libnds9.a(securearea.c.o)
 .ARM.attributes
                0x00000098       0x2b /opt/wonderful/thirdparty/blocksds/core/libs/libnds/lib/libnds9.a(keys.c.o)
 .ARM.attributes
                0x000000c3       0x2b /opt/wonderful/thirdparty/blocksds/core/libs/libnds/lib/libnds9.a(initSystem.c.o)
 .ARM.attributes
                0x000000ee       0x2b /opt/wonderful/thirdparty/blocksds/core/libs/libnds/lib/libnds9.a(crt0_argv.c.o)
 .ARM.attributes
                0x00000119       0x2b /opt/wonderful/thirdparty/blocksds/core/libs/libnds/lib/libnds9.a(fifosystem.c.o)
 .ARM.attributes
                0x00000144       0x2b /opt/wonderful/thirdparty/blocksds/core/libs/libnds/lib/libnds9.a(interrupts.c.o)
 .ARM.attributes
                0x0000016f       0x2b /opt/wonderful/thirdparty/blocksds/core/libs/libnds/lib/libnds9.a(exit.c.o)
 .ARM.attributes
                0x0000019a       0x2b /opt/wonderful/thirdparty/blocksds/core/libs/libnds/lib/libnds9.a(sbrk.c.o)
 .ARM.attributes
                0x000001c5       0x2b /opt/wonderful/thirdparty/blocksds/core/libs/libnds/lib/libnds9.a(threads.c.o)
 .ARM.attributes
                0x000001f0       0x21 /opt/wonderful/thirdparty/blocksds/core/libs/libnds/lib/libnds9.a(IntrWait.s.o)
 .ARM.attributes
                0x00000211       0x21 /opt/wonderful/thirdparty/blocksds/core/libs/libnds/lib/libnds9.a(cpu_clock.s.o)
 .ARM.attributes
                0x00000232       0x1b /opt/wonderful/thirdparty/blocksds/core/libs/libnds/lib/libnds9.a(interruptDispatcher.s.o)
 .ARM.attributes
                0x0000024d       0x1b /opt/wonderful/thirdparty/blocksds/core/libs/libnds/lib/libnds9.a(dma.s.o)
 .ARM.attributes
                0x00000268       0x1b /opt/wonderful/thirdparty/blocksds/core/libs/libnds/lib/libnds9.a(memcpy.s.o)
 .ARM.attributes
                0x00000283       0x1b /opt/wonderful/thirdparty/blocksds/core/libs/libnds/lib/libnds9.a(coroutine.s.o)
 .ARM.attributes
                0x0000029e       0x1b /opt/wonderful/thirdparty/blocksds/core/libs/libnds/lib/libnds9.a(memset.s.o)
 .ARM.attributes
                0x000002b9       0x1b /opt/wonderful/thirdparty/blocksds/core/libs/libnds/lib/libnds9.a(aeabi_read_tp.s.o)
 .ARM.attributes
                0x000002d4       0x2b /opt/wonderful/thirdparty/blocksds/core/libs/libnds/lib/libnds9.a(video.c.o)
 .ARM.attributes
                0x000002ff       0x2b /opt/wonderful/thirdparty/blocksds/core/libs/libnds/lib/libnds9.a(system.c.o)
 .ARM.attributes
                0x0000032a       0x2b /opt/wonderful/thirdparty/blocksds/core/libs/libnds/lib/libnds9.a(coroutine.c.o)
 .ARM.attributes
                0x00000355       0x2b /opt/wonderful/thirdparty/blocksds/external/nitro-engine/lib/libNE.a(NEGeneral.c.o)
 .ARM.attributes
                0x00000380       0x2b /opt/wonderful/thirdparty/blocksds/external/nitro-engine/lib/libNE.a(NEDisplayList.c.o)
 .ARM.attributes
                0x000003ab       0x2b /opt/wonderful/thirdparty/blocksds/external/nitro-engine/lib/libNE.a(NEModel.c.o)
 .ARM.attributes
                0x000003d6       0x2b /opt/wonderful/thirdparty/blocksds/external/nitro-engine/lib/libNE.a(NEGUI.c.o)
 .ARM.attributes
                0x00000401       0x2b /opt/wonderful/thirdparty/blocksds/external/nitro-engine/lib/libNE.a(NEAnimation.c.o)
 .ARM.attributes
                0x0000042c       0x2b /opt/wonderful/thirdparty/blocksds/external/nitro-engine/lib/libNE.a(NEPolygon.c.o)
 .ARM.attributes
                0x00000457       0x2b /opt/wonderful/thirdparty/blocksds/external/nitro-engine/lib/libNE.a(NETexture.c.o)
 .ARM.attributes
                0x00000482       0x2b /opt/wonderful/thirdparty/blocksds/external/nitro-engine/lib/libNE.a(NE2D.c.o)
 .ARM.attributes
                0x000004ad       0x2b /opt/wonderful/thirdparty/blocksds/external/nitro-engine/lib/libNE.a(NEText.c.o)
 .ARM.attributes
                0x000004d8       0x2b /opt/wonderful/thirdparty/blocksds/external/nitro-engine/lib/libNE.a(NECamera.c.o)
 .ARM.attributes
                0x00000503       0x2b /opt/wonderful/thirdparty/blocksds/external/nitro-engine/lib/libNE.a(NEPhysics.c.o)
 .ARM.attributes
                0x0000052e       0x2b /opt/wonderful/thirdparty/blocksds/external/nitro-engine/lib/libNE.a(NEAlloc.c.o)
 .ARM.attributes
                0x00000559       0x2b /opt/wonderful/thirdparty/blocksds/external/nitro-engine/lib/libNE.a(NEPalette.c.o)
 .ARM.attributes
                0x00000584       0x2f /opt/wonderful/toolchain/gcc-arm-none-eabi/lib/gcc/arm-none-eabi/13.2.0/../../../../arm-none-eabi/lib/thumb/arm946e-s/libc.a(malloc-calloc.c.o)
 .ARM.attributes
                0x000005b3       0x2f /opt/wonderful/toolchain/gcc-arm-none-eabi/lib/gcc/arm-none-eabi/13.2.0/../../../../arm-none-eabi/lib/thumb/arm946e-s/libc.a(malloc-free.c.o)
 .ARM.attributes
                0x000005e2       0x2f /opt/wonderful/toolchain/gcc-arm-none-eabi/lib/gcc/arm-none-eabi/13.2.0/../../../../arm-none-eabi/lib/thumb/arm946e-s/libc.a(malloc-malloc.c.o)
 .ARM.attributes
                0x00000611       0x2f /opt/wonderful/toolchain/gcc-arm-none-eabi/lib/gcc/arm-none-eabi/13.2.0/../../../../arm-none-eabi/lib/thumb/arm946e-s/libc.a(libc_errno_errno.c.o)
 .ARM.attributes
                0x00000640       0x2f /opt/wonderful/toolchain/gcc-arm-none-eabi/lib/gcc/arm-none-eabi/13.2.0/../../../../arm-none-eabi/lib/thumb/arm946e-s/libc.a(libc_misc_init.c.o)
 .ARM.attributes
                0x0000066f       0x2f /opt/wonderful/toolchain/gcc-arm-none-eabi/lib/gcc/arm-none-eabi/13.2.0/../../../../arm-none-eabi/lib/thumb/arm946e-s/libc.a(libc_misc_lock.c.o)
 .ARM.attributes
                0x0000069e       0x2f /opt/wonderful/toolchain/gcc-arm-none-eabi/lib/gcc/arm-none-eabi/13.2.0/../../../../arm-none-eabi/lib/thumb/arm946e-s/libc.a(libc_stdlib_rand.c.o)
 .ARM.attributes
                0x000006cd       0x2f /opt/wonderful/toolchain/gcc-arm-none-eabi/lib/gcc/arm-none-eabi/13.2.0/../../../../arm-none-eabi/lib/thumb/arm946e-s/libc.a(libc_stdlib_random.c.o)
 .ARM.attributes
                0x000006fc       0x2f /opt/wonderful/toolchain/gcc-arm-none-eabi/lib/gcc/arm-none-eabi/13.2.0/../../../../arm-none-eabi/lib/thumb/arm946e-s/libc.a(libc_stdlib_pico-exit.c.o)
 .ARM.attributes
                0x0000072b       0x2f /opt/wonderful/toolchain/gcc-arm-none-eabi/lib/gcc/arm-none-eabi/13.2.0/../../../../arm-none-eabi/lib/thumb/arm946e-s/libc.a(libc_tinystdio_exchange.c.o)
 .ARM.attributes
                0x0000075a       0x2f /opt/wonderful/toolchain/gcc-arm-none-eabi/lib/gcc/arm-none-eabi/13.2.0/../../../../arm-none-eabi/lib/thumb/arm946e-s/libc.a(libc_misc_fini.c.o)
 .ARM.attributes
                0x00000789       0x2f /opt/wonderful/toolchain/gcc-arm-none-eabi/lib/gcc/arm-none-eabi/13.2.0/../../../../arm-none-eabi/lib/thumb/arm946e-s/libc.a(libc_tinystdio_fflush.c.o)
 .ARM.attributes
                0x000007b8       0x2f /opt/wonderful/toolchain/gcc-arm-none-eabi/lib/gcc/arm-none-eabi/13.2.0/../../../../arm-none-eabi/lib/thumb/arm946e-s/libc.a(libc_tinystdio_fgetc.c.o)
 .ARM.attributes
                0x000007e7       0x2b /opt/wonderful/thirdparty/blocksds/core/libs/libnds/lib/libnds9.a(touch.c.o)
 .ARM.attributes
                0x00000812       0x2b /opt/wonderful/thirdparty/blocksds/core/libs/libnds/lib/libnds9.a(cache.c.o)
 .ARM.attributes
                0x0000083d       0x2b /opt/wonderful/thirdparty/blocksds/core/libs/libnds/lib/libnds9.a(console.c.o)
 .ARM.attributes
                0x00000868       0x2b /opt/wonderful/thirdparty/blocksds/core/libs/libnds/lib/libnds9.a(trig.c.o)
 .ARM.attributes
                0x00000893       0x2b /opt/wonderful/thirdparty/blocksds/core/libs/libnds/lib/libnds9.a(iob.c.o)
 .ARM.attributes
                0x000008be       0x2b /opt/wonderful/thirdparty/blocksds/core/libs/libnds/lib/libnds9.a(default_font.bin.o)
 .ARM.attributes
                0x000008e9       0x2b /opt/wonderful/thirdparty/blocksds/core/libs/libnds/lib/libnds9.a(background.c.o)
 .ARM.attributes
                0x00000914       0x2f /opt/wonderful/toolchain/gcc-arm-none-eabi/lib/gcc/arm-none-eabi/13.2.0/../../../../arm-none-eabi/lib/thumb/arm946e-s/libc.a(libc_string_strchr.c.o)
 .ARM.attributes
                0x00000943       0x2f /opt/wonderful/toolchain/gcc-arm-none-eabi/lib/gcc/arm-none-eabi/13.2.0/../../../../arm-none-eabi/lib/thumb/arm946e-s/libc.a(libc_tinystdio_setvbuf.c.o)
 .ARM.attributes
                0x00000972       0x2f /opt/wonderful/toolchain/gcc-arm-none-eabi/lib/gcc/arm-none-eabi/13.2.0/../../../../arm-none-eabi/lib/thumb/arm946e-s/libc.a(libc_tinystdio_sscanf.c.o)
 .ARM.attributes
                0x000009a1       0x2f /opt/wonderful/toolchain/gcc-arm-none-eabi/lib/gcc/arm-none-eabi/13.2.0/../../../../arm-none-eabi/lib/thumb/arm946e-s/libc.a(libc_tinystdio_vfscanf.c.o)
 .ARM.attributes
                0x000009d0       0x2f /opt/wonderful/toolchain/gcc-arm-none-eabi/lib/gcc/arm-none-eabi/13.2.0/../../../../arm-none-eabi/lib/thumb/arm946e-s/libc.a(libc_tinystdio_atod_ryu.c.o)
 .ARM.attributes
                0x000009ff       0x2f /opt/wonderful/toolchain/gcc-arm-none-eabi/lib/gcc/arm-none-eabi/13.2.0/../../../../arm-none-eabi/lib/thumb/arm946e-s/libc.a(libc_tinystdio_atof_ryu.c.o)
 .ARM.attributes
                0x00000a2e       0x2f /opt/wonderful/toolchain/gcc-arm-none-eabi/lib/gcc/arm-none-eabi/13.2.0/../../../../arm-none-eabi/lib/thumb/arm946e-s/libc.a(libc_tinystdio_ryu_divpow2.c.o)
 .ARM.attributes
                0x00000a5d       0x2f /opt/wonderful/toolchain/gcc-arm-none-eabi/lib/gcc/arm-none-eabi/13.2.0/../../../../arm-none-eabi/lib/thumb/arm946e-s/libc.a(libc_tinystdio_ryu_log2pow5.c.o)
 .ARM.attributes
                0x00000a8c       0x2f /opt/wonderful/toolchain/gcc-arm-none-eabi/lib/gcc/arm-none-eabi/13.2.0/../../../../arm-none-eabi/lib/thumb/arm946e-s/libc.a(libc_tinystdio_ryu_pow5bits.c.o)
 .ARM.attributes
                0x00000abb       0x2f /opt/wonderful/toolchain/gcc-arm-none-eabi/lib/gcc/arm-none-eabi/13.2.0/../../../../arm-none-eabi/lib/thumb/arm946e-s/libc.a(libc_tinystdio_ryu_table.c.o)
 .ARM.attributes
                0x00000aea       0x2f /opt/wonderful/toolchain/gcc-arm-none-eabi/lib/gcc/arm-none-eabi/13.2.0/../../../../arm-none-eabi/lib/thumb/arm946e-s/libc.a(libc_tinystdio_ryu_umul128.c.o)
 .ARM.attributes
                0x00000b19       0x2f /opt/wonderful/toolchain/gcc-arm-none-eabi/lib/gcc/arm-none-eabi/13.2.0/../../../../arm-none-eabi/lib/thumb/arm946e-s/libc.a(libc_tinystdio_filestrget.c.o)
 .ARM.attributes
                0x00000b48       0x2f /opt/wonderful/toolchain/gcc-arm-none-eabi/lib/gcc/arm-none-eabi/13.2.0/../../../../arm-none-eabi/lib/thumb/arm946e-s/libc.a(libc_tinystdio_ungetc.c.o)
 .ARM.attributes
                0x00000b77       0x2f /opt/wonderful/toolchain/gcc-arm-none-eabi/lib/gcc/arm-none-eabi/13.2.0/../../../../arm-none-eabi/lib/thumb/arm946e-s/libc.a(libc_tinystdio_compare_exchange.c.o)
 .ARM.attributes
                0x00000ba6       0x1d /opt/wonderful/toolchain/gcc-arm-none-eabi/lib/gcc/arm-none-eabi/13.2.0/thumb/arm946e-s/libgcc.a(_thumb1_case_uqi.o)
 .ARM.attributes
                0x00000bc3       0x1d /opt/wonderful/toolchain/gcc-arm-none-eabi/lib/gcc/arm-none-eabi/13.2.0/thumb/arm946e-s/libgcc.a(_udivsi3.o)
 .ARM.attributes
                0x00000be0       0x1d /opt/wonderful/toolchain/gcc-arm-none-eabi/lib/gcc/arm-none-eabi/13.2.0/thumb/arm946e-s/libgcc.a(_divsi3.o)
 .ARM.attributes
                0x00000bfd       0x1d /opt/wonderful/toolchain/gcc-arm-none-eabi/lib/gcc/arm-none-eabi/13.2.0/thumb/arm946e-s/libgcc.a(_dvmd_tls.o)
 .ARM.attributes
                0x00000c1a       0x1d /opt/wonderful/toolchain/gcc-arm-none-eabi/lib/gcc/arm-none-eabi/13.2.0/thumb/arm946e-s/libgcc.a(_lshrdi3.o)
 .ARM.attributes
                0x00000c37       0x1d /opt/wonderful/toolchain/gcc-arm-none-eabi/lib/gcc/arm-none-eabi/13.2.0/thumb/arm946e-s/libgcc.a(_ashldi3.o)
 .ARM.attributes
                0x00000c54       0x1d /opt/wonderful/toolchain/gcc-arm-none-eabi/lib/gcc/arm-none-eabi/13.2.0/thumb/arm946e-s/libgcc.a(_arm_addsubdf3.o)
 .ARM.attributes
                0x00000c71       0x1d /opt/wonderful/toolchain/gcc-arm-none-eabi/lib/gcc/arm-none-eabi/13.2.0/thumb/arm946e-s/libgcc.a(_arm_truncdfsf2.o)
 .ARM.attributes
                0x00000c8e       0x1d /opt/wonderful/toolchain/gcc-arm-none-eabi/lib/gcc/arm-none-eabi/13.2.0/thumb/arm946e-s/libgcc.a(_clzsi2.o)
 .ARM.attributes
                0x00000cab       0x1d /opt/wonderful/toolchain/gcc-arm-none-eabi/lib/gcc/arm-none-eabi/13.2.0/thumb/arm946e-s/libgcc.a(_clzdi2.o)
 .ARM.attributes
                0x00000cc8       0x2b /opt/wonderful/toolchain/gcc-arm-none-eabi/lib/gcc/arm-none-eabi/13.2.0/thumb/arm946e-s/libgcc.a(_muldi3.o)
 .ARM.attributes
                0x00000cf3       0x2b /opt/wonderful/toolchain/gcc-arm-none-eabi/lib/gcc/arm-none-eabi/13.2.0/thumb/arm946e-s/crtend.o
 .ARM.attributes
                0x00000d1e       0x1d /opt/wonderful/toolchain/gcc-arm-none-eabi/lib/gcc/arm-none-eabi/13.2.0/thumb/arm946e-s/crtn.o

.debug
 *(.debug)

.line
 *(.line)

.debug_srcinfo
 *(.debug_srcinfo)

.debug_sfnames
 *(.debug_sfnames)

.debug_aranges  0x00000000      0x550
 *(.debug_aranges)
 .debug_aranges
                0x00000000       0x20 /opt/wonderful/toolchain/gcc-arm-none-eabi/lib/gcc/arm-none-eabi/13.2.0/../../../../arm-none-eabi/lib/thumb/arm946e-s/libc.a(malloc-calloc.c.o)
 .debug_aranges
                0x00000020       0x28 /opt/wonderful/toolchain/gcc-arm-none-eabi/lib/gcc/arm-none-eabi/13.2.0/../../../../arm-none-eabi/lib/thumb/arm946e-s/libc.a(malloc-free.c.o)
 .debug_aranges
                0x00000048       0x20 /opt/wonderful/toolchain/gcc-arm-none-eabi/lib/gcc/arm-none-eabi/13.2.0/../../../../arm-none-eabi/lib/thumb/arm946e-s/libc.a(malloc-malloc.c.o)
 .debug_aranges
                0x00000068       0x18 /opt/wonderful/toolchain/gcc-arm-none-eabi/lib/gcc/arm-none-eabi/13.2.0/../../../../arm-none-eabi/lib/thumb/arm946e-s/libc.a(libc_errno_errno.c.o)
 .debug_aranges
                0x00000080       0x20 /opt/wonderful/toolchain/gcc-arm-none-eabi/lib/gcc/arm-none-eabi/13.2.0/../../../../arm-none-eabi/lib/thumb/arm946e-s/libc.a(libc_misc_init.c.o)
 .debug_aranges
                0x000000a0       0x58 /opt/wonderful/toolchain/gcc-arm-none-eabi/lib/gcc/arm-none-eabi/13.2.0/../../../../arm-none-eabi/lib/thumb/arm946e-s/libc.a(libc_misc_lock.c.o)
 .debug_aranges
                0x000000f8       0x20 /opt/wonderful/toolchain/gcc-arm-none-eabi/lib/gcc/arm-none-eabi/13.2.0/../../../../arm-none-eabi/lib/thumb/arm946e-s/libc.a(libc_stdlib_rand.c.o)
 .debug_aranges
                0x00000118       0x20 /opt/wonderful/toolchain/gcc-arm-none-eabi/lib/gcc/arm-none-eabi/13.2.0/../../../../arm-none-eabi/lib/thumb/arm946e-s/libc.a(libc_stdlib_random.c.o)