Archive member included to satisfy reference by file (symbol)

/opt/wonderful/thirdparty/blocksds/core/libs/maxmod/lib/libmm9.a(mm_main9.s.o)
                              build/source/main.c.o (mmInitDefaultMem)
/opt/wonderful/thirdparty/blocksds/core/libs/maxmod/lib/libmm9.a(mm_comms.s.o)
                              /opt/wonderful/thirdparty/blocksds/core/libs/maxmod/lib/libmm9.a(mm_main9.s.o) (mmSetupComms)
/opt/wonderful/thirdparty/blocksds/core/libs/maxmod/lib/libmm9.a(mm_memory.s.o)
                              build/source/main.c.o (mmLoad)
/opt/wonderful/thirdparty/blocksds/core/libs/maxmod/lib/libmm9.a(mm_flusher.s.o)
                              /opt/wonderful/thirdparty/blocksds/core/libs/maxmod/lib/libmm9.a(mm_memory.s.o) (mmFlushBank)
/opt/wonderful/thirdparty/blocksds/core/libs/maxmod/lib/libmm9.a(mm_soundbank.s.o)
                              /opt/wonderful/thirdparty/blocksds/core/libs/maxmod/lib/libmm9.a(mm_main9.s.o) (mmSoundBankInMemory)
/opt/wonderful/thirdparty/blocksds/core/libs/libnds/lib/libnds9.a(IntrWait.s.o)
                              build/source/main.c.o (swiWaitForVBlank)
/opt/wonderful/thirdparty/blocksds/core/libs/libnds/lib/libnds9.a(mpu_setup.s.o)
                              /opt/wonderful/thirdparty/blocksds/core/sys/crts/ds_arm9_crt0.o (__libnds_mpu_setup)
/opt/wonderful/thirdparty/blocksds/core/libs/libnds/lib/libnds9.a(cp15.s.o)
                              /opt/wonderful/thirdparty/blocksds/core/libs/libnds/lib/libnds9.a(mpu_setup.s.o) (CP15_CleanAndFlushDCache)
/opt/wonderful/thirdparty/blocksds/core/libs/libnds/lib/libnds9.a(memset.s.o)
                              build/source/main.c.o (memset)
/opt/wonderful/thirdparty/blocksds/core/libs/libnds/lib/libnds9.a(videoGL.c.o)
                              build/source/main.c.o (glGlobalData)
/opt/wonderful/thirdparty/blocksds/core/libs/libnds/lib/libnds9.a(system.c.o)
                              /opt/wonderful/thirdparty/blocksds/core/libs/libnds/lib/libnds9.a(videoGL.c.o) (powerOn)
/opt/wonderful/thirdparty/blocksds/core/libs/libnds/lib/libnds9.a(securearea.c.o)
                              /opt/wonderful/thirdparty/blocksds/core/sys/crts/ds_arm9_crt0.o (__secure_area__)
/opt/wonderful/thirdparty/blocksds/core/libs/libnds/lib/libnds9.a(keys.c.o)
                              build/source/main.c.o (scanKeys)
/opt/wonderful/thirdparty/blocksds/core/libs/libnds/lib/libnds9.a(initSystem.c.o)
                              /opt/wonderful/thirdparty/blocksds/core/sys/crts/ds_arm9_crt0.o (initSystem)
/opt/wonderful/thirdparty/blocksds/core/libs/libnds/lib/libnds9.a(cache.c.o)
                              /opt/wonderful/thirdparty/blocksds/core/libs/libnds/lib/libnds9.a(videoGL.c.o) (CP15_CleanAndFlushDCacheRange)
/opt/wonderful/thirdparty/blocksds/core/libs/libnds/lib/libnds9.a(keyboard.c.o)
                              build/source/main.c.o (keyboardDemoInit)
/opt/wonderful/thirdparty/blocksds/core/libs/libnds/lib/libnds9.a(console.c.o)
                              build/source/main.c.o (consoleDemoInit)
/opt/wonderful/thirdparty/blocksds/core/libs/libnds/lib/libnds9.a(dynamicArray.c.o)
                              /opt/wonderful/thirdparty/blocksds/core/libs/libnds/lib/libnds9.a(videoGL.c.o) (DynamicArrayInit)
/opt/wonderful/thirdparty/blocksds/core/libs/libnds/lib/libnds9.a(decompress.c.o)
                              /opt/wonderful/thirdparty/blocksds/core/libs/libnds/lib/libnds9.a(keyboard.c.o) (decompress)
/opt/wonderful/thirdparty/blocksds/core/libs/libnds/lib/libnds9.a(trig.c.o)
                              build/source/main.c.o (sinLerp)
/opt/wonderful/thirdparty/blocksds/core/libs/libnds/lib/libnds9.a(crt0_argv.c.o)
                              /opt/wonderful/thirdparty/blocksds/core/sys/crts/ds_arm9_crt0.o (build_argv)
/opt/wonderful/thirdparty/blocksds/core/libs/libnds/lib/libnds9.a(iob.c.o)
                              /opt/wonderful/thirdparty/blocksds/core/libs/libnds/lib/libnds9.a(keyboard.c.o) (stdin_buf_empty)
/opt/wonderful/thirdparty/blocksds/core/libs/libnds/lib/libnds9.a(fifosystem.c.o)
                              /opt/wonderful/thirdparty/blocksds/core/libs/maxmod/lib/libmm9.a(mm_comms.s.o) (fifoSetValue32Handler)
/opt/wonderful/thirdparty/blocksds/core/libs/libnds/lib/libnds9.a(debugprint.c.o)
                              /opt/wonderful/thirdparty/blocksds/core/libs/libnds/lib/libnds9.a(console.c.o) (nocash_putc_buffered)
/opt/wonderful/thirdparty/blocksds/core/libs/libnds/lib/libnds9.a(interrupts.c.o)
                              /opt/wonderful/thirdparty/blocksds/core/libs/libnds/lib/libnds9.a(fifosystem.c.o) (irqSet)
/opt/wonderful/thirdparty/blocksds/core/libs/libnds/lib/libnds9.a(exit.c.o)
                              /opt/wonderful/thirdparty/blocksds/core/sys/crts/ds_arm9_crt0.o (__libnds_exit)
/opt/wonderful/thirdparty/blocksds/core/libs/libnds/lib/libnds9.a(sbrk.c.o)
[...]
Memory Configuration

Name             Origin             Length             Attributes
ewram            0x02000000         0x00380000
dtcm             0x02ff0000         0x00004000
vectors          0x01000000         0x00000100
itcm             0x01000100         0x00007f00
*default*        0x00000000         0xffffffff

Linker script and memory map

                0x02380000                        __ewram_end = (ORIGIN (ewram) + LENGTH (ewram))
                0x02380000                        __eheap_end = (ORIGIN (ewram) + LENGTH (ewram))
                0x02ff4000                        __dtcm_top = (ORIGIN (dtcm) + LENGTH (dtcm))
                0x02ff3ff8                        __irq_flags = (__dtcm_top - 0x8)
                0x02ff3ffc                        __irq_vector = (__dtcm_top - 0x4)
                0x02ff3f00                        __sp_svc = (__dtcm_top - 0x100)
                0x02ff3e00                        __sp_irq = (__sp_svc - 0x100)
                0x02ff3d00                        __sp_usr = (__sp_irq - 0x100)

.secure         0x02000000      0x800
 *(.secure)
 .secure        0x02000000      0x800 /opt/wonderful/thirdparty/blocksds/core/libs/libnds/lib/libnds9.a(securearea.c.o)
                0x02000000                __secure_area__

.crt0           0x02000800      0x308
                0x02000800                        __text_start = .
 *(.crt0)
 .crt0          0x02000800      0x308 /opt/wonderful/thirdparty/blocksds/core/sys/crts/ds_arm9_crt0.o
                0x02000800                _start
                0x02000b08                        . = ALIGN (0x4)
                0x00004000                        PROVIDE (__dldi_size = 0x4000)
                0x0000000e                        __dldi_log2_size = (LOG2CEIL ((__dldi_size + 0x1)) - 0x1)

.dldi           0x02000b40     0x4000
                0x02000b40                        __dldi_start = .
 *(.dldi)
 .dldi          0x02000b40       0x88 /opt/wonderful/thirdparty/blocksds/core/libs/libnds/lib/libnds9.a(dldi_stub.s.o)
                0x02000b40                _io_dldi_stub
                0x02000bc8                        . = ALIGN (0x4)
                0x02000bc8                        __dldi_data_end = .
                0x02004b40                        __dldi_end = (__dldi_data_end > __dldi_start)?(__dldi_start + __dldi_size):__dldi_start
                0x02004b40                        . = __dldi_end
 *fill*         0x02000bc8     0x3f78 00
                0x02004b40                        . = ALIGN (0x4)

.plt
 *(.plt)

.init           0x02004b40        0x8
 *(SORT_NONE(.init))
 .init          0x02004b40        0x8 /opt/wonderful/toolchain/gcc-arm-none-eabi/lib/gcc/arm-none-eabi/13.2.0/thumb/arm946e-s/crtn.o

.text           0x02004b48     0xe4b8
 *(EXCLUDE_FILE(*.twl* *.vectors* *.itcm*) .text)
 .text          0x02004b48      0x108 /opt/wonderful/thirdparty/blocksds/core/libs/maxmod/lib/libmm9.a(mm_main9.s.o)
                0x02004b48                mmActive
                0x02004b4e                mmSetEventHandler
                0x02004b54                mmInit
                0x02004b7e                mmInitDefault
                0x02004bc8                mmInitDefaultMem
                0x02004bea                mmSuspendIRQ_t
                0x02004c08                mmRestoreIRQ_t
 .text          0x02004c50      0x24c /opt/wonderful/thirdparty/blocksds/core/libs/maxmod/lib/libmm9.a(mm_comms.s.o)
                0x02004c50                mmSetupComms
                0x02004ca2                mmSendBank
                0x02004cac                mmLockChannels
                0x02004cb2                mmUnlockChannels
                0x02004cb8                mmStart
                0x02004cc2                mmPause
                0x02004cc6                mmResume
                0x02004cca                mmStop
                0x02004cce                mmPosition
                0x02004cd2                mmJingle
                0x02004cd6                mmSetModuleVolume
                0x02004cda                mmSetJingleVolume
                0x02004cde                mmSetModuleTempo
                0x02004ce2                mmSetModulePitch
                0x02004ce6                mmSetEffectsVolume
                0x02004cea                mmSelectMode
                0x02004cee                mmStreamBegin
                0x02004d02                mmStreamEnd
                0x02004d58                mmEffect
                0x02004d7c                mmEffectVolume
                0x02004d80                mmEffectPanning
                0x02004d84                mmEffectRate
                0x02004d8e                mmEffectScaleRate
                0x02004d98                mmEffectRelease
                0x02004d9e                mmEffectCancel
                0x02004da4                mmEffectEx
                0x02004de2                mmEffectCancelAll
                0x02004de6                mmReverbEnable
                0x02004dea                mmReverbDisable
                0x02004dee                mmReverbConfigure
                0x02004e4a                mmReverbStart
                0x02004e4e                mmReverbStop
 .text          0x02004e9c      0x120 /opt/wonderful/thirdparty/blocksds/core/libs/maxmod/lib/libmm9.a(mm_memory.s.o)
                0x02004e9c                mmLoad
                0x02004eec                mmUnload
                0x02004f44                mmLoadEffect
                0x02004f7c                mmUnloadEffect
 .text          0x02004fbc       0x3c /opt/wonderful/thirdparty/blocksds/core/libs/maxmod/lib/libmm9.a(mm_flusher.s.o)
                0x02004fbc                mmFlushBank
 .text          0x02004ff8      0x100 /opt/wonderful/thirdparty/blocksds/core/libs/maxmod/lib/libmm9.a(mm_soundbank.s.o)
                0x02004ff8                mmSoundBankInMemory
                0x02005000                mmSoundBankInFiles
                0x02005012                mmSetCustomSoundBankHandler
                0x0200503e                mmsHandleFileOp
 .text          0x020050f8       0x10 /opt/wonderful/toolchain/gcc-arm-none-eabi/lib/gcc/arm-none-eabi/13.2.0/../../../../arm-none-eabi/lib/thumb/arm946e-s/libc.a(strcpy.S.o)
                0x020050f8                strcpy
 .text          0x02005108        0xe /opt/wonderful/toolchain/gcc-arm-none-eabi/lib/gcc/arm-none-eabi/13.2.0/../../../../arm-none-eabi/lib/thumb/arm946e-s/libc.a(strlen.S.o)
                0x02005108                strlen
 *fill*         0x02005116        0x2 ff
 .text          0x02005118       0x14 /opt/wonderful/toolchain/gcc-arm-none-eabi/lib/gcc/arm-none-eabi/13.2.0/thumb/arm946e-s/libgcc.a(_thumb1_case_uqi.o)
                0x02005118                __gnu_thumb1_case_uqi
 .text          0x0200512c       0x14 /opt/wonderful/toolchain/gcc-arm-none-eabi/lib/gcc/arm-none-eabi/13.2.0/thumb/arm946e-s/libgcc.a(_thumb1_case_uhi.o)
                0x0200512c                __gnu_thumb1_case_uhi
 .text          0x02005140      0x198 /opt/wonderful/toolchain/gcc-arm-none-eabi/lib/gcc/arm-none-eabi/13.2.0/thumb/arm946e-s/libgcc.a(_arm_mulsf3.o)
                0x02005140                __mulsf3
                0x02005140                __aeabi_fmul
 .text          0x020052d8      0x214 /opt/wonderful/toolchain/gcc-arm-none-eabi/lib/gcc/arm-none-eabi/13.2.0/thumb/arm946e-s/libgcc.a(_udivsi3.o)
                0x020052d8                __udivsi3
                0x020052d8                __aeabi_uidiv
                0x020054cc                __aeabi_uidivmod
 .text          0x020054ec      0x248 /opt/wonderful/toolchain/gcc-arm-none-eabi/lib/gcc/arm-none-eabi/13.2.0/thumb/arm946e-s/libgcc.a(_divsi3.o)
                0x020054ec                __aeabi_idiv
                0x020054ec                __divsi3
                0x02005714                __aeabi_idivmod
 .text          0x02005734        0x4 /opt/wonderful/toolchain/gcc-arm-none-eabi/lib/gcc/arm-none-eabi/13.2.0/thumb/arm946e-s/libgcc.a(_dvmd_tls.o)
                0x02005734                __aeabi_ldiv0
                0x02005734                __aeabi_idiv0
 .text          0x02005738       0x18 /opt/wonderful/toolchain/gcc-arm-none-eabi/lib/gcc/arm-none-eabi/13.2.0/thumb/arm946e-s/libgcc.a(_lshrdi3.o)
                0x02005738                __aeabi_llsr
                0x02005738                __lshrdi3
 .text          0x02005750       0x1c /opt/wonderful/toolchain/gcc-arm-none-eabi/lib/gcc/arm-none-eabi/13.2.0/thumb/arm946e-s/libgcc.a(_ashrdi3.o)
                0x02005750                __ashrdi3
                0x02005750                __aeabi_lasr
 .text          0x0200576c       0x18 /opt/wonderful/toolchain/gcc-arm-none-eabi/lib/gcc/arm-none-eabi/13.2.0/thumb/arm946e-s/libgcc.a(_ashldi3.o)
                0x0200576c                __ashldi3
                0x0200576c                __aeabi_llsl
 .text          0x02005784      0x3c0 /opt/wonderful/toolchain/gcc-arm-none-eabi/lib/gcc/arm-none-eabi/13.2.0/thumb/arm946e-s/libgcc.a(_arm_addsubdf3.o)
                0x02005784                __aeabi_drsub
                0x0200578c                __subdf3
                0x0200578c                __aeabi_dsub
                0x02005790                __adddf3
                0x02005790                __aeabi_dadd
                0x02005a3c                __aeabi_ui2d
                0x02005a3c                __floatunsidf
                0x02005a60                __floatsidf
                0x02005a60                __aeabi_i2d
                0x02005a88                __extendsfdf2
                0x02005a88                __aeabi_f2d
                0x02005ad0                __aeabi_ul2d
                0x02005ad0                __floatundidf
                0x02005ae4                __aeabi_l2d
                0x02005ae4                __floatdidf
 .text          0x02005b44      0x470 /opt/wonderful/toolchain/gcc-arm-none-eabi/lib/gcc/arm-none-eabi/13.2.0/thumb/arm946e-s/libgcc.a(_arm_muldivdf3.o)
                0x02005b44                __muldf3
                0x02005b44                __aeabi_dmul
                0x02005db0                __aeabi_ddiv
                0x02005db0                __divdf3
 .text          0x02005fb4       0x5c /opt/wonderful/toolchain/gcc-arm-none-eabi/lib/gcc/arm-none-eabi/13.2.0/thumb/arm946e-s/libgcc.a(_arm_fixdfsi.o)
                0x02005fb4                __fixdfsi
                0x02005fb4                __aeabi_d2iz
 .text          0x02006010       0xa0 /opt/wonderful/toolchain/gcc-arm-none-eabi/lib/gcc/arm-none-eabi/13.2.0/thumb/arm946e-s/libgcc.a(_arm_truncdfsf2.o)
                0x02006010                __aeabi_d2f
                0x02006010                __truncdfsf2
 .text          0x020060b0      0x250 /opt/wonderful/toolchain/gcc-arm-none-eabi/lib/gcc/arm-none-eabi/13.2.0/thumb/arm946e-s/libgcc.a(_arm_addsubsf3.o)
                0x020060b0                __aeabi_frsub
                0x020060b8                __subsf3
                0x020060b8                __aeabi_fsub
                0x020060bc                __aeabi_fadd
                0x020060bc                __addsf3
                0x0200624c                __floatunsisf
                0x0200624c                __aeabi_ui2f
                0x02006254                __floatsisf
                0x02006254                __aeabi_i2f
                0x02006274                __floatundisf
                0x02006274                __aeabi_ul2f
                0x02006284                __floatdisf
                0x02006284                __aeabi_l2f
 .text          0x02006300        0x8 /opt/wonderful/toolchain/gcc-arm-none-eabi/lib/gcc/arm-none-eabi/13.2.0/thumb/arm946e-s/libgcc.a(_clzsi2.o)
                0x02006300                __clzsi2
 .text          0x02006308       0x14 /opt/wonderful/toolchain/gcc-arm-none-eabi/lib/gcc/arm-none-eabi/13.2.0/thumb/arm946e-s/libgcc.a(_clzdi2.o)
                0x02006308                __clzdi2
 .text          0x0200631c       0xd4 /opt/wonderful/toolchain/gcc-arm-none-eabi/lib/gcc/arm-none-eabi/13.2.0/thumb/arm946e-s/libgcc.a(_aeabi_ldivmod.o)
                0x0200631c                __aeabi_ldivmod
 .text          0x020063f0       0x3c /opt/wonderful/toolchain/gcc-arm-none-eabi/lib/gcc/arm-none-eabi/13.2.0/thumb/arm946e-s/libgcc.a(_aeabi_uldivmod.o)
                0x020063f0                __aeabi_uldivmod
 .text          0x0200642c       0x60 /opt/wonderful/toolchain/gcc-arm-none-eabi/lib/gcc/arm-none-eabi/13.2.0/thumb/arm946e-s/libgcc.a(_muldi3.o)
                0x0200642c                __aeabi_lmul
                0x0200642c                __muldi3
 .text          0x0200648c      0x198 /opt/wonderful/toolchain/gcc-arm-none-eabi/lib/gcc/arm-none-eabi/13.2.0/thumb/arm946e-s/libgcc.a(_udivmoddi4.o)
                0x0200648c                __udivmoddi4
 *(EXCLUDE_FILE(*.twl* *.vectors* *.itcm*) .stub)
 *(EXCLUDE_FILE(*.twl* *.vectors* *.itcm*) .text.*)
 .text.crossf32
                0x02006624       0x84 build/source/main.c.o
 .text.dotf32   0x020066a8       0x44 build/source/main.c.o
 .text.normalizef32
                0x020066ec      0x100 build/source/main.c.o
 .text.on_key_pressed
                0x020067ec        0xc build/source/main.c.o
                0x020067ec                on_key_pressed
 .text.startup.main
                0x020067f8      0x5d8 build/source/main.c.o
                0x020067f8                main
 .text.swiWaitForVBlank
                0x02006dd0        0x8 /opt/wonderful/thirdparty/blocksds/core/libs/libnds/lib/libnds9.a(IntrWait.s.o)
                0x02006dd0                swiWaitForVBlank
 .text.swiIntrWait
                0x02006dd8       0x70 /opt/wonderful/thirdparty/blocksds/core/libs/libnds/lib/libnds9.a(IntrWait.s.o)
                0x02006dd8                swiIntrWait
 .text.__libnds_mpu_setup
                0x02006e48      0x168 /opt/wonderful/thirdparty/blocksds/core/libs/libnds/lib/libnds9.a(mpu_setup.s.o)
                0x02006e48                __libnds_mpu_setup
 .text.memUncached
                0x02006fb0       0x20 /opt/wonderful/thirdparty/blocksds/core/libs/libnds/lib/libnds9.a(mpu_setup.s.o)
                0x02006fb0                memUncached
 .text.__aeabi_memset
                0x02006fd0       0x9c /opt/wonderful/thirdparty/blocksds/core/libs/libnds/lib/libnds9.a(memset.s.o)
                0x02006fd0                __aeabi_memset
                0x02006ff4                __aeabi_memset8
                0x02006ff4                __aeabi_memset4
                0x02007000                __ndsabi_wordset4
                0x02007004                __ndsabi_lwordset4
 .text.__ndsabi_memset1
                0x0200706c       0x10 /opt/wonderful/thirdparty/blocksds/core/libs/libnds/lib/libnds9.a(memset.s.o)
                0x0200706c                __ndsabi_memset1
 .text.memset   0x0200707c       0x1c /opt/wonderful/thirdparty/blocksds/core/libs/libnds/lib/libnds9.a(memset.s.o)
                0x0200707c                memset
 .text.vramBlock__deallocateBlock.part.0
                0x02007098      0x194 /opt/wonderful/thirdparty/blocksds/core/libs/libnds/lib/libnds9.a(videoGL.c.o)
 .text.vramBlock_init
                0x0200722c       0x5c /opt/wonderful/thirdparty/blocksds/core/libs/libnds/lib/libnds9.a(videoGL.c.o)
                0x0200722c                vramBlock_init
 .text.vramBlock__allocateBlock
                0x02007288      0x184 /opt/wonderful/thirdparty/blocksds/core/libs/libnds/lib/libnds9.a(videoGL.c.o)
                0x02007288                vramBlock__allocateBlock
 .text.vramBlock_examineSpecial
                0x0200740c      0x260 /opt/wonderful/thirdparty/blocksds/core/libs/libnds/lib/libnds9.a(videoGL.c.o)
                0x0200740c                vramBlock_examineSpecial
 .text.vramBlock_allocateSpecial
                0x0200766c       0x6c /opt/wonderful/thirdparty/blocksds/core/libs/libnds/lib/libnds9.a(videoGL.c.o)
                0x0200766c                vramBlock_allocateSpecial
 .text.vramBlock_allocateBlock
                0x020076d8       0x30 /opt/wonderful/thirdparty/blocksds/core/libs/libnds/lib/libnds9.a(videoGL.c.o)
                0x020076d8                vramBlock_allocateBlock
 .text.vramBlock_deallocateBlock
                0x02007708       0x48 /opt/wonderful/thirdparty/blocksds/core/libs/libnds/lib/libnds9.a(videoGL.c.o)
                0x02007708                vramBlock_deallocateBlock
 .text.glInit_C
                0x02007750      0x218 /opt/wonderful/thirdparty/blocksds/core/libs/libnds/lib/libnds9.a(videoGL.c.o)
                0x02007750                glInit_C
 .text.glGenTextures
                0x02007968       0x80 /opt/wonderful/thirdparty/blocksds/core/libs/libnds/lib/libnds9.a(videoGL.c.o)
                0x02007968                glGenTextures
 .text.vramGetBank
                0x020079e8       0xb8 /opt/wonderful/thirdparty/blocksds/core/libs/libnds/lib/libnds9.a(videoGL.c.o)
                0x020079e8                vramGetBank
 .text.glBindTexture
                0x02007aa0       0x60 /opt/wonderful/thirdparty/blocksds/core/libs/libnds/lib/libnds9.a(videoGL.c.o)
                0x02007aa0                glBindTexture
 .text.glTexImage2D
                0x02007b00      0x3e4 /opt/wonderful/thirdparty/blocksds/core/libs/libnds/lib/libnds9.a(videoGL.c.o)
                0x02007b00                glTexImage2D
 .text.systemValueHandler
                0x02007ee4       0x44 /opt/wonderful/thirdparty/blocksds/core/libs/libnds/lib/libnds9.a(system.c.o)
                0x02007ee4                systemValueHandler
 .text.systemMsgHandler
                0x02007f28       0x78 /opt/wonderful/thirdparty/blocksds/core/libs/libnds/lib/libnds9.a(system.c.o)
                0x02007f28                systemMsgHandler
 .text.powerOn  0x02007fa0       0x2c /opt/wonderful/thirdparty/blocksds/core/libs/libnds/lib/libnds9.a(system.c.o)
                0x02007fa0                powerOn
 .text.scanKeys
                0x02007fcc       0xb0 /opt/wonderful/thirdparty/blocksds/core/libs/libnds/lib/libnds9.a(keys.c.o)
                0x02007fcc                scanKeys
 .text.keysHeld
                0x0200807c        0xc /opt/wonderful/thirdparty/blocksds/core/libs/libnds/lib/libnds9.a(keys.c.o)
                0x0200807c                keysHeld
 .text.keysDown
                0x02008088       0x14 /opt/wonderful/thirdparty/blocksds/core/libs/libnds/lib/libnds9.a(keys.c.o)
                0x02008088                keysDown
 .text.keysCurrent
                0x0200809c       0x60 /opt/wonderful/thirdparty/blocksds/core/libs/libnds/lib/libnds9.a(keys.c.o)
                0x0200809c                keysCurrent
 .text.initSystem
                0x020080fc      0x1a8 /opt/wonderful/thirdparty/blocksds/core/libs/libnds/lib/libnds9.a(initSystem.c.o)
                0x020080fc                initSystem
 .text.keyboardGetKey
                0x020082a4       0x5c /opt/wonderful/thirdparty/blocksds/core/libs/libnds/lib/libnds9.a(keyboard.c.o)
                0x020082a4                keyboardGetKey
 .text.keyboardShiftState
                0x02008300       0x88 /opt/wonderful/thirdparty/blocksds/core/libs/libnds/lib/libnds9.a(keyboard.c.o)
                0x02008300                keyboardShiftState
 .text.swapKeyGfx
                0x02008388      0x164 /opt/wonderful/thirdparty/blocksds/core/libs/libnds/lib/libnds9.a(keyboard.c.o)
                0x02008388                swapKeyGfx
 .text.keyboardUpdate
                0x020084ec       0xf0 /opt/wonderful/thirdparty/blocksds/core/libs/libnds/lib/libnds9.a(keyboard.c.o)
                0x020084ec                keyboardUpdate
 .text.keyboardInit
                0x020085dc      0x1f4 /opt/wonderful/thirdparty/blocksds/core/libs/libnds/lib/libnds9.a(keyboard.c.o)
                0x020085dc                keyboardInit
 .text.keyboardDemoInit
                0x020087d0       0x2c /opt/wonderful/thirdparty/blocksds/core/libs/libnds/lib/libnds9.a(keyboard.c.o)
                0x020087d0                keyboardDemoInit
 .text.keyboardShow
                0x020087fc       0xd8 /opt/wonderful/thirdparty/blocksds/core/libs/libnds/lib/libnds9.a(keyboard.c.o)
                0x020087fc                keyboardShow
 .text.keyboardHide
                0x020088d4       0x8c /opt/wonderful/thirdparty/blocksds/core/libs/libnds/lib/libnds9.a(keyboard.c.o)
                0x020088d4                keyboardHide
 .text.newRow   0x02008960       0xdc /opt/wonderful/thirdparty/blocksds/core/libs/libnds/lib/libnds9.a(console.c.o)
 .text.consolePrintChar
                0x02008a3c       0xe0 /opt/wonderful/thirdparty/blocksds/core/libs/libnds/lib/libnds9.a(console.c.o)
                0x02008a3c                consolePrintChar
 .text.con_write
                0x02008b1c      0x344 /opt/wonderful/thirdparty/blocksds/core/libs/libnds/lib/libnds9.a(console.c.o)
 .text.consoleLoadFont
                0x02008e60      0x374 /opt/wonderful/thirdparty/blocksds/core/libs/libnds/lib/libnds9.a(console.c.o)
                0x02008e60                consoleLoadFont
 .text.consoleInit
                0x020091d4      0x194 /opt/wonderful/thirdparty/blocksds/core/libs/libnds/lib/libnds9.a(console.c.o)
                0x020091d4                consoleInit
 .text.consoleDemoInit
                0x02009368       0x48 /opt/wonderful/thirdparty/blocksds/core/libs/libnds/lib/libnds9.a(console.c.o)
                0x02009368                consoleDemoInit
 .text.DynamicArrayInit
                0x020093b0       0x18 /opt/wonderful/thirdparty/blocksds/core/libs/libnds/lib/libnds9.a(dynamicArray.c.o)
                0x020093b0                DynamicArrayInit
 .text.DynamicArrayGet
                0x020093c8       0x18 /opt/wonderful/thirdparty/blocksds/core/libs/libnds/lib/libnds9.a(dynamicArray.c.o)
                0x020093c8                DynamicArrayGet
 .text.DynamicArraySet
                0x020093e0       0x48 /opt/wonderful/thirdparty/blocksds/core/libs/libnds/lib/libnds9.a(dynamicArray.c.o)
                0x020093e0                DynamicArraySet
 .text.getHeader
                0x02009428        0x4 /opt/wonderful/thirdparty/blocksds/core/libs/libnds/lib/libnds9.a(decompress.c.o)
 .text.readByte
                0x0200942c        0x4 /opt/wonderful/thirdparty/blocksds/core/libs/libnds/lib/libnds9.a(decompress.c.o)
 .text.decompress
                0x02009430       0x38 /opt/wonderful/thirdparty/blocksds/core/libs/libnds/lib/libnds9.a(decompress.c.o)
                0x02009430                decompress
 .text.sinLutLookup
                0x02009468       0x4c /opt/wonderful/thirdparty/blocksds/core/libs/libnds/lib/libnds9.a(trig.c.o)
                0x02009468                sinLutLookup
 .text.sinLerp  0x020094b4       0x38 /opt/wonderful/thirdparty/blocksds/core/libs/libnds/lib/libnds9.a(trig.c.o)
                0x020094b4                sinLerp
 .text.cosLerp  0x020094ec       0x48 /opt/wonderful/thirdparty/blocksds/core/libs/libnds/lib/libnds9.a(trig.c.o)
                0x020094ec                cosLerp
 .text.tanLerp  0x02009534       0xa8 /opt/wonderful/thirdparty/blocksds/core/libs/libnds/lib/libnds9.a(trig.c.o)
                0x02009534                tanLerp
 .text.build_argv
                0x020095dc       0x58 /opt/wonderful/thirdparty/blocksds/core/libs/libnds/lib/libnds9.a(crt0_argv.c.o)
                0x020095dc                build_argv
 .text.putc_buffered
                0x02009634       0x98 /opt/wonderful/thirdparty/blocksds/core/libs/libnds/lib/libnds9.a(iob.c.o)
 .text.stdout_putc_buffered
                0x020096cc       0x20 /opt/wonderful/thirdparty/blocksds/core/libs/libnds/lib/libnds9.a(iob.c.o)
 .text.stderr_putc_buffered
                0x020096ec       0x20 /opt/wonderful/thirdparty/blocksds/core/libs/libnds/lib/libnds9.a(iob.c.o)
 .text.stdin_getc_keyboard
                0x0200970c       0xe4 /opt/wonderful/thirdparty/blocksds/core/libs/libnds/lib/libnds9.a(iob.c.o)
 .text.fifo_buffer_enqueue_block
                0x020097f0       0x44 /opt/wonderful/thirdparty/blocksds/core/libs/libnds/lib/libnds9.a(fifosystem.c.o)
 .text.fifo_buffer_wait_block
                0x02009834       0x80 /opt/wonderful/thirdparty/blocksds/core/libs/libnds/lib/libnds9.a(fifosystem.c.o)
 .text.fifoInternalSend.part.0
                0x020098b4       0xcc /opt/wonderful/thirdparty/blocksds/core/libs/libnds/lib/libnds9.a(fifosystem.c.o)
 .text.fifoInternalSendInterrupt
                0x02009980       0xb0 /opt/wonderful/thirdparty/blocksds/core/libs/libnds/lib/libnds9.a(fifosystem.c.o)
 .text.fifoSetValue32Handler
                0x02009a30       0xd4 /opt/wonderful/thirdparty/blocksds/core/libs/libnds/lib/libnds9.a(fifosystem.c.o)
                0x02009a30                fifoSetValue32Handler
 .text.fifoSendValue32
                0x02009b04       0x50 /opt/wonderful/thirdparty/blocksds/core/libs/libnds/lib/libnds9.a(fifosystem.c.o)
                0x02009b04                fifoSendValue32
 .text.fifoSendDatamsg
                0x02009b54       0x94 /opt/wonderful/thirdparty/blocksds/core/libs/libnds/lib/libnds9.a(fifosystem.c.o)
                0x02009b54                fifoSendDatamsg
 .text.fifoGetValue32
                0x02009be8       0x70 /opt/wonderful/thirdparty/blocksds/core/libs/libnds/lib/libnds9.a(fifosystem.c.o)
                0x02009be8                fifoGetValue32
 .text.fifoGetDatamsg
                0x02009c58       0xe8 /opt/wonderful/thirdparty/blocksds/core/libs/libnds/lib/libnds9.a(fifosystem.c.o)
                0x02009c58                fifoGetDatamsg
 .text.fifoInternalRecvInterrupt
                0x02009d40      0x310 /opt/wonderful/thirdparty/blocksds/core/libs/libnds/lib/libnds9.a(fifosystem.c.o)
 .text.fifoSetDatamsgHandler
                0x0200a050       0x9c /opt/wonderful/thirdparty/blocksds/core/libs/libnds/lib/libnds9.a(fifosystem.c.o)
                0x0200a050                fifoSetDatamsgHandler
 .text.fifoCheckValue32
                0x0200a0ec       0x24 /opt/wonderful/thirdparty/blocksds/core/libs/libnds/lib/libnds9.a(fifosystem.c.o)
                0x0200a0ec                fifoCheckValue32
 .text.fifoInit
                0x0200a110      0x114 /opt/wonderful/thirdparty/blocksds/core/libs/libnds/lib/libnds9.a(fifosystem.c.o)
                0x0200a110                fifoInit
 .text.fifoMutexAcquire
                0x0200a224       0x30 /opt/wonderful/thirdparty/blocksds/core/libs/libnds/lib/libnds9.a(fifosystem.c.o)
                0x0200a224                fifoMutexAcquire
 .text.fifoMutexRelease
                0x0200a254       0x14 /opt/wonderful/thirdparty/blocksds/core/libs/libnds/lib/libnds9.a(fifosystem.c.o)
                0x0200a254                fifoMutexRelease
 .text.irqDummy
                0x0200a268        0x4 /opt/wonderful/thirdparty/blocksds/core/libs/libnds/lib/libnds9.a(interrupts.c.o)
                0x0200a268                irqDummy
 .text.irqSet   0x0200a26c       0x78 /opt/wonderful/thirdparty/blocksds/core/libs/libnds/lib/libnds9.a(interrupts.c.o)
                0x0200a26c                irqSet
 .text.irqInit  0x0200a2e4       0x50 /opt/wonderful/thirdparty/blocksds/core/libs/libnds/lib/libnds9.a(interrupts.c.o)
                0x0200a2e4                irqInit
 .text.irqEnable
                0x0200a334       0x64 /opt/wonderful/thirdparty/blocksds/core/libs/libnds/lib/libnds9.a(interrupts.c.o)
                0x0200a334                irqEnable
 .text.systemErrorExit
                0x0200a398        0x4 /opt/wonderful/thirdparty/blocksds/core/libs/libnds/lib/libnds9.a(exit.c.o)
                0x0200a398                systemErrorExit
 .text.__libnds_exit
                0x0200a39c        0x8 /opt/wonderful/thirdparty/blocksds/core/libs/libnds/lib/libnds9.a(exit.c.o)
                0x0200a39c                __libnds_exit
 .text._exit    0x0200a3a4       0x78 /opt/wonderful/thirdparty/blocksds/core/libs/libnds/lib/libnds9.a(exit.c.o)
                0x0200a3a4                _exit
 .text.sbrk     0x0200a41c       0x5c /opt/wonderful/thirdparty/blocksds/core/libs/libnds/lib/libnds9.a(sbrk.c.o)
                0x0200a41c                sbrk
 .text.swiDecompressLZSSVram
                0x0200a478       0x18 /opt/wonderful/thirdparty/blocksds/core/libs/libnds/lib/libnds9.a(syscalls.c.o)
                0x0200a478                swiDecompressLZSSVram
 .text.cothread_delete_internal
                0x0200a490       0x3c /opt/wonderful/thirdparty/blocksds/core/libs/libnds/lib/libnds9.a(threads.c.o)
 .text.cothread_main
                0x0200a4cc       0x10 /opt/wonderful/thirdparty/blocksds/core/libs/libnds/lib/libnds9.a(threads.c.o)
                0x0200a4cc                cothread_main
 .text.cothread_yield
                0x0200a4dc       0x14 /opt/wonderful/thirdparty/blocksds/core/libs/libnds/lib/libnds9.a(threads.c.o)
                0x0200a4dc                cothread_yield
 .text.cothread_yield_irq
                0x0200a4f0       0x18 /opt/wonderful/thirdparty/blocksds/core/libs/libnds/lib/libnds9.a(threads.c.o)
                0x0200a4f0                cothread_yield_irq
 .text.cothread_start
                0x0200a508       0xe8 /opt/wonderful/thirdparty/blocksds/core/libs/libnds/lib/libnds9.a(threads.c.o)
                0x0200a508                cothread_start
 .text.dmaSetParams
                0x0200a5f0       0x1c /opt/wonderful/thirdparty/blocksds/core/libs/libnds/lib/libnds9.a(dma.s.o)
                0x0200a5f0                dmaSetParams
 .text.__aeabi_memcpy
                0x0200a60c       0xdc /opt/wonderful/thirdparty/blocksds/core/libs/libnds/lib/libnds9.a(memcpy.s.o)
                0x0200a60c                __aeabi_memcpy
                0x0200a644                __aeabi_memcpy4
                0x0200a644                __aeabi_memcpy8
                0x0200a6b0                __ndsabi_memcpy2
                0x0200a6d4                __ndsabi_memcpy1
 .text.memcpy   0x0200a6e8       0x10 /opt/wonderful/thirdparty/blocksds/core/libs/libnds/lib/libnds9.a(memcpy.s.o)
                0x0200a6e8                memcpy
 .text.__ndsabi_coro_resume
                0x0200a6f8       0x18 /opt/wonderful/thirdparty/blocksds/core/libs/libnds/lib/libnds9.a(coroutine.s.o)
                0x0200a6f8                __ndsabi_coro_resume
 .text.__ndsabi_coro_yield
                0x0200a710       0x1c /opt/wonderful/thirdparty/blocksds/core/libs/libnds/lib/libnds9.a(coroutine.s.o)
                0x0200a710                __ndsabi_coro_yield
 .text.__ndsabi_coro_pop_noctx
                0x0200a72c       0x34 /opt/wonderful/thirdparty/blocksds/core/libs/libnds/lib/libnds9.a(coroutine.s.o)
                0x0200a72c                __ndsabi_coro_pop_noctx
 .text.__aeabi_read_tp
                0x0200a760        0xc /opt/wonderful/thirdparty/blocksds/core/libs/libnds/lib/libnds9.a(aeabi_read_tp.s.o)
                0x0200a760                __aeabi_read_tp
 .text.touchRead
                0x0200a76c       0x3c /opt/wonderful/thirdparty/blocksds/core/libs/libnds/lib/libnds9.a(touch.c.o)
                0x0200a76c                touchRead
 .text.checkIfText
                0x0200a7a8       0x5c /opt/wonderful/thirdparty/blocksds/core/libs/libnds/lib/libnds9.a(background.c.o)
                0x0200a7a8                checkIfText
 .text.bgUpdate
                0x0200a804       0xf4 /opt/wonderful/thirdparty/blocksds/core/libs/libnds/lib/libnds9.a(background.c.o)
                0x0200a804                bgUpdate
 .text.bgInit_call
                0x0200a8f8       0xac /opt/wonderful/thirdparty/blocksds/core/libs/libnds/lib/libnds9.a(background.c.o)
                0x0200a8f8                bgInit_call
 .text.bgInitSub_call
                0x0200a9a4       0xb4 /opt/wonderful/thirdparty/blocksds/core/libs/libnds/lib/libnds9.a(background.c.o)
                0x0200a9a4                bgInitSub_call
 .text.setBrightness
                0x0200aa58       0x40 /opt/wonderful/thirdparty/blocksds/core/libs/libnds/lib/libnds9.a(video.c.o)
                0x0200aa58                setBrightness
 .text.vramDefault
                0x0200aa98       0xc8 /opt/wonderful/thirdparty/blocksds/core/libs/libnds/lib/libnds9.a(video.c.o)
                0x0200aa98                vramDefault
 .text.__ndsabi_coro_make_noctx
                0x0200ab60       0x24 /opt/wonderful/thirdparty/blocksds/core/libs/libnds/lib/libnds9.a(coroutine.c.o)
                0x0200ab60                __ndsabi_coro_make_noctx
 .text.calloc   0x0200ab84       0xb4 /opt/wonderful/toolchain/gcc-arm-none-eabi/lib/gcc/arm-none-eabi/13.2.0/../../../../arm-none-eabi/lib/thumb/arm946e-s/libc.a(malloc-calloc.c.o)
                0x0200ab84                calloc
 .text.malloc_trim
                0x0200ac38       0x9c /opt/wonderful/toolchain/gcc-arm-none-eabi/lib/gcc/arm-none-eabi/13.2.0/../../../../arm-none-eabi/lib/thumb/arm946e-s/libc.a(malloc-free.c.o)
                0x0200ac38                malloc_trim
 .text.free     0x0200acd4      0x164 /opt/wonderful/toolchain/gcc-arm-none-eabi/lib/gcc/arm-none-eabi/13.2.0/../../../../arm-none-eabi/lib/thumb/arm946e-s/libc.a(malloc-free.c.o)
                0x0200acd4                __malloc_free
                0x0200acd4                free
 .text.malloc   0x0200ae38      0x430 /opt/wonderful/toolchain/gcc-arm-none-eabi/lib/gcc/arm-none-eabi/13.2.0/../../../../arm-none-eabi/lib/thumb/arm946e-s/libc.a(malloc-malloc.c.o)
                0x0200ae38                malloc
 .text.realloc  0x0200b268      0x35c /opt/wonderful/toolchain/gcc-arm-none-eabi/lib/gcc/arm-none-eabi/13.2.0/../../../../arm-none-eabi/lib/thumb/arm946e-s/libc.a(malloc-realloc.c.o)
                0x0200b268                realloc
 .text.__libc_init_array
                0x0200b5c4       0x54 /opt/wonderful/toolchain/gcc-arm-none-eabi/lib/gcc/arm-none-eabi/13.2.0/../../../../arm-none-eabi/lib/thumb/arm946e-s/libc.a(libc_misc_init.c.o)
                0x0200b5c4                __libc_init_array
 .text.__retarget_lock_init
                0x0200b618        0x2 /opt/wonderful/toolchain/gcc-arm-none-eabi/lib/gcc/arm-none-eabi/13.2.0/../../../../arm-none-eabi/lib/thumb/arm946e-s/libc.a(libc_misc_lock.c.o)
                0x0200b618                __retarget_lock_init
 .text.__retarget_lock_close
                0x0200b61a        0x2 /opt/wonderful/toolchain/gcc-arm-none-eabi/lib/gcc/arm-none-eabi/13.2.0/../../../../arm-none-eabi/lib/thumb/arm946e-s/libc.a(libc_misc_lock.c.o)
                0x0200b61a                __retarget_lock_close
 .text.__retarget_lock_acquire
                0x0200b61c        0x2 /opt/wonderful/toolchain/gcc-arm-none-eabi/lib/gcc/arm-none-eabi/13.2.0/../../../../arm-none-eabi/lib/thumb/arm946e-s/libc.a(libc_misc_lock.c.o)
                0x0200b61c                __retarget_lock_acquire
 .text.__retarget_lock_acquire_recursive
                0x0200b61e        0x2 /opt/wonderful/toolchain/gcc-arm-none-eabi/lib/gcc/arm-none-eabi/13.2.0/../../../../arm-none-eabi/lib/thumb/arm946e-s/libc.a(libc_misc_lock.c.o)
                0x0200b61e                __retarget_lock_acquire_recursive
 .text.__retarget_lock_release
                0x0200b620        0x2 /opt/wonderful/toolchain/gcc-arm-none-eabi/lib/gcc/arm-none-eabi/13.2.0/../../../../arm-none-eabi/lib/thumb/arm946e-s/libc.a(libc_misc_lock.c.o)
                0x0200b620                __retarget_lock_release
 .text.__retarget_lock_release_recursive
                0x0200b622        0x2 /opt/wonderful/toolchain/gcc-arm-none-eabi/lib/gcc/arm-none-eabi/13.2.0/../../../../arm-none-eabi/lib/thumb/arm946e-s/libc.a(libc_misc_lock.c.o)
                0x0200b622                __retarget_lock_release_recursive
 .text.exit     0x0200b624       0x20 /opt/wonderful/toolchain/gcc-arm-none-eabi/lib/gcc/arm-none-eabi/13.2.0/../../../../arm-none-eabi/lib/thumb/arm946e-s/libc.a(libc_stdlib_pico-exit.c.o)
                0x0200b624                exit
 .text.localtime
                0x0200b644       0x18 /opt/wonderful/toolchain/gcc-arm-none-eabi/lib/gcc/arm-none-eabi/13.2.0/../../../../arm-none-eabi/lib/thumb/arm946e-s/libc.a(libc_time_lcltime.c.o)
                0x0200b644                localtime
 .text.localtime_r
                0x0200b65c      0x1f8 /opt/wonderful/toolchain/gcc-arm-none-eabi/lib/gcc/arm-none-eabi/13.2.0/../../../../arm-none-eabi/lib/thumb/arm946e-s/libc.a(libc_time_lcltime_r.c.o)
                0x0200b65c                localtime_r
 .text.iso_year_adjust
                0x0200b854       0xac /opt/wonderful/toolchain/gcc-arm-none-eabi/lib/gcc/arm-none-eabi/13.2.0/../../../../arm-none-eabi/lib/thumb/arm946e-s/libc.a(libc_time_strftime.c.o)
 .text.__strftime.isra.0
                0x0200b900      0x9ec /opt/wonderful/toolchain/gcc-arm-none-eabi/lib/gcc/arm-none-eabi/13.2.0/../../../../arm-none-eabi/lib/thumb/arm946e-s/libc.a(libc_time_strftime.c.o)
 .text.strftime
                0x0200c2ec        0x8 /opt/wonderful/toolchain/gcc-arm-none-eabi/lib/gcc/arm-none-eabi/13.2.0/../../../../arm-none-eabi/lib/thumb/arm946e-s/libc.a(libc_time_strftime.c.o)
                0x0200c2ec                strftime
 .text.time     0x0200c2f4       0x2a /opt/wonderful/toolchain/gcc-arm-none-eabi/lib/gcc/arm-none-eabi/13.2.0/../../../../arm-none-eabi/lib/thumb/arm946e-s/libc.a(libc_time_time.c.o)
                0x0200c2f4                time
 *fill*         0x0200c31e        0x2 ff
 .text.__tzcalc_limits
                0x0200c320      0x17c /opt/wonderful/toolchain/gcc-arm-none-eabi/lib/gcc/arm-none-eabi/13.2.0/../../../../arm-none-eabi/lib/thumb/arm946e-s/libc.a(libc_time_tzcalc_limits.c.o)
                0x0200c320                __tzcalc_limits
 .text._tzset_unlocked
                0x0200c49c      0x3f0 /opt/wonderful/toolchain/gcc-arm-none-eabi/lib/gcc/arm-none-eabi/13.2.0/../../../../arm-none-eabi/lib/thumb/arm946e-s/libc.a(libc_time_tzset.c.o)
                0x0200c49c                _tzset_unlocked
 .text.fclose   0x0200c88c       0x18 /opt/wonderful/toolchain/gcc-arm-none-eabi/lib/gcc/arm-none-eabi/13.2.0/../../../../arm-none-eabi/lib/thumb/arm946e-s/libc.a(libc_tinystdio_fclose.c.o)
                0x0200c88c                fclose
 .text.fflush   0x0200c8a4       0x12 /opt/wonderful/toolchain/gcc-arm-none-eabi/lib/gcc/arm-none-eabi/13.2.0/../../../../arm-none-eabi/lib/thumb/arm946e-s/libc.a(libc_tinystdio_fflush.c.o)
                0x0200c8a4                fflush
 *fill*         0x0200c8b6        0x2 ff
 .text.fread    0x0200c8b8      0x198 /opt/wonderful/toolchain/gcc-arm-none-eabi/lib/gcc/arm-none-eabi/13.2.0/../../../../arm-none-eabi/lib/thumb/arm946e-s/libc.a(libc_tinystdio_fread.c.o)
                0x0200c8b8                fread
 .text.fseek    0x0200ca50       0x40 /opt/wonderful/toolchain/gcc-arm-none-eabi/lib/gcc/arm-none-eabi/13.2.0/../../../../arm-none-eabi/lib/thumb/arm946e-s/libc.a(libc_tinystdio_fseek.c.o)
                0x0200ca50                fseek
 .text.printf   0x0200ca90       0x20 /opt/wonderful/toolchain/gcc-arm-none-eabi/lib/gcc/arm-none-eabi/13.2.0/../../../../arm-none-eabi/lib/thumb/arm946e-s/libc.a(libc_tinystdio_printf.c.o)
                0x0200ca90                printf
 .text.putchar  0x0200cab0       0x10 /opt/wonderful/toolchain/gcc-arm-none-eabi/lib/gcc/arm-none-eabi/13.2.0/../../../../arm-none-eabi/lib/thumb/arm946e-s/libc.a(libc_tinystdio_putchar.c.o)
                0x0200cab0                putchar
 .text.puts     0x0200cac0       0x40 /opt/wonderful/toolchain/gcc-arm-none-eabi/lib/gcc/arm-none-eabi/13.2.0/../../../../arm-none-eabi/lib/thumb/arm946e-s/libc.a(libc_tinystdio_puts.c.o)
                0x0200cac0                puts
 .text.scanf    0x0200cb00       0x20 /opt/wonderful/toolchain/gcc-arm-none-eabi/lib/gcc/arm-none-eabi/13.2.0/../../../../arm-none-eabi/lib/thumb/arm946e-s/libc.a(libc_tinystdio_scanf.c.o)
                0x0200cb00                scanf
 .text.setvbuf  0x0200cb20       0x18 /opt/wonderful/toolchain/gcc-arm-none-eabi/lib/gcc/arm-none-eabi/13.2.0/../../../../arm-none-eabi/lib/thumb/arm946e-s/libc.a(libc_tinystdio_setvbuf.c.o)
                0x0200cb20                setvbuf
 .text.snprintf
                0x0200cb38       0x5c /opt/wonderful/toolchain/gcc-arm-none-eabi/lib/gcc/arm-none-eabi/13.2.0/../../../../arm-none-eabi/lib/thumb/arm946e-s/libc.a(libc_tinystdio_snprintf.c.o)
                0x0200cb38                snprintf
 .text.sscanf   0x0200cb94       0x3c /opt/wonderful/toolchain/gcc-arm-none-eabi/lib/gcc/arm-none-eabi/13.2.0/../../../../arm-none-eabi/lib/thumb/arm946e-s/libc.a(libc_tinystdio_sscanf.c.o)
                0x0200cb94                sscanf
 .text.strtoul  0x0200cbd0      0x12c /opt/wonderful/toolchain/gcc-arm-none-eabi/lib/gcc/arm-none-eabi/13.2.0/../../../../arm-none-eabi/lib/thumb/arm946e-s/libc.a(libc_tinystdio_strtoul.c.o)
                0x0200cbd0                strtoul
 .text.__ultoa_invert
                0x0200ccfc       0x52 /opt/wonderful/toolchain/gcc-arm-none-eabi/lib/gcc/arm-none-eabi/13.2.0/../../../../arm-none-eabi/lib/thumb/arm946e-s/libc.a(libc_tinystdio_vfprintf.c.o)
 *fill*         0x0200cd4e        0x2 ff
 .text.skip_to_arg
                0x0200cd50      0x13c /opt/wonderful/toolchain/gcc-arm-none-eabi/lib/gcc/arm-none-eabi/13.2.0/../../../../arm-none-eabi/lib/thumb/arm946e-s/libc.a(libc_tinystdio_vfprintf.c.o)
 .text.vfprintf
                0x0200ce8c      0x9e4 /opt/wonderful/toolchain/gcc-arm-none-eabi/lib/gcc/arm-none-eabi/13.2.0/../../../../arm-none-eabi/lib/thumb/arm946e-s/libc.a(libc_tinystdio_vfprintf.c.o)
                0x0200ce8c                __d_vfprintf
                0x0200ce8c                vfprintf
 .text.scanf_getc
                0x0200d870       0x14 /opt/wonderful/toolchain/gcc-arm-none-eabi/lib/gcc/arm-none-eabi/13.2.0/../../../../arm-none-eabi/lib/thumb/arm946e-s/libc.a(libc_tinystdio_vfscanf.c.o)
 .text.putval   0x0200d884       0x2a /opt/wonderful/toolchain/gcc-arm-none-eabi/lib/gcc/arm-none-eabi/13.2.0/../../../../arm-none-eabi/lib/thumb/arm946e-s/libc.a(libc_tinystdio_vfscanf.c.o)
 .text.scanf_ungetc.isra.0
                0x0200d8ae       0x14 /opt/wonderful/toolchain/gcc-arm-none-eabi/lib/gcc/arm-none-eabi/13.2.0/../../../../arm-none-eabi/lib/thumb/arm946e-s/libc.a(libc_tinystdio_vfscanf.c.o)
 .text.skip_spaces
                0x0200d8c2       0x2a /opt/wonderful/toolchain/gcc-arm-none-eabi/lib/gcc/arm-none-eabi/13.2.0/../../../../arm-none-eabi/lib/thumb/arm946e-s/libc.a(libc_tinystdio_vfscanf.c.o)
 .text.vfscanf  0x0200d8ec      0x980 /opt/wonderful/toolchain/gcc-arm-none-eabi/lib/gcc/arm-none-eabi/13.2.0/../../../../arm-none-eabi/lib/thumb/arm946e-s/libc.a(libc_tinystdio_vfscanf.c.o)
                0x0200d8ec                __d_vfscanf
                0x0200d8ec                vfscanf
 .text.mulShift64
                0x0200e26c       0x64 /opt/wonderful/toolchain/gcc-arm-none-eabi/lib/gcc/arm-none-eabi/13.2.0/../../../../arm-none-eabi/lib/thumb/arm946e-s/libc.a(libc_tinystdio_atod_ryu.c.o)
 .text.__atod_engine
                0x0200e2d0      0x160 /opt/wonderful/toolchain/gcc-arm-none-eabi/lib/gcc/arm-none-eabi/13.2.0/../../../../arm-none-eabi/lib/thumb/arm946e-s/libc.a(libc_tinystdio_atod_ryu.c.o)
                0x0200e2d0                __atod_engine
 .text.__atof_engine
                0x0200e430      0x11e /opt/wonderful/toolchain/gcc-arm-none-eabi/lib/gcc/arm-none-eabi/13.2.0/../../../../arm-none-eabi/lib/thumb/arm946e-s/libc.a(libc_tinystdio_atof_ryu.c.o)
                0x0200e430                __atof_engine
 .text.mulShiftAll64
                0x0200e54e      0x1e6 /opt/wonderful/toolchain/gcc-arm-none-eabi/lib/gcc/arm-none-eabi/13.2.0/../../../../arm-none-eabi/lib/thumb/arm946e-s/libc.a(libc_tinystdio_dtoa_ryu.c.o)
 .text.div10    0x0200e734       0x28 /opt/wonderful/toolchain/gcc-arm-none-eabi/lib/gcc/arm-none-eabi/13.2.0/../../../../arm-none-eabi/lib/thumb/arm946e-s/libc.a(libc_tinystdio_dtoa_ryu.c.o)
 .text.__dtoa_engine
                0x0200e75c      0x490 /opt/wonderful/toolchain/gcc-arm-none-eabi/lib/gcc/arm-none-eabi/13.2.0/../../../../arm-none-eabi/lib/thumb/arm946e-s/libc.a(libc_tinystdio_dtoa_ryu.c.o)
                0x0200e75c                __dtoa_engine
 .text.mulShift32
                0x0200ebec       0x4a /opt/wonderful/toolchain/gcc-arm-none-eabi/lib/gcc/arm-none-eabi/13.2.0/../../../../arm-none-eabi/lib/thumb/arm946e-s/libc.a(libc_tinystdio_ryu_divpow2.c.o)
 .text.__mulPow5InvDivPow2
                0x0200ec36       0x28 /opt/wonderful/toolchain/gcc-arm-none-eabi/lib/gcc/arm-none-eabi/13.2.0/../../../../arm-none-eabi/lib/thumb/arm946e-s/libc.a(libc_tinystdio_ryu_divpow2.c.o)
                0x0200ec36                __mulPow5InvDivPow2
 .text.__mulPow5divPow2
                0x0200ec5e       0x20 /opt/wonderful/toolchain/gcc-arm-none-eabi/lib/gcc/arm-none-eabi/13.2.0/../../../../arm-none-eabi/lib/thumb/arm946e-s/libc.a(libc_tinystdio_ryu_divpow2.c.o)
                0x0200ec5e                __mulPow5divPow2
 *fill*         0x0200ec7e        0x2 ff
 .text.__log10Pow2
                0x0200ec80        0xc /opt/wonderful/toolchain/gcc-arm-none-eabi/lib/gcc/arm-none-eabi/13.2.0/../../../../arm-none-eabi/lib/thumb/arm946e-s/libc.a(libc_tinystdio_ryu_log10.c.o)
                0x0200ec80                __log10Pow2
 .text.__log10Pow5
                0x0200ec8c        0xc /opt/wonderful/toolchain/gcc-arm-none-eabi/lib/gcc/arm-none-eabi/13.2.0/../../../../arm-none-eabi/lib/thumb/arm946e-s/libc.a(libc_tinystdio_ryu_log10.c.o)
                0x0200ec8c                __log10Pow5
 .text.__log2pow5
                0x0200ec98        0xc /opt/wonderful/toolchain/gcc-arm-none-eabi/lib/gcc/arm-none-eabi/13.2.0/../../../../arm-none-eabi/lib/thumb/arm946e-s/libc.a(libc_tinystdio_ryu_log2pow5.c.o)
                0x0200ec98                __log2pow5
 .text.__ceil_log2pow5
                0x0200eca4       0x10 /opt/wonderful/toolchain/gcc-arm-none-eabi/lib/gcc/arm-none-eabi/13.2.0/../../../../arm-none-eabi/lib/thumb/arm946e-s/libc.a(libc_tinystdio_ryu_log2pow5.c.o)
                0x0200eca4                __ceil_log2pow5
 .text.__pow5bits
                0x0200ecb4       0x10 /opt/wonderful/toolchain/gcc-arm-none-eabi/lib/gcc/arm-none-eabi/13.2.0/../../../../arm-none-eabi/lib/thumb/arm946e-s/libc.a(libc_tinystdio_ryu_pow5bits.c.o)
                0x0200ecb4                __pow5bits
 .text.__pow5Factor
                0x0200ecc4       0x2c /opt/wonderful/toolchain/gcc-arm-none-eabi/lib/gcc/arm-none-eabi/13.2.0/../../../../arm-none-eabi/lib/thumb/arm946e-s/libc.a(libc_tinystdio_ryu_table.c.o)
                0x0200ecc4                __pow5Factor
 .text.__double_computePow5
                0x0200ecf0       0xfc /opt/wonderful/toolchain/gcc-arm-none-eabi/lib/gcc/arm-none-eabi/13.2.0/../../../../arm-none-eabi/lib/thumb/arm946e-s/libc.a(libc_tinystdio_ryu_table.c.o)
                0x0200ecf0                __double_computePow5
 .text.__double_computeInvPow5
                0x0200edec      0x100 /opt/wonderful/toolchain/gcc-arm-none-eabi/lib/gcc/arm-none-eabi/13.2.0/../../../../arm-none-eabi/lib/thumb/arm946e-s/libc.a(libc_tinystdio_ryu_table.c.o)
                0x0200edec                __double_computeInvPow5
 .text.__umul128
                0x0200eeec       0x70 /opt/wonderful/toolchain/gcc-arm-none-eabi/lib/gcc/arm-none-eabi/13.2.0/../../../../arm-none-eabi/lib/thumb/arm946e-s/libc.a(libc_tinystdio_ryu_umul128.c.o)
                0x0200eeec                __umul128
 .text.__shiftright128
                0x0200ef5c       0x28 /opt/wonderful/toolchain/gcc-arm-none-eabi/lib/gcc/arm-none-eabi/13.2.0/../../../../arm-none-eabi/lib/thumb/arm946e-s/libc.a(libc_tinystdio_ryu_umul128.c.o)
                0x0200ef5c                __shiftright128
 .text.__picolibc_non_atomic_exchange_ungetc
                0x0200ef84        0x8 /opt/wonderful/toolchain/gcc-arm-none-eabi/lib/gcc/arm-none-eabi/13.2.0/../../../../arm-none-eabi/lib/thumb/arm946e-s/libc.a(libc_tinystdio_exchange.c.o)
                0x0200ef84                __atomic_exchange_ungetc
                0x0200ef84                __picolibc_non_atomic_exchange_ungetc
 .text.fopen    0x0200ef8c       0x2e /opt/wonderful/toolchain/gcc-arm-none-eabi/lib/gcc/arm-none-eabi/13.2.0/../../../../arm-none-eabi/lib/thumb/arm946e-s/libc.a(libc_tinystdio_fopen.c.o)
                0x0200ef8c                fopen
 .text.memmove  0x0200efba       0x24 /opt/wonderful/toolchain/gcc-arm-none-eabi/lib/gcc/arm-none-eabi/13.2.0/../../../../arm-none-eabi/lib/thumb/arm946e-s/libc.a(memmove.c.o)
                0x0200efba                memmove
                0x0200efba                __aeabi_memmove8
                0x0200efba                __aeabi_memmove
                0x0200efba                __aeabi_memmove4
 *fill*         0x0200efde        0x2 ff
 .text.__libc_fini_array
                0x0200efe0       0x30 /opt/wonderful/toolchain/gcc-arm-none-eabi/lib/gcc/arm-none-eabi/13.2.0/../../../../arm-none-eabi/lib/thumb/arm946e-s/libc.a(libc_misc_fini.c.o)
                0x0200efe0                __libc_fini_array
 .text.getenv   0x0200f010        0xa /opt/wonderful/toolchain/gcc-arm-none-eabi/lib/gcc/arm-none-eabi/13.2.0/../../../../arm-none-eabi/lib/thumb/arm946e-s/libc.a(libc_stdlib_getenv.c.o)
                0x0200f010                getenv
 *fill*         0x0200f01a        0x2 ff
 .text._findenv
                0x0200f01c       0x7c /opt/wonderful/toolchain/gcc-arm-none-eabi/lib/gcc/arm-none-eabi/13.2.0/../../../../arm-none-eabi/lib/thumb/arm946e-s/libc.a(libc_stdlib_getenv_r.c.o)
                0x0200f01c                _findenv
 .text.strchr   0x0200f098       0x1e /opt/wonderful/toolchain/gcc-arm-none-eabi/lib/gcc/arm-none-eabi/13.2.0/../../../../arm-none-eabi/lib/thumb/arm946e-s/libc.a(libc_string_strchr.c.o)
                0x0200f098                strchr
 .text.strncmp  0x0200f0b6       0x22 /opt/wonderful/toolchain/gcc-arm-none-eabi/lib/gcc/arm-none-eabi/13.2.0/../../../../arm-none-eabi/lib/thumb/arm946e-s/libc.a(libc_string_strncmp.c.o)
                0x0200f0b6                strncmp
 .text.strnlen  0x0200f0d8       0x16 /opt/wonderful/toolchain/gcc-arm-none-eabi/lib/gcc/arm-none-eabi/13.2.0/../../../../arm-none-eabi/lib/thumb/arm946e-s/libc.a(libc_string_strnlen.c.o)
                0x0200f0d8                strnlen
 *fill*         0x0200f0ee        0x2 ff
 .text.__gettzinfo
                0x0200f0f0        0x8 /opt/wonderful/toolchain/gcc-arm-none-eabi/lib/gcc/arm-none-eabi/13.2.0/../../../../arm-none-eabi/lib/thumb/arm946e-s/libc.a(libc_time_gettzinfo.c.o)
                0x0200f0f0                __gettzinfo
 .text.gmtime_r
                0x0200f0f8      0x1a8 /opt/wonderful/toolchain/gcc-arm-none-eabi/lib/gcc/arm-none-eabi/13.2.0/../../../../arm-none-eabi/lib/thumb/arm946e-s/libc.a(libc_time_gmtime_r.c.o)
                0x0200f0f8                gmtime_r
 .text.__bufio_flush_locked
                0x0200f2a0       0x6c /opt/wonderful/toolchain/gcc-arm-none-eabi/lib/gcc/arm-none-eabi/13.2.0/../../../../arm-none-eabi/lib/thumb/arm946e-s/libc.a(libc_tinystdio_bufio.c.o)
                0x0200f2a0                __bufio_flush_locked
 .text.__bufio_fill_locked
                0x0200f30c       0x2c /opt/wonderful/toolchain/gcc-arm-none-eabi/lib/gcc/arm-none-eabi/13.2.0/../../../../arm-none-eabi/lib/thumb/arm946e-s/libc.a(libc_tinystdio_bufio.c.o)
                0x0200f30c                __bufio_fill_locked
 .text.__bufio_flush
                0x0200f338       0x1c /opt/wonderful/toolchain/gcc-arm-none-eabi/lib/gcc/arm-none-eabi/13.2.0/../../../../arm-none-eabi/lib/thumb/arm946e-s/libc.a(libc_tinystdio_bufio.c.o)
                0x0200f338                __bufio_flush
 .text.__bufio_setdir_locked
                0x0200f354       0x1a /opt/wonderful/toolchain/gcc-arm-none-eabi/lib/gcc/arm-none-eabi/13.2.0/../../../../arm-none-eabi/lib/thumb/arm946e-s/libc.a(libc_tinystdio_bufio.c.o)
                0x0200f354                __bufio_setdir_locked
 .text.__bufio_put
                0x0200f36e       0x76 /opt/wonderful/toolchain/gcc-arm-none-eabi/lib/gcc/arm-none-eabi/13.2.0/../../../../arm-none-eabi/lib/thumb/arm946e-s/libc.a(libc_tinystdio_bufio.c.o)
                0x0200f36e                __bufio_put
 .text.__bufio_get
                0x0200f3e4       0xb0 /opt/wonderful/toolchain/gcc-arm-none-eabi/lib/gcc/arm-none-eabi/13.2.0/../../../../arm-none-eabi/lib/thumb/arm946e-s/libc.a(libc_tinystdio_bufio.c.o)
                0x0200f3e4                __bufio_get
 .text.__bufio_seek
                0x0200f494       0x6c /opt/wonderful/toolchain/gcc-arm-none-eabi/lib/gcc/arm-none-eabi/13.2.0/../../../../arm-none-eabi/lib/thumb/arm946e-s/libc.a(libc_tinystdio_bufio.c.o)
                0x0200f494                __bufio_seek
 .text.__bufio_setvbuf
                0x0200f500       0x8c /opt/wonderful/toolchain/gcc-arm-none-eabi/lib/gcc/arm-none-eabi/13.2.0/../../../../arm-none-eabi/lib/thumb/arm946e-s/libc.a(libc_tinystdio_bufio.c.o)
                0x0200f500                __bufio_setvbuf
 .text.__bufio_close
                0x0200f58c       0x40 /opt/wonderful/toolchain/gcc-arm-none-eabi/lib/gcc/arm-none-eabi/13.2.0/../../../../arm-none-eabi/lib/thumb/arm946e-s/libc.a(libc_tinystdio_bufio.c.o)
                0x0200f58c                __bufio_close
 .text.__dtox_engine
                0x0200f5cc      0x13c /opt/wonderful/toolchain/gcc-arm-none-eabi/lib/gcc/arm-none-eabi/13.2.0/../../../../arm-none-eabi/lib/thumb/arm946e-s/libc.a(libc_tinystdio_dtox_engine.c.o)
                0x0200f5cc                __dtox_engine
 .text.fgetc    0x0200f708       0x40 /opt/wonderful/toolchain/gcc-arm-none-eabi/lib/gcc/arm-none-eabi/13.2.0/../../../../arm-none-eabi/lib/thumb/arm946e-s/libc.a(libc_tinystdio_fgetc.c.o)
                0x0200f708                getc
                0x0200f708                fgetc
 .text.__file_str_get
                0x0200f748       0x16 /opt/wonderful/toolchain/gcc-arm-none-eabi/lib/gcc/arm-none-eabi/13.2.0/../../../../arm-none-eabi/lib/thumb/arm946e-s/libc.a(libc_tinystdio_filestrget.c.o)
                0x0200f748                __file_str_get
 .text.__file_str_put
                0x0200f75e       0x10 /opt/wonderful/toolchain/gcc-arm-none-eabi/lib/gcc/arm-none-eabi/13.2.0/../../../../arm-none-eabi/lib/thumb/arm946e-s/libc.a(libc_tinystdio_filestrput.c.o)
                0x0200f75e                __file_str_put
 .text.fputc    0x0200f76e       0x2c /opt/wonderful/toolchain/gcc-arm-none-eabi/lib/gcc/arm-none-eabi/13.2.0/../../../../arm-none-eabi/lib/thumb/arm946e-s/libc.a(libc_tinystdio_fputc.c.o)
                0x0200f76e                putc
                0x0200f76e                fputc
 *fill*         0x0200f79a        0x2 ff
 .text.__posix_sflags
                0x0200f79c       0x58 /opt/wonderful/toolchain/gcc-arm-none-eabi/lib/gcc/arm-none-eabi/13.2.0/../../../../arm-none-eabi/lib/thumb/arm946e-s/libc.a(libc_tinystdio_sflags.c.o)
                0x0200f79c                __posix_sflags
 .text.ungetc   0x0200f7f4       0x36 /opt/wonderful/toolchain/gcc-arm-none-eabi/lib/gcc/arm-none-eabi/13.2.0/../../../../arm-none-eabi/lib/thumb/arm946e-s/libc.a(libc_tinystdio_ungetc.c.o)
                0x0200f7f4                ungetc
 .text.__picolibc_non_atomic_compare_exchange_ungetc
                0x0200f82a       0x12 /opt/wonderful/toolchain/gcc-arm-none-eabi/lib/gcc/arm-none-eabi/13.2.0/../../../../arm-none-eabi/lib/thumb/arm946e-s/libc.a(libc_tinystdio_compare_exchange.c.o)
                0x0200f82a                __picolibc_non_atomic_compare_exchange_ungetc
                0x0200f82a                __atomic_compare_exchange_ungetc
 .text.fdopen   0x0200f83c       0xa0 /opt/wonderful/toolchain/gcc-arm-none-eabi/lib/gcc/arm-none-eabi/13.2.0/../../../../arm-none-eabi/lib/thumb/arm946e-s/libc.a(libc_tinystdio_fdopen.c.o)
                0x0200f83c                fdopen
 .text.fseeko   0x0200f8dc       0x40 /opt/wonderful/toolchain/gcc-arm-none-eabi/lib/gcc/arm-none-eabi/13.2.0/../../../../arm-none-eabi/lib/thumb/arm946e-s/libc.a(libc_tinystdio_fseeko.c.o)
                0x0200f8dc                fseeko
 .text.open     0x0200f91c       0xf0 /opt/wonderful/thirdparty/blocksds/core/libs/libnds/lib/libnds9.a(filesystem.c.o)
                0x0200f91c                open
 .text.read     0x0200fa0c       0x44 /opt/wonderful/thirdparty/blocksds/core/libs/libnds/lib/libnds9.a(filesystem.c.o)
                0x0200fa0c                read
 .text.write    0x0200fa50       0x54 /opt/wonderful/thirdparty/blocksds/core/libs/libnds/lib/libnds9.a(filesystem.c.o)
                0x0200fa50                write
 .text.close    0x0200faa4       0x50 /opt/wonderful/thirdparty/blocksds/core/libs/libnds/lib/libnds9.a(filesystem.c.o)
                0x0200faa4                close
 .text.lseek    0x0200faf4       0x70 /opt/wonderful/thirdparty/blocksds/core/libs/libnds/lib/libnds9.a(filesystem.c.o)
                0x0200faf4                lseek
 .text.fatfs_error_to_posix
                0x0200fb64       0x24 /opt/wonderful/thirdparty/blocksds/core/libs/libnds/lib/libnds9.a(fatfs.c.o)
                0x0200fb64                fatfs_error_to_posix
 .text.get_ldnumber
                0x0200fb88       0xd0 /opt/wonderful/thirdparty/blocksds/core/libs/libnds/lib/libnds9.a(ff.c.o)
 .text.dir_clear
                0x0200fc58      0x110 /opt/wonderful/thirdparty/blocksds/core/libs/libnds/lib/libnds9.a(ff.c.o)
 .text.unlock_volume.part.0.isra.0
                0x0200fd68        0x8 /opt/wonderful/thirdparty/blocksds/core/libs/libnds/lib/libnds9.a(ff.c.o)
 .text.sync_fs  0x0200fd70      0x11c /opt/wonderful/thirdparty/blocksds/core/libs/libnds/lib/libnds9.a(ff.c.o)
 .text.move_window
                0x0200fe8c       0x6c /opt/wonderful/thirdparty/blocksds/core/libs/libnds/lib/libnds9.a(ff.c.o)
 .text.put_fat.part.0
                0x0200fef8      0x11c /opt/wonderful/thirdparty/blocksds/core/libs/libnds/lib/libnds9.a(ff.c.o)
 .text.get_fat.isra.0
                0x02010014       0xbc /opt/wonderful/thirdparty/blocksds/core/libs/libnds/lib/libnds9.a(ff.c.o)
 .text.remove_chain
                0x020100d0       0x90 /opt/wonderful/thirdparty/blocksds/core/libs/libnds/lib/libnds9.a(ff.c.o)
 .text.create_chain
                0x02010160      0x120 /opt/wonderful/thirdparty/blocksds/core/libs/libnds/lib/libnds9.a(ff.c.o)
 .text.dir_next
                0x02010280       0xdc /opt/wonderful/thirdparty/blocksds/core/libs/libnds/lib/libnds9.a(ff.c.o)
 .text.dir_sdi  0x0201035c       0x9c /opt/wonderful/thirdparty/blocksds/core/libs/libnds/lib/libnds9.a(ff.c.o)
 .text.dir_find
                0x020103f8      0x1a8 /opt/wonderful/thirdparty/blocksds/core/libs/libnds/lib/libnds9.a(ff.c.o)
 .text.follow_path
                0x020105a0      0x50c /opt/wonderful/thirdparty/blocksds/core/libs/libnds/lib/libnds9.a(ff.c.o)
 .text.dir_register
                0x02010aac      0x31c /opt/wonderful/thirdparty/blocksds/core/libs/libnds/lib/libnds9.a(ff.c.o)
 .text.validate
                0x02010dc8       0x5c /opt/wonderful/thirdparty/blocksds/core/libs/libnds/lib/libnds9.a(ff.c.o)
 .text.check_fs
                0x02010e24      0x16c /opt/wonderful/thirdparty/blocksds/core/libs/libnds/lib/libnds9.a(ff.c.o)
 .text.mount_volume
                0x02010f90      0x3e8 /opt/wonderful/thirdparty/blocksds/core/libs/libnds/lib/libnds9.a(ff.c.o)
 .text.f_open   0x02011378      0x354 /opt/wonderful/thirdparty/blocksds/core/libs/libnds/lib/libnds9.a(ff.c.o)
                0x02011378                f_open
 .text.f_read   0x020116cc      0x2c8 /opt/wonderful/thirdparty/blocksds/core/libs/libnds/lib/libnds9.a(ff.c.o)
                0x020116cc                f_read
 .text.f_write  0x02011994      0x308 /opt/wonderful/thirdparty/blocksds/core/libs/libnds/lib/libnds9.a(ff.c.o)
                0x02011994                f_write
 .text.f_sync   0x02011c9c       0xe4 /opt/wonderful/thirdparty/blocksds/core/libs/libnds/lib/libnds9.a(ff.c.o)
                0x02011c9c                f_sync
 .text.f_close  0x02011d80       0x30 /opt/wonderful/thirdparty/blocksds/core/libs/libnds/lib/libnds9.a(ff.c.o)
                0x02011d80                f_close
 .text.f_lseek  0x02011db0      0x340 /opt/wonderful/thirdparty/blocksds/core/libs/libnds/lib/libnds9.a(ff.c.o)
                0x02011db0                f_lseek
 .text.ff_uni2oem
                0x020120f0       0x44 /opt/wonderful/thirdparty/blocksds/core/libs/libnds/lib/libnds9.a(ffunicode.c.o)
                0x020120f0                ff_uni2oem
 .text.ff_wtoupper
                0x02012134       0xcc /opt/wonderful/thirdparty/blocksds/core/libs/libnds/lib/libnds9.a(ffunicode.c.o)
                0x02012134                ff_wtoupper
 .text.ff_mutex_take
                0x02012200       0x1c /opt/wonderful/thirdparty/blocksds/core/libs/libnds/lib/libnds9.a(ffsystem.c.o)
                0x02012200                ff_mutex_take
 .text.ff_mutex_give
                0x0201221c       0x10 /opt/wonderful/thirdparty/blocksds/core/libs/libnds/lib/libnds9.a(ffsystem.c.o)
                0x0201221c                ff_mutex_give
 .text.disk_status
                0x0201222c       0x28 /opt/wonderful/thirdparty/blocksds/core/libs/libnds/lib/libnds9.a(diskio.c.o)
                0x0201222c                disk_status
 .text.disk_initialize
                0x02012254       0x50 /opt/wonderful/thirdparty/blocksds/core/libs/libnds/lib/libnds9.a(diskio.c.o)
                0x02012254                disk_initialize
 .text.disk_read
                0x020122a4       0xf8 /opt/wonderful/thirdparty/blocksds/core/libs/libnds/lib/libnds9.a(diskio.c.o)
                0x020122a4                disk_read
 .text.disk_write
                0x0201239c       0xc8 /opt/wonderful/thirdparty/blocksds/core/libs/libnds/lib/libnds9.a(diskio.c.o)
                0x0201239c                disk_write
 .text.disk_ioctl
                0x02012464       0x2c /opt/wonderful/thirdparty/blocksds/core/libs/libnds/lib/libnds9.a(diskio.c.o)
                0x02012464                disk_ioctl
 .text.get_fattime
                0x02012490       0x40 /opt/wonderful/thirdparty/blocksds/core/libs/libnds/lib/libnds9.a(diskio.c.o)
                0x02012490                get_fattime
 .text.cache_sector_get
                0x020124d0       0x70 /opt/wonderful/thirdparty/blocksds/core/libs/libnds/lib/libnds9.a(cache.c.o)
                0x020124d0                cache_sector_get
 .text.cache_sector_add
                0x02012540      0x144 /opt/wonderful/thirdparty/blocksds/core/libs/libnds/lib/libnds9.a(cache.c.o)
                0x02012540                cache_sector_add
 .text.cache_sector_invalidate
                0x02012684       0x44 /opt/wonderful/thirdparty/blocksds/core/libs/libnds/lib/libnds9.a(cache.c.o)
                0x02012684                cache_sector_invalidate
 .text.nitrofs_read_internal
                0x020126c8       0x70 /opt/wonderful/thirdparty/blocksds/core/libs/libnds/lib/libnds9.a(nitrofs.c.o)
 .text.nitrofs_dir_state_init
                0x02012738       0xa8 /opt/wonderful/thirdparty/blocksds/core/libs/libnds/lib/libnds9.a(nitrofs.c.o)
 .text.nitrofs_dir_state_next
                0x020127e0       0xc0 /opt/wonderful/thirdparty/blocksds/core/libs/libnds/lib/libnds9.a(nitrofs.c.o)
 .text.nitrofs_dir_step
                0x020128a0       0xf4 /opt/wonderful/thirdparty/blocksds/core/libs/libnds/lib/libnds9.a(nitrofs.c.o)
 .text.nitrofs_use_for_path
                0x02012994       0x30 /opt/wonderful/thirdparty/blocksds/core/libs/libnds/lib/libnds9.a(nitrofs.c.o)
                0x02012994                nitrofs_use_for_path
 .text.nitrofs_path_resolve
                0x020129c4       0x68 /opt/wonderful/thirdparty/blocksds/core/libs/libnds/lib/libnds9.a(nitrofs.c.o)
                0x020129c4                nitrofs_path_resolve
 .text.nitrofs_read
                0x02012a2c       0x30 /opt/wonderful/thirdparty/blocksds/core/libs/libnds/lib/libnds9.a(nitrofs.c.o)
                0x02012a2c                nitrofs_read
 .text.nitrofs_lseek
                0x02012a5c       0x54 /opt/wonderful/thirdparty/blocksds/core/libs/libnds/lib/libnds9.a(nitrofs.c.o)
                0x02012a5c                nitrofs_lseek
 .text.nitrofs_close
                0x02012ab0       0x10 /opt/wonderful/thirdparty/blocksds/core/libs/libnds/lib/libnds9.a(nitrofs.c.o)
                0x02012ab0                nitrofs_close
 .text.nitroFSOpenById
                0x02012ac0       0x6c /opt/wonderful/thirdparty/blocksds/core/libs/libnds/lib/libnds9.a(nitrofs.c.o)
                0x02012ac0                nitroFSOpenById
 .text.nitrofs_open
                0x02012b2c       0x4c /opt/wonderful/thirdparty/blocksds/core/libs/libnds/lib/libnds9.a(nitrofs.c.o)
                0x02012b2c                nitrofs_open
 .text.dldi_arm7_write_sectors
                0x02012b78       0x64 /opt/wonderful/thirdparty/blocksds/core/libs/libnds/lib/libnds9.a(dldi.c.o)
                0x02012b78                dldi_arm7_write_sectors
 .text.dldi_arm7_is_inserted
                0x02012bdc       0x3c /opt/wonderful/thirdparty/blocksds/core/libs/libnds/lib/libnds9.a(dldi.c.o)
                0x02012bdc                dldi_arm7_is_inserted
 .text.dldi_arm7_clear_status
                0x02012c18       0x3c /opt/wonderful/thirdparty/blocksds/core/libs/libnds/lib/libnds9.a(dldi.c.o)
                0x02012c18                dldi_arm7_clear_status
 .text.dldi_arm7_shutdown
                0x02012c54       0x3c /opt/wonderful/thirdparty/blocksds/core/libs/libnds/lib/libnds9.a(dldi.c.o)
                0x02012c54                dldi_arm7_shutdown
 .text.dldi_arm7_startup
                0x02012c90       0x50 /opt/wonderful/thirdparty/blocksds/core/libs/libnds/lib/libnds9.a(dldi.c.o)
                0x02012c90                dldi_arm7_startup
 .text.dldi_arm7_read_sectors
                0x02012ce0       0x64 /opt/wonderful/thirdparty/blocksds/core/libs/libnds/lib/libnds9.a(dldi.c.o)
                0x02012ce0                dldi_arm7_read_sectors
 .text.dldiGetInternal
                0x02012d44       0xb0 /opt/wonderful/thirdparty/blocksds/core/libs/libnds/lib/libnds9.a(dldi.c.o)
                0x02012d44                dldiGetInternal
 .text.dldiGetStubEnd
                0x02012df4        0x8 /opt/wonderful/thirdparty/blocksds/core/libs/libnds/lib/libnds9.a(dldi.c.o)
                0x02012df4                dldiGetStubEnd
 .text.cardPolledTransfer
                0x02012dfc       0x54 /opt/wonderful/thirdparty/blocksds/core/libs/libnds/lib/libnds9.a(card.c.o)
                0x02012dfc                cardPolledTransfer
 .text.cardRead
                0x02012e50      0x120 /opt/wonderful/thirdparty/blocksds/core/libs/libnds/lib/libnds9.a(card.c.o)
                0x02012e50                cardRead
 .text.gettimeofday
                0x02012f70       0x1c /opt/wonderful/thirdparty/blocksds/core/libs/libnds/lib/libnds9.a(syscalls.c.o)
                0x02012f70                gettimeofday
 .text.memcmp   0x02012f8c       0x1c /opt/wonderful/toolchain/gcc-arm-none-eabi/lib/gcc/arm-none-eabi/13.2.0/../../../../arm-none-eabi/lib/thumb/arm946e-s/libc.a(libc_string_memcmp.c.o)
                0x02012f8c                memcmp
 .text.strstr   0x02012fa8       0x2c /opt/wonderful/toolchain/gcc-arm-none-eabi/lib/gcc/arm-none-eabi/13.2.0/../../../../arm-none-eabi/lib/thumb/arm946e-s/libc.a(libc_string_strstr.c.o)
                0x02012fa8                strstr
 *fill*         0x02012fd4        0x4 ff
 .text.strstr.__stub
                0x02012fd8       0x28 linker stubs
 *(EXCLUDE_FILE(*.twl*) .gnu.warning)
 *(EXCLUDE_FILE(*.twl*) .gnu.linkonce.t*)
 *(.glue_7)
 .glue_7        0x02013000        0x0 linker stubs
 *(.glue_7t)
 .glue_7t       0x02013000        0x0 linker stubs
                0x02013000                        . = ALIGN (0x4)

.vfp11_veneer   0x02013000        0x0
 .vfp11_veneer  0x02013000        0x0 linker stubs

.v4_bx          0x02013000        0x0
 .v4_bx         0x02013000        0x0 linker stubs

.iplt           0x02013000        0x0
 .iplt          0x02013000        0x0 /opt/wonderful/thirdparty/blocksds/core/sys/crts/ds_arm9_crt0.o

.fini           0x02013000        0x8
 *(.fini)
 .fini          0x02013000        0x8 /opt/wonderful/toolchain/gcc-arm-none-eabi/lib/gcc/arm-none-eabi/13.2.0/thumb/arm946e-s/crtn.o
                0x02013008                        __text_end = .

.rodata         0x02013008    0x2e3c4
 *(EXCLUDE_FILE(*.twl*) .rodata)
 .rodata        0x02013008       0x24 /opt/wonderful/thirdparty/blocksds/core/libs/libnds/lib/libnds9.a(videoGL.c.o)
 .rodata        0x0201302c       0x18 /opt/wonderful/toolchain/gcc-arm-none-eabi/lib/gcc/arm-none-eabi/13.2.0/../../../../arm-none-eabi/lib/thumb/arm946e-s/libc.a(libc_time_month_lengths.c.o)
                0x0201302c                __month_lengths
 .rodata        0x02013044       0xfc /opt/wonderful/toolchain/gcc-arm-none-eabi/lib/gcc/arm-none-eabi/13.2.0/../../../../arm-none-eabi/lib/thumb/arm946e-s/libc.a(libc_locale_timelocal.c.o)
                0x02013044                _C_time_locale
 .rodata        0x02013140        0xb /opt/wonderful/toolchain/gcc-arm-none-eabi/lib/gcc/arm-none-eabi/13.2.0/../../../../arm-none-eabi/lib/thumb/arm946e-s/libc.a(libc_tinystdio_vfscanf.c.o)
 *fill*         0x0201314b        0x5 ff
 .rodata        0x02013150      0x338 /opt/wonderful/toolchain/gcc-arm-none-eabi/lib/gcc/arm-none-eabi/13.2.0/../../../../arm-none-eabi/lib/thumb/arm946e-s/libc.a(libc_tinystdio_ryu_table.c.o)
 .rodata        0x02013488       0x14 /opt/wonderful/thirdparty/blocksds/core/libs/libnds/lib/libnds9.a(fatfs.c.o)
 *all.rodata*(*)
 *(EXCLUDE_FILE(*.twl*) .roda)
 *(EXCLUDE_FILE(*.twl*) .rodata.*)
 .rodata.data_string_bin
                0x0201349c       0x17 build/data/data_string.bin.o
                0x0201349c                data_string_bin
 *fill*         0x020134b3        0x1 ff
 .rodata.neonBitmap
                0x020134b4     0x8000 build/graphics/neon.png.o
                0x020134b4                neonBitmap
 .rodata.soundbank_bin
                0x0201b4b4    0x221d4 build/maxmod/soundbank.c.o
                0x0201b4b4                soundbank_bin
 .rodata.main.str1.4
                0x0203d688      0x128 build/source/main.c.o
                                 0xc2 (size before relaxing)
 .rodata.SimpleKbdUpper
                0x0203d7b0      0x140 /opt/wonderful/thirdparty/blocksds/core/libs/libnds/lib/libnds9.a(keyboard.c.o)
                0x0203d7b0                SimpleKbdUpper
 .rodata.SimpleKbdLower
                0x0203d8f0      0x140 /opt/wonderful/thirdparty/blocksds/core/libs/libnds/lib/libnds9.a(keyboard.c.o)
                0x0203d8f0                SimpleKbdLower
 .rodata.con_write.str1.4
                0x0203da30       0x30 /opt/wonderful/thirdparty/blocksds/core/libs/libnds/lib/libnds9.a(console.c.o)
 .rodata.con_write
                0x0203da30       0xd4 /opt/wonderful/thirdparty/blocksds/core/libs/libnds/lib/libnds9.a(console.c.o)
 .rodata.decompress
                0x0203db04       0x14 /opt/wonderful/thirdparty/blocksds/core/libs/libnds/lib/libnds9.a(decompress.c.o)
 .rodata.TAN_LUT
                0x0203db18      0x204 /opt/wonderful/thirdparty/blocksds/core/libs/libnds/lib/libnds9.a(trig.c.o)
                0x0203db18                TAN_LUT
 .rodata.SIN_LUT
                0x0203dd1c      0x102 /opt/wonderful/thirdparty/blocksds/core/libs/libnds/lib/libnds9.a(trig.c.o)
                0x0203dd1c                SIN_LUT
 *fill*         0x0203de1e        0x2 ff
 .rodata.stderr
                0x0203de20        0x4 /opt/wonderful/thirdparty/blocksds/core/libs/libnds/lib/libnds9.a(iob.c.o)
                0x0203de20                stderr
 .rodata.stdout
                0x0203de24        0x4 /opt/wonderful/thirdparty/blocksds/core/libs/libnds/lib/libnds9.a(iob.c.o)
                0x0203de24                stdout
 .rodata.stdin  0x0203de28        0x4 /opt/wonderful/thirdparty/blocksds/core/libs/libnds/lib/libnds9.a(iob.c.o)
                0x0203de28                stdin
 .rodata.default_font_bin
                0x0203de2c      0x2f8 /opt/wonderful/thirdparty/blocksds/core/libs/libnds/lib/libnds9.a(default_font.bin.o)
                0x0203de2c                default_font_bin
 .rodata.keyboardGfxPal
                0x0203e124       0x20 /opt/wonderful/thirdparty/blocksds/core/libs/libnds/lib/libnds9.a(keyboardGfx.png.o)
                0x0203e124                keyboardGfxPal
 .rodata.keyboardGfxMap
                0x0203e144      0xa00 /opt/wonderful/thirdparty/blocksds/core/libs/libnds/lib/libnds9.a(keyboardGfx.png.o)
                0x0203e144                keyboardGfxMap
 .rodata.keyboardGfxTiles
                0x0203eb44     0x2214 /opt/wonderful/thirdparty/blocksds/core/libs/libnds/lib/libnds9.a(keyboardGfx.png.o)
                0x0203eb44                keyboardGfxTiles
 .rodata.str1.1
                0x02040d58      0x203 /opt/wonderful/toolchain/gcc-arm-none-eabi/lib/gcc/arm-none-eabi/13.2.0/../../../../arm-none-eabi/lib/thumb/arm946e-s/libc.a(libc_time_strftime.c.o)
                                 0x7a (size before relaxing)
 .rodata.str1.1
                0x02040f5b       0x61 /opt/wonderful/toolchain/gcc-arm-none-eabi/lib/gcc/arm-none-eabi/13.2.0/../../../../arm-none-eabi/lib/thumb/arm946e-s/libc.a(libc_time_tzset.c.o)
 .rodata.str1.1
                0x02040f5b        0x4 /opt/wonderful/toolchain/gcc-arm-none-eabi/lib/gcc/arm-none-eabi/13.2.0/../../../../arm-none-eabi/lib/thumb/arm946e-s/libc.a(libc_time_tzvars.c.o)
 .rodata.str1.1
                0x02040f5b      0x12c /opt/wonderful/toolchain/gcc-arm-none-eabi/lib/gcc/arm-none-eabi/13.2.0/../../../../arm-none-eabi/lib/thumb/arm946e-s/libc.a(libc_locale_timelocal.c.o)
 .rodata.str1.1
                0x02040f5b        0xf /opt/wonderful/toolchain/gcc-arm-none-eabi/lib/gcc/arm-none-eabi/13.2.0/../../../../arm-none-eabi/lib/thumb/arm946e-s/libc.a(libc_tinystdio_vfprintf.c.o)
 .rodata.str1.1
                0x02040f5b       0x13 /opt/wonderful/toolchain/gcc-arm-none-eabi/lib/gcc/arm-none-eabi/13.2.0/../../../../arm-none-eabi/lib/thumb/arm946e-s/libc.a(libc_tinystdio_vfscanf.c.o)
 *fill*         0x02040f5b        0x1 ff
 .rodata.CSWTCH.24
                0x02040f5c        0xc /opt/wonderful/thirdparty/blocksds/core/libs/libnds/lib/libnds9.a(filesystem.c.o)
 .rodata.get_ldnumber.str1.4
                0x02040f68        0x7 /opt/wonderful/thirdparty/blocksds/core/libs/libnds/lib/libnds9.a(ff.c.o)
 .rodata.follow_path.str1.4
                0x02040f68       0x13 /opt/wonderful/thirdparty/blocksds/core/libs/libnds/lib/libnds9.a(ff.c.o)
 .rodata.check_fs.str1.4
                0x02040f68        0x9 /opt/wonderful/thirdparty/blocksds/core/libs/libnds/lib/libnds9.a(ff.c.o)
 .rodata.ExCvt  0x02040f68       0x80 /opt/wonderful/thirdparty/blocksds/core/libs/libnds/lib/libnds9.a(ff.c.o)
 .rodata.LfnOfs
                0x02040fe8        0xd /opt/wonderful/thirdparty/blocksds/core/libs/libnds/lib/libnds9.a(ff.c.o)
 *fill*         0x02040ff5        0x3 ff
 .rodata.ff_wtoupper
                0x02040ff8       0x24 /opt/wonderful/thirdparty/blocksds/core/libs/libnds/lib/libnds9.a(ffunicode.c.o)
 .rodata.cvt2.0
                0x0204101c       0xbc /opt/wonderful/thirdparty/blocksds/core/libs/libnds/lib/libnds9.a(ffunicode.c.o)
 .rodata.cvt1.1
                0x020410d8      0x1f2 /opt/wonderful/thirdparty/blocksds/core/libs/libnds/lib/libnds9.a(ffunicode.c.o)
 *fill*         0x020412ca        0x2 ff
 .rodata.uc437  0x020412cc      0x100 /opt/wonderful/thirdparty/blocksds/core/libs/libnds/lib/libnds9.a(ffunicode.c.o)
 .rodata.nitrofs_use_for_path.str1.4
                0x020413cc        0xc /opt/wonderful/thirdparty/blocksds/core/libs/libnds/lib/libnds9.a(nitrofs.c.o)
 *(EXCLUDE_FILE(*.twl*) .gnu.linkonce.r*)
                0x020413d8                        . = ALIGN (0x4)

.ARM.extab
 *(.ARM.extab* .gnu.linkonce.armextab.*)
                0x020413cc                        __exidx_start = .

ARM.exidx       0x020413cc        0x8
 *(.ARM.exidx* .gnu.linkonce.armexidx.*)
 .ARM.exidx     0x020413cc        0x8 /opt/wonderful/toolchain/gcc-arm-none-eabi/lib/gcc/arm-none-eabi/13.2.0/../../../../arm-none-eabi/lib/thumb/arm946e-s/libc.a(strcpy.S.o)
 .ARM.exidx     0x020413d4        0x0 /opt/wonderful/toolchain/gcc-arm-none-eabi/lib/gcc/arm-none-eabi/13.2.0/thumb/arm946e-s/libgcc.a(_udivmoddi4.o)
                                  0x8 (size before relaxing)
                0x020413d4                        __exidx_end = .
                0x020413d4                        . = ALIGN (0x4)
                0x020413d4                        PROVIDE (__preinit_array_start = .)

.preinit_array
 *(.preinit_array)
                0x020413d4                        PROVIDE (__preinit_array_end = .)
                0x020413d4                        PROVIDE (__init_array_start = .)

.init_array
 *(SORT_BY_NAME(.init_array.*))
 *(.init_array)
                0x020413d4                        PROVIDE (__init_array_end = .)
                0x020413d4                        PROVIDE (__fini_array_start = .)

.fini_array
 *(.fini_array)
 *(SORT_BY_NAME(.fini_array.*))
                0x020413d4                        PROVIDE (__fini_array_end = .)

.ctors          0x020413d4        0x0
 *crtbegin.o(.ctors)
 *(EXCLUDE_FILE(*crtend.o) .ctors)
 *(SORT_BY_NAME(.ctors.*))
 *(.ctors)
                0x020413d4                        . = ALIGN (0x4)

.dtors          0x020413d4        0x0
 *crtbegin.o(.dtors)
 *(EXCLUDE_FILE(*crtend.o) .dtors)
 *(SORT_BY_NAME(.dtors.*))
 *(.dtors)
                0x020413d4                        . = ALIGN (0x4)

.eh_frame       0x020413d4        0x4
 *(.eh_frame)
 .eh_frame      0x020413d4        0x4 /opt/wonderful/toolchain/gcc-arm-none-eabi/lib/gcc/arm-none-eabi/13.2.0/thumb/arm946e-s/crtend.o
                0x020413d8                        . = ALIGN (0x4)

.gcc_except_table
                0x020413d8        0x0
 *(.gcc_except_table)
                0x020413d8                        . = ALIGN (0x4)

.jcr
 *(.jcr)

.got            0x020413d8       0x10
 *(.got.plt)
 .got.plt       0x020413d8        0xc /opt/wonderful/thirdparty/blocksds/core/sys/crts/ds_arm9_crt0.o
                0x020413d8                _GLOBAL_OFFSET_TABLE_
 *(.got)
 .got           0x020413e4        0x4 /opt/wonderful/thirdparty/blocksds/core/sys/crts/ds_arm9_crt0.o
 *(.rel.got)
 .rel.got       0x020413e8        0x0 /opt/wonderful/thirdparty/blocksds/core/sys/crts/ds_arm9_crt0.o

.ewram          0x020413e8        0x0
                0x020413e8                        __ewram_start = ABSOLUTE (.)
 *(.ewram)
 *ewram.*(.text)
                0x020413e8                        . = ALIGN (0x4)

.data           0x020413e8      0x604
                0x020413e8                        __data_start = ABSOLUTE (.)
 *(EXCLUDE_FILE(*.twl*) .data)
 .data          0x020413e8       0x28 /opt/wonderful/thirdparty/blocksds/core/libs/libnds/lib/libnds9.a(mpu_setup.s.o)
 .data          0x02041410      0x410 /opt/wonderful/toolchain/gcc-arm-none-eabi/lib/gcc/arm-none-eabi/13.2.0/../../../../arm-none-eabi/lib/thumb/arm946e-s/libc.a(malloc-malloc.c.o)
                0x02041410                __malloc_sbrk_base
                0x02041414                __malloc_trim_threshold
                0x02041418                __malloc_av_
 .data          0x02041820        0x8 /opt/wonderful/toolchain/gcc-arm-none-eabi/lib/gcc/arm-none-eabi/13.2.0/../../../../arm-none-eabi/lib/thumb/arm946e-s/libc.a(libc_time_tzvars.c.o)
                0x02041820                _tzname
 .data          0x02041828        0x4 /opt/wonderful/toolchain/gcc-arm-none-eabi/lib/gcc/arm-none-eabi/13.2.0/../../../../arm-none-eabi/lib/thumb/arm946e-s/libc.a(libc_stdlib_environ.c.o)
                0x02041828                environ
 *(EXCLUDE_FILE(*.twl*) .data.*)
 .data.glGlob   0x0204182c        0x4 /opt/wonderful/thirdparty/blocksds/core/libs/libnds/lib/libnds9.a(videoGL.c.o)
 .data.count    0x02041830        0x1 /opt/wonderful/thirdparty/blocksds/core/libs/libnds/lib/libnds9.a(keys.c.o)
 .data.repeat   0x02041831        0x1 /opt/wonderful/thirdparty/blocksds/core/libs/libnds/lib/libnds9.a(keys.c.o)
 .data.delay    0x02041832        0x1 /opt/wonderful/thirdparty/blocksds/core/libs/libnds/lib/libnds9.a(keys.c.o)
 *fill*         0x02041833        0x1 ff
 .data.defaultKeyboard
                0x02041834       0x5c /opt/wonderful/thirdparty/blocksds/core/libs/libnds/lib/libnds9.a(keyboard.c.o)
                0x02041834                defaultKeyboard
 .data.lowerCase
                0x02041890       0x14 /opt/wonderful/thirdparty/blocksds/core/libs/libnds/lib/libnds9.a(keyboard.c.o)
                0x02041890                lowerCase
 .data.capsLock
                0x020418a4       0x14 /opt/wonderful/thirdparty/blocksds/core/libs/libnds/lib/libnds9.a(keyboard.c.o)
                0x020418a4                capsLock
 .data.lastKey  0x020418b8        0x2 /opt/wonderful/thirdparty/blocksds/core/libs/libnds/lib/libnds9.a(keyboard.c.o)
                0x020418b8                lastKey
 .data.firstConsoleInit.0
                0x020418ba        0x1 /opt/wonderful/thirdparty/blocksds/core/libs/libnds/lib/libnds9.a(console.c.o)
 *fill*         0x020418bb        0x1 ff
 .data.currentConsole
                0x020418bc        0x4 /opt/wonderful/thirdparty/blocksds/core/libs/libnds/lib/libnds9.a(console.c.o)
                0x020418bc                currentConsole
 .data.defaultConsole
                0x020418c0       0x5c /opt/wonderful/thirdparty/blocksds/core/libs/libnds/lib/libnds9.a(console.c.o)
                0x020418c0                defaultConsole
 .data.decomStream
                0x0204191c        0xc /opt/wonderful/thirdparty/blocksds/core/libs/libnds/lib/libnds9.a(decompress.c.o)
                0x0204191c                decomStream
 .data.__stderr
                0x02041928       0x10 /opt/wonderful/thirdparty/blocksds/core/libs/libnds/lib/libnds9.a(iob.c.o)
 .data.__stdout
                0x02041938       0x10 /opt/wonderful/thirdparty/blocksds/core/libs/libnds/lib/libnds9.a(iob.c.o)
 .data.__stdin  0x02041948       0x10 /opt/wonderful/thirdparty/blocksds/core/libs/libnds/lib/libnds9.a(iob.c.o)
 .data.fifo_freewords
                0x02041958        0x4 /opt/wonderful/thirdparty/blocksds/core/libs/libnds/lib/libnds9.a(fifosystem.c.o)
 .data.fifo_receive_queue
                0x0204195c        0x4 /opt/wonderful/thirdparty/blocksds/core/libs/libnds/lib/libnds9.a(fifosystem.c.o)
 .data.fifo_send_queue
                0x02041960        0x4 /opt/wonderful/thirdparty/blocksds/core/libs/libnds/lib/libnds9.a(fifosystem.c.o)
 .data.fifo_buffer_free
                0x02041964        0x4 /opt/wonderful/thirdparty/blocksds/core/libs/libnds/lib/libnds9.a(fifosystem.c.o)
 .data.bgTransform
                0x02041968       0x20 /opt/wonderful/thirdparty/blocksds/core/libs/libnds/lib/libnds9.a(background.c.o)
                0x02041968                bgTransform
 .data.bgScrollTable
                0x02041988       0x20 /opt/wonderful/thirdparty/blocksds/core/libs/libnds/lib/libnds9.a(background.c.o)
                0x02041988                bgScrollTable
 .data.bgControl
                0x020419a8       0x20 /opt/wonderful/thirdparty/blocksds/core/libs/libnds/lib/libnds9.a(background.c.o)
                0x020419a8                bgControl
 .data.dldi_mode
                0x020419c8        0x1 /opt/wonderful/thirdparty/blocksds/core/libs/libnds/lib/libnds9.a(dldi.c.o)
 *fill*         0x020419c9        0x3 ff
 .data.__io_dldi_arm7_interface
                0x020419cc       0x20 /opt/wonderful/thirdparty/blocksds/core/libs/libnds/lib/libnds9.a(dldi.c.o)
                0x020419cc                __io_dldi_arm7_interface
 *(EXCLUDE_FILE(*.twl*) .gnu.linkonce.d*)
                0x020419ec                        . = ALIGN (0x4)

.igot.plt       0x020419ec        0x0
 .igot.plt      0x020419ec        0x0 /opt/wonderful/thirdparty/blocksds/core/sys/crts/ds_arm9_crt0.o

.tdata          0x020419ec        0x0
                0x020419ec                        __tdata_start = ABSOLUTE (.)
 *(.tdata .tdata.* .gnu.linkonce.td.*)
                0x020419ec                        . = ALIGN (0x4)
                0x020419ec                        __tdata_end = ABSOLUTE (.)
                0x020419ec                        __data_end = .
                0x00000000                        __tdata_size = (__tdata_end - __tdata_start)

.tbss           0x020419ec       0x28
                0x020419ec                        __tbss_start = ABSOLUTE (.)
 *(.tbss .tbss.* .gnu.linkonce.tb.*)
 .tbss          0x020419ec        0x4 /opt/wonderful/toolchain/gcc-arm-none-eabi/lib/gcc/arm-none-eabi/13.2.0/../../../../arm-none-eabi/lib/thumb/arm946e-s/libc.a(libc_errno_errno.c.o)
                0x020419ec                errno
 .tbss          0x020419f0       0x24 /opt/wonderful/toolchain/gcc-arm-none-eabi/lib/gcc/arm-none-eabi/13.2.0/../../../../arm-none-eabi/lib/thumb/arm946e-s/libc.a(libc_time_lcltime_buf.c.o)
                0x020419f0                _localtime_buf
 *(.tcommon)
                0x02041a14                        . = ALIGN (0x4)
                0x02041a14                        __tbss_end = ABSOLUTE (.)
                0x00000028                        __tbss_size = (__tbss_end - __tbss_start)
                0x020419ec                        __bss_vma = .

.dtcm           0x02ff0000        0x0 load address 0x020419ec
                0x020419ec                        __dtcm_lma = LOADADDR (.dtcm)
                0x02ff0000                        __dtcm_start = ABSOLUTE (.)
 *(.dtcm)
 *(.dtcm.*)
                0x02ff0000                        . = ALIGN (0x4)
                0x02ff0000                        __dtcm_end = ABSOLUTE (.)

.itcm           0x01000100      0x2f8 load address 0x020419ec
                0x020419ec                        __itcm_lma = LOADADDR (.itcm)
                0x01000100                        __itcm_start = ABSOLUTE (.)
 *(.itcm)
 *(.itcm.*)
 .itcm.text     0x01000100       0x8c /opt/wonderful/thirdparty/blocksds/core/libs/libnds/lib/libnds9.a(cache.c.o)
                0x01000100                CP15_CleanAndFlushDCacheRange
                0x01000134                CP15_FlushDCacheRange
                0x01000160                CP15_FlushICacheRange
 .itcm.data     0x0100018c      0x100 /opt/wonderful/thirdparty/blocksds/core/libs/libnds/lib/libnds9.a(interrupts.c.o)
                0x0100018c                irqTable
 .itcm.text     0x0100028c       0x3c /opt/wonderful/thirdparty/blocksds/core/libs/libnds/lib/libnds9.a(threads.c.o)
                0x0100028c                cothread_scheduler_refresh_irq_flags
 .itcm.setCpuClock
                0x010002c8       0x50 /opt/wonderful/thirdparty/blocksds/core/libs/libnds/lib/libnds9.a(cpu_clock.s.o)
                0x010002c8                setCpuClock
 .itcm.IntrMain
                0x01000318       0xe0 /opt/wonderful/thirdparty/blocksds/core/libs/libnds/lib/libnds9.a(interruptDispatcher.s.o)
                0x01000318                IntrMain
 *.itcm*(.text .stub .text.*)
                0x010003f8                        . = ALIGN (0x4)
                0x010003f8                        __itcm_end = ABSOLUTE (.)

.vectors        0x01000000        0x0 load address 0x02041ce4
                0x02041ce4                        __vectors_lma = LOADADDR (.vectors)
                0x01000000                        __vectors_start = ABSOLUTE (.)
 *(.vectors .vectors.*)
                0x01000000                        . = ALIGN (0x4)
                0x01000000                        __vectors_end = ABSOLUTE (.)

.sbss           0x02ff0000        0x4
                0x02ff0000                        __sbss_start = ABSOLUTE (.)
                0x02ff0000                        __sbss_start__ = ABSOLUTE (.)
 *(.sbss)
 .sbss          0x02ff0000        0x4 /opt/wonderful/thirdparty/blocksds/core/libs/libnds/lib/libnds9.a(threads.c.o)
                0x02ff0000                cothread_irq_flags
                0x02ff0004                        . = ALIGN (0x4)
                0x02ff0004                        __sbss_end = ABSOLUTE (.)

.bss            0x020419ec      0xf08
                0x020419ec                        __bss_start = ABSOLUTE (.)
                0x020419ec                        __bss_start__ = ABSOLUTE (.)
 *(EXCLUDE_FILE(*.twl*) .dynbss)
 *(EXCLUDE_FILE(*.twl*) .gnu.linkonce.b*)
 *(EXCLUDE_FILE(*.twl*) .bss*)
 .bss           0x020419ec       0x19 /opt/wonderful/thirdparty/blocksds/core/libs/maxmod/lib/libmm9.a(mm_main9.s.o)
                0x020419ec                mmcbMemory
                0x020419f0                mmModuleCount
                0x020419f4                mmSampleCount
                0x020419f8                mmModuleBank
                0x020419f8                mmMemoryBank
                0x020419fc                mmSampleBank
                0x02041a00                mmCallback
                0x02041a04                mmActiveStatus
 *fill*         0x02041a05        0x3 
 .bss           0x02041a08       0x18 /opt/wonderful/thirdparty/blocksds/core/libs/maxmod/lib/libmm9.a(mm_comms.s.o)
 .bss           0x02041a20       0x44 /opt/wonderful/thirdparty/blocksds/core/libs/maxmod/lib/libmm9.a(mm_soundbank.s.o)
 .bss.glGlobalData
                0x02041a64       0x54 /opt/wonderful/thirdparty/blocksds/core/libs/libnds/lib/libnds9.a(videoGL.c.o)
                0x02041a64                glGlobalData
 .bss.SDcallback
                0x02041ab8        0x4 /opt/wonderful/thirdparty/blocksds/core/libs/libnds/lib/libnds9.a(system.c.o)
 .bss.keysrepeat
                0x02041abc        0x2 /opt/wonderful/thirdparty/blocksds/core/libs/libnds/lib/libnds9.a(keys.c.o)
 .bss.keysold   0x02041abe        0x2 /opt/wonderful/thirdparty/blocksds/core/libs/libnds/lib/libnds9.a(keys.c.o)
 .bss.keys      0x02041ac0        0x2 /opt/wonderful/thirdparty/blocksds/core/libs/libnds/lib/libnds9.a(keys.c.o)
 *fill*         0x02041ac2        0x2 
 .bss.punixTime
                0x02041ac4        0x4 /opt/wonderful/thirdparty/blocksds/core/libs/libnds/lib/libnds9.a(initSystem.c.o)
                0x02041ac4                punixTime
 .bss.__dsimode
                0x02041ac8        0x1 /opt/wonderful/thirdparty/blocksds/core/libs/libnds/lib/libnds9.a(initSystem.c.o)
                0x02041ac8                __dsimode
 *fill*         0x02041ac9        0x3 
 .bss.pressed.0
                0x02041acc        0x4 /opt/wonderful/thirdparty/blocksds/core/libs/libnds/lib/libnds9.a(keyboard.c.o)
 .bss.oldKeys.1
                0x02041ad0        0x4 /opt/wonderful/thirdparty/blocksds/core/libs/libnds/lib/libnds9.a(keyboard.c.o)
 .bss.curKeyboard
                0x02041ad4        0x4 /opt/wonderful/thirdparty/blocksds/core/libs/libnds/lib/libnds9.a(keyboard.c.o)
                0x02041ad4                curKeyboard
 .bss.libnds_stderr_write
                0x02041ad8        0x4 /opt/wonderful/thirdparty/blocksds/core/libs/libnds/lib/libnds9.a(console.c.o)
                0x02041ad8                libnds_stderr_write
 .bss.libnds_stdout_write
                0x02041adc        0x4 /opt/wonderful/thirdparty/blocksds/core/libs/libnds/lib/libnds9.a(console.c.o)
                0x02041adc                libnds_stdout_write
 .bss.currentCopy
                0x02041ae0       0x5c /opt/wonderful/thirdparty/blocksds/core/libs/libnds/lib/libnds9.a(console.c.o)
                0x02041ae0                currentCopy
 .bss.shown.0   0x02041b3c        0x4 /opt/wonderful/thirdparty/blocksds/core/libs/libnds/lib/libnds9.a(iob.c.o)
 .bss.stderr_buf_len
                0x02041b40        0x2 /opt/wonderful/thirdparty/blocksds/core/libs/libnds/lib/libnds9.a(iob.c.o)
 .bss.stdout_buf_len
                0x02041b42        0x2 /opt/wonderful/thirdparty/blocksds/core/libs/libnds/lib/libnds9.a(iob.c.o)
 .bss.stderr_buf
                0x02041b44       0x11 /opt/wonderful/thirdparty/blocksds/core/libs/libnds/lib/libnds9.a(iob.c.o)
 *fill*         0x02041b55        0x3 
 .bss.stdout_buf
                0x02041b58       0x11 /opt/wonderful/thirdparty/blocksds/core/libs/libnds/lib/libnds9.a(iob.c.o)
 .bss.stdin_buf_empty
                0x02041b69        0x1 /opt/wonderful/thirdparty/blocksds/core/libs/libnds/lib/libnds9.a(iob.c.o)
                0x02041b69                stdin_buf_empty
 .bss.stdin_buf_right
                0x02041b6a        0x2 /opt/wonderful/thirdparty/blocksds/core/libs/libnds/lib/libnds9.a(iob.c.o)
 .bss.stdin_buf_left
                0x02041b6c        0x2 /opt/wonderful/thirdparty/blocksds/core/libs/libnds/lib/libnds9.a(iob.c.o)
 *fill*         0x02041b6e        0x2 
 .bss.stdin_buf
                0x02041b70       0x80 /opt/wonderful/thirdparty/blocksds/core/libs/libnds/lib/libnds9.a(iob.c.o)
 .bss.fifo_mutex
                0x02041bf0       0x40 /opt/wonderful/thirdparty/blocksds/core/libs/libnds/lib/libnds9.a(fifosystem.c.o)
 .bss.processing
                0x02041c30        0x4 /opt/wonderful/thirdparty/blocksds/core/libs/libnds/lib/libnds9.a(fifosystem.c.o)
 .bss.fifo_datamsg_data
                0x02041c34       0x40 /opt/wonderful/thirdparty/blocksds/core/libs/libnds/lib/libnds9.a(fifosystem.c.o)
 .bss.fifo_value32_data
                0x02041c74       0x40 /opt/wonderful/thirdparty/blocksds/core/libs/libnds/lib/libnds9.a(fifosystem.c.o)
 .bss.fifo_address_data
                0x02041cb4       0x40 /opt/wonderful/thirdparty/blocksds/core/libs/libnds/lib/libnds9.a(fifosystem.c.o)
 .bss.fifo_datamsg_func
                0x02041cf4       0x40 /opt/wonderful/thirdparty/blocksds/core/libs/libnds/lib/libnds9.a(fifosystem.c.o)
 .bss.fifo_value32_func
                0x02041d34       0x40 /opt/wonderful/thirdparty/blocksds/core/libs/libnds/lib/libnds9.a(fifosystem.c.o)
 .bss.fifo_address_func
                0x02041d74       0x40 /opt/wonderful/thirdparty/blocksds/core/libs/libnds/lib/libnds9.a(fifosystem.c.o)
 .bss.fifo_value32_queue
                0x02041db4       0x40 /opt/wonderful/thirdparty/blocksds/core/libs/libnds/lib/libnds9.a(fifosystem.c.o)
 .bss.fifo_data_queue
                0x02041df4       0x40 /opt/wonderful/thirdparty/blocksds/core/libs/libnds/lib/libnds9.a(fifosystem.c.o)
 .bss.fifo_address_queue
                0x02041e34       0x40 /opt/wonderful/thirdparty/blocksds/core/libs/libnds/lib/libnds9.a(fifosystem.c.o)
 .bss.fifo_buffer
                0x02041e74      0x800 /opt/wonderful/thirdparty/blocksds/core/libs/libnds/lib/libnds9.a(fifosystem.c.o)
 .bss.heap_start.0
                0x02042674        0x4 /opt/wonderful/thirdparty/blocksds/core/libs/libnds/lib/libnds9.a(sbrk.c.o)
 .bss.fake_heap_start